217.6.4.60 - - [04/May/2020:06:47:58 -0700] "GET /ongoing/ongoing.js HTTP/1.1" 200 2477 "https://www.tbray.org/ongoing/When/202x/2020/04/29/Leaving-Amazon" "Mozilla/5.0 (Windows NT 10.0; Win64; x64; rv:75.0) Gecko/20100101 Firefox/75.0"
217.6.4.60 - - [04/May/2020:06:47:58 -0700] "GET /ongoing/Feed.png HTTP/1.1" 200 3848 "https://www.tbray.org/ongoing/When/202x/2020/04/29/Leaving-Amazon" "Mozilla/5.0 (Windows NT 10.0; Win64; x64; rv:75.0) Gecko/20100101 Firefox/75.0"
217.6.4.60 - - [04/May/2020:06:47:58 -0700] "GET /favicon.ico HTTP/1.1" 200 6958 "-" "Mozilla/5.0 (Windows NT 10.0; Win64; x64; rv:75.0) Gecko/20100101 Firefox/75.0"
217.6.4.60 - - [04/May/2020:06:47:58 -0700] "GET /ongoing/darkwater60.jpg HTTP/1.1" 200 72594 "https://www.tbray.org/ongoing/serif.css" "Mozilla/5.0 (Windows NT 10.0; Win64; x64; rv:75.0) Gecko/20100101 Firefox/75.0"
209.209.232.10 - - [04/May/2020:06:47:58 -0700] "GET /ongoing/When/202x/2020/04/29/Leaving-Amazon HTTP/1.1" 200 10465 "https://t.co/DGidI2ncmb?amp=1" "Mozilla/5.0 (Macintosh; Intel Mac OS X 10_15) AppleWebKit/605.1.15 (KHTML, like Gecko) Version/13.0.5 Safari/605.1.15"
217.6.4.60 - - [04/May/2020:06:47:58 -0700] "GET /ongoing/picInfo.xml?o=https://www.tbray.org/ongoing/When/202x/2020/04/29/Leaving-Amazon HTTP/1.1" 200 621 "https://www.tbray.org/ongoing/When/202x/2020/04/29/Leaving-Amazon" "Mozilla/5.0 (Windows NT 10.0; Win64; x64; rv:75.0) Gecko/20100101 Firefox/75.0"
217.6.4.60 - - [04/May/2020:06:47:58 -0700] "GET /ongoing/in-feed.xml HTTP/1.1" 200 781 "https://www.tbray.org/ongoing/When/202x/2020/04/29/Leaving-Amazon" "Mozilla/5.0 (Windows NT 10.0; Win64; x64; rv:75.0) Gecko/20100101 Firefox/75.0"
209.209.232.10 - - [04/May/2020:06:48:00 -0700] "GET /ongoing/serif.css HTTP/1.1" 200 2177 "https://www.tbray.org/ongoing/When/202x/2020/04/29/Leaving-Amazon" "Mozilla/5.0 (Macintosh; Intel Mac OS X 10_15) AppleWebKit/605.1.15 (KHTML, like Gecko) Version/13.0.5 Safari/605.1.15"
156.34.249.77 - - [04/May/2020:06:48:00 -0700] "GET /ongoing/When/202x/2020/04/29/Leaving-Amazon HTTP/1.1" 200 10465 "-" "Mozilla/5.0 (iPhone; CPU iPhone OS 13_3 like Mac OS X) AppleWebKit/605.1.15 (KHTML, like Gecko) Version/13.0.4 Mobile/15E148 Safari/604.1"
209.209.232.10 - - [04/May/2020:06:48:00 -0700] "GET /ongoing/Feed.png HTTP/1.1" 200 4005 "https://www.tbray.org/ongoing/When/202x/2020/04/29/Leaving-Amazon" "Mozilla/5.0 (Macintosh; Intel Mac OS X 10_15) AppleWebKit/605.1.15 (KHTML, like Gecko) Version/13.0.5 Safari/605.1.15"
156.34.249.77 - - [04/May/2020:06:48:00 -0700] "GET /ongoing/serif.css HTTP/1.1" 200 2177 "https://www.tbray.org/ongoing/When/202x/2020/04/29/Leaving-Amazon" "Mozilla/5.0 (iPhone; CPU iPhone OS 13_3 like Mac OS X) AppleWebKit/605.1.15 (KHTML, like Gecko) Version/13.0.4 Mobile/15E148 Safari/604.1"
156.34.249.77 - - [04/May/2020:06:48:00 -0700] "GET /ongoing/Feed.png HTTP/1.1" 200 4005 "https://www.tbray.org/ongoing/When/202x/2020/04/29/Leaving-Amazon" "Mozilla/5.0 (iPhone; CPU iPhone OS 13_3 like Mac OS X) AppleWebKit/605.1.15 (KHTML, like Gecko) Version/13.0.4 Mobile/15E148 Safari/604.1"
209.209.232.10 - - [04/May/2020:06:48:00 -0700] "GET /ongoing/ongoing.js HTTP/1.1" 200 6216 "https://www.tbray.org/ongoing/When/202x/2020/04/29/Leaving-Amazon" "Mozilla/5.0 (Macintosh; Intel Mac OS X 10_15) AppleWebKit/605.1.15 (KHTML, like Gecko) Version/13.0.5 Safari/605.1.15"
156.34.249.77 - - [04/May/2020:06:48:00 -0700] "GET /ongoing/ongoing.js HTTP/1.1" 200 6216 "https://www.tbray.org/ongoing/When/202x/2020/04/29/Leaving-Amazon" "Mozilla/5.0 (iPhone; CPU iPhone OS 13_3 like Mac OS X) AppleWebKit/605.1.15 (KHTML, like Gecko) Version/13.0.4 Mobile/15E148 Safari/604.1"
156.34.249.77 - - [04/May/2020:06:48:01 -0700] "GET /ongoing/darkwater60.jpg HTTP/1.1" 200 72594 "https://www.tbray.org/ongoing/When/202x/2020/04/29/Leaving-Amazon" "Mozilla/5.0 (iPhone; CPU iPhone OS 13_3 like Mac OS X) AppleWebKit/605.1.15 (KHTML, like Gecko) Version/13.0.4 Mobile/15E148 Safari/604.1"
156.34.249.77 - - [04/May/2020:06:48:01 -0700] "GET /ongoing/in-feed.xml HTTP/1.1" 200 781 "https://www.tbray.org/ongoing/When/202x/2020/04/29/Leaving-Amazon" "Mozilla/5.0 (iPhone; CPU iPhone OS 13_3 like Mac OS X) AppleWebKit/605.1.15 (KHTML, like Gecko) Version/13.0.4 Mobile/15E148 Safari/604.1"
156.34.249.77 - - [04/May/2020:06:48:01 -0700] "GET /ongoing/picInfo.xml?o=https://www.tbray.org/ongoing/When/202x/2020/04/29/Leaving-Amazon HTTP/1.1" 200 621 "https://www.tbray.org/ongoing/When/202x/2020/04/29/Leaving-Amazon" "Mozilla/5.0 (iPhone; CPU iPhone OS 13_3 like Mac OS X) AppleWebKit/605.1.15 (KHTML, like Gecko) Version/13.0.4 Mobile/15E148 Safari/604.1"
67.34.209.50 - - [04/May/2020:06:48:02 -0700] "GET /ongoing/When/202x/2020/04/29/Leaving-Amazon HTTP/1.1" 200 10660 "https://news.ycombinator.com/" "Mozilla/5.0 (Linux; Android 9; Moto Z3 Play) AppleWebKit/537.36 (KHTML, like Gecko) Chrome/81.0.4044.117 Mobile Safari/537.36"
67.34.209.50 - - [04/May/2020:06:48:03 -0700] "GET /ongoing/serif.css HTTP/1.1" 200 2177 "https://www.tbray.org/ongoing/When/202x/2020/04/29/Leaving-Amazon" "Mozilla/5.0 (Linux; Android 9; Moto Z3 Play) AppleWebKit/537.36 (KHTML, like Gecko) Chrome/81.0.4044.117 Mobile Safari/537.36"
67.34.209.50 - - [04/May/2020:06:48:03 -0700] "GET /ongoing/ongoing.js HTTP/1.1" 200 6411 "https://www.tbray.org/ongoing/When/202x/2020/04/29/Leaving-Amazon" "Mozilla/5.0 (Linux; Android 9; Moto Z3 Play) AppleWebKit/537.36 (KHTML, like Gecko) Chrome/81.0.4044.117 Mobile Safari/537.36"
67.34.209.50 - - [04/May/2020:06:48:03 -0700] "GET /ongoing/Feed.png HTTP/1.1" 200 3848 "https://www.tbray.org/ongoing/When/202x/2020/04/29/Leaving-Amazon" "Mozilla/5.0 (Linux; Android 9; Moto Z3 Play) AppleWebKit/537.36 (KHTML, like Gecko) Chrome/81.0.4044.117 Mobile Safari/537.36"
46.175.174.130 - - [04/May/2020:06:48:04 -0700] "GET /ongoing/in-feed.xml HTTP/1.1" 200 938 "https://www.tbray.org/ongoing/When/202x/2020/04/29/Leaving-Amazon" "Mozilla/5.0 (X11; Ubuntu; Linux x86_64; rv:75.0) Gecko/20100101 Firefox/75.0"
46.175.174.130 - - [04/May/2020:06:48:04 -0700] "GET /ongoing/picInfo.xml?o=https://www.tbray.org/ongoing/When/202x/2020/04/29/Leaving-Amazon HTTP/1.1" 200 778 "https://www.tbray.org/ongoing/When/202x/2020/04/29/Leaving-Amazon" "Mozilla/5.0 (X11; Ubuntu; Linux x86_64; rv:75.0) Gecko/20100101 Firefox/75.0"
67.34.209.50 - - [04/May/2020:06:48:04 -0700] "GET /ongoing/darkwater60.jpg HTTP/1.1" 200 72594 "https://www.tbray.org/ongoing/serif.css" "Mozilla/5.0 (Linux; Android 9; Moto Z3 Play) AppleWebKit/537.36 (KHTML, like Gecko) Chrome/81.0.4044.117 Mobile Safari/537.36"
67.34.209.50 - - [04/May/2020:06:48:05 -0700] "GET /ongoing/picInfo.xml?o=https://www.tbray.org/ongoing/When/202x/2020/04/29/Leaving-Amazon HTTP/1.1" 200 621 "https://www.tbray.org/ongoing/When/202x/2020/04/29/Leaving-Amazon" "Mozilla/5.0 (Linux; Android 9; Moto Z3 Play) AppleWebKit/537.36 (KHTML, like Gecko) Chrome/81.0.4044.117 Mobile Safari/537.36"
67.34.209.50 - - [04/May/2020:06:48:05 -0700] "GET /ongoing/in-feed.xml HTTP/1.1" 200 781 "https://www.tbray.org/ongoing/When/202x/2020/04/29/Leaving-Amazon" "Mozilla/5.0 (Linux; Android 9; Moto Z3 Play) AppleWebKit/537.36 (KHTML, like Gecko) Chrome/81.0.4044.117 Mobile Safari/537.36"
209.209.232.10 - - [04/May/2020:06:48:01 -0700] "GET /ongoing/darkwater60.jpg HTTP/1.1" 200 72594 "https://www.tbray.org/ongoing/When/202x/2020/04/29/Leaving-Amazon" "Mozilla/5.0 (Macintosh; Intel Mac OS X 10_15) AppleWebKit/605.1.15 (KHTML, like Gecko) Version/13.0.5 Safari/605.1.15"
67.34.209.50 - - [04/May/2020:06:48:05 -0700] "GET /favicon.ico HTTP/1.1" 200 6958 "https://www.tbray.org/ongoing/When/202x/2020/04/29/Leaving-Amazon" "Mozilla/5.0 (Linux; Android 9; Moto Z3 Play) AppleWebKit/537.36 (KHTML, like Gecko) Chrome/81.0.4044.117 Mobile Safari/537.36"
209.209.232.10 - - [04/May/2020:06:48:08 -0700] "GET /ongoing/picInfo.xml?o=https://www.tbray.org/ongoing/When/202x/2020/04/29/Leaving-Amazon HTTP/1.1" 200 621 "https://www.tbray.org/ongoing/When/202x/2020/04/29/Leaving-Amazon" "Mozilla/5.0 (Macintosh; Intel Mac OS X 10_15) AppleWebKit/605.1.15 (KHTML, like Gecko) Version/13.0.5 Safari/605.1.15"
209.209.232.10 - - [04/May/2020:06:48:08 -0700] "GET /ongoing/in-feed.xml HTTP/1.1" 200 938 "https://www.tbray.org/ongoing/When/202x/2020/04/29/Leaving-Amazon" "Mozilla/5.0 (Macintosh; Intel Mac OS X 10_15) AppleWebKit/605.1.15 (KHTML, like Gecko) Version/13.0.5 Safari/605.1.15"
167.179.165.53 - - [04/May/2020:06:48:10 -0700] "GET /ongoing/When/202x/2020/04/29/Leaving-Amazon HTTP/1.1" 200 10660 "https://news.ycombinator.com/" "Mozilla/5.0 (X11; Ubuntu; Linux x86_64; rv:75.0) Gecko/20100101 Firefox/75.0"
167.179.165.53 - - [04/May/2020:06:48:11 -0700] "GET /ongoing/serif.css HTTP/1.1" 200 2177 "https://www.tbray.org/ongoing/When/202x/2020/04/29/Leaving-Amazon" "Mozilla/5.0 (X11; Ubuntu; Linux x86_64; rv:75.0) Gecko/20100101 Firefox/75.0"
93.92.200.200 - - [04/May/2020:06:48:11 -0700] "GET /ongoing/When/202x/2020/04/29/Leaving-Amazon HTTP/1.1" 200 10660 "https://t.co/jjtHltMPUa?amp=1" "Mozilla/5.0 (Linux; Android 8.1.0; Redmi 3S) AppleWebKit/537.36 (KHTML, like Gecko) Chrome/81.0.4044.117 Mobile Safari/537.36"
167.179.165.53 - - [04/May/2020:06:48:11 -0700] "GET /ongoing/ongoing.js HTTP/1.1" 200 2320 "https://www.tbray.org/ongoing/When/202x/2020/04/29/Leaving-Amazon" "Mozilla/5.0 (X11; Ubuntu; Linux x86_64; rv:75.0) Gecko/20100101 Firefox/75.0"
167.179.165.53 - - [04/May/2020:06:48:11 -0700] "GET /ongoing/Feed.png HTTP/1.1" 200 3848 "https://www.tbray.org/ongoing/When/202x/2020/04/29/Leaving-Amazon" "Mozilla/5.0 (X11; Ubuntu; Linux x86_64; rv:75.0) Gecko/20100101 Firefox/75.0"
93.92.200.200 - - [04/May/2020:06:48:11 -0700] "GET /ongoing/serif.css HTTP/1.1" 200 2177 "https://www.tbray.org/ongoing/When/202x/2020/04/29/Leaving-Amazon" "Mozilla/5.0 (Linux; Android 8.1.0; Redmi 3S) AppleWebKit/537.36 (KHTML, like Gecko) Chrome/81.0.4044.117 Mobile Safari/537.36"
93.92.200.200 - - [04/May/2020:06:48:11 -0700] "GET /ongoing/ongoing.js HTTP/1.1" 200 6411 "https://www.tbray.org/ongoing/When/202x/2020/04/29/Leaving-Amazon" "Mozilla/5.0 (Linux; Android 8.1.0; Redmi 3S) AppleWebKit/537.36 (KHTML, like Gecko) Chrome/81.0.4044.117 Mobile Safari/537.36"
212.51.142.75 - - [04/May/2020:06:48:11 -0700] "GET /ongoing/When/202x/2020/04/29/Leaving-Amazon HTTP/1.1" 200 10660 "https://news.ycombinator.com/" "Mozilla/5.0 (Macintosh; Intel Mac OS X 10.15; rv:76.0) Gecko/20100101 Firefox/76.0"
167.179.165.53 - - [04/May/2020:06:48:11 -0700] "GET /favicon.ico HTTP/1.1" 200 6958 "-" "Mozilla/5.0 (X11; Ubuntu; Linux x86_64; rv:75.0) Gecko/20100101 Firefox/75.0"
167.179.165.53 - - [04/May/2020:06:48:11 -0700] "GET /ongoing/darkwater60.jpg HTTP/1.1" 200 72751 "https://www.tbray.org/ongoing/serif.css" "Mozilla/5.0 (X11; Ubuntu; Linux x86_64; rv:75.0) Gecko/20100101 Firefox/75.0"
93.92.200.200 - - [04/May/2020:06:48:11 -0700] "GET /ongoing/Feed.png HTTP/1.1" 200 3848 "https://www.tbray.org/ongoing/When/202x/2020/04/29/Leaving-Amazon" "Mozilla/5.0 (Linux; Android 8.1.0; Redmi 3S) AppleWebKit/537.36 (KHTML, like Gecko) Chrome/81.0.4044.117 Mobile Safari/537.36"
212.51.142.75 - - [04/May/2020:06:48:12 -0700] "GET /ongoing/serif.css HTTP/1.1" 200 2177 "https://www.tbray.org/ongoing/When/202x/2020/04/29/Leaving-Amazon" "Mozilla/5.0 (Macintosh; Intel Mac OS X 10.15; rv:76.0) Gecko/20100101 Firefox/76.0"
93.92.200.200 - - [04/May/2020:06:48:12 -0700] "GET /ongoing/darkwater60.jpg HTTP/1.1" 200 72594 "https://www.tbray.org/ongoing/serif.css" "Mozilla/5.0 (Linux; Android 8.1.0; Redmi 3S) AppleWebKit/537.36 (KHTML, like Gecko) Chrome/81.0.4044.117 Mobile Safari/537.36"
212.51.142.75 - - [04/May/2020:06:48:12 -0700] "GET /ongoing/ongoing.js HTTP/1.1" 200 2477 "https://www.tbray.org/ongoing/When/202x/2020/04/29/Leaving-Amazon" "Mozilla/5.0 (Macintosh; Intel Mac OS X 10.15; rv:76.0) Gecko/20100101 Firefox/76.0"
167.179.165.53 - - [04/May/2020:06:48:12 -0700] "GET /ongoing/picInfo.xml?o=https://www.tbray.org/ongoing/When/202x/2020/04/29/Leaving-Amazon HTTP/1.1" 200 621 "https://www.tbray.org/ongoing/When/202x/2020/04/29/Leaving-Amazon" "Mozilla/5.0 (X11; Ubuntu; Linux x86_64; rv:75.0) Gecko/20100101 Firefox/75.0"
167.179.165.53 - - [04/May/2020:06:48:12 -0700] "GET /ongoing/in-feed.xml HTTP/1.1" 200 781 "https://www.tbray.org/ongoing/When/202x/2020/04/29/Leaving-Amazon" "Mozilla/5.0 (X11; Ubuntu; Linux x86_64; rv:75.0) Gecko/20100101 Firefox/75.0"
212.51.142.75 - - [04/May/2020:06:48:12 -0700] "GET /ongoing/Feed.png HTTP/1.1" 200 3848 "https://www.tbray.org/ongoing/When/202x/2020/04/29/Leaving-Amazon" "Mozilla/5.0 (Macintosh; Intel Mac OS X 10.15; rv:76.0) Gecko/20100101 Firefox/76.0"
212.51.142.75 - - [04/May/2020:06:48:12 -0700] "GET /favicon.ico HTTP/1.1" 200 6958 "-" "Mozilla/5.0 (Macintosh; Intel Mac OS X 10.15; rv:76.0) Gecko/20100101 Firefox/76.0"
212.51.142.75 - - [04/May/2020:06:48:13 -0700] "GET /ongoing/darkwater60.jpg HTTP/1.1" 200 72594 "https://www.tbray.org/ongoing/serif.css" "Mozilla/5.0 (Macintosh; Intel Mac OS X 10.15; rv:76.0) Gecko/20100101 Firefox/76.0"
98.202.178.120 - - [04/May/2020:06:48:13 -0700] "GET /ongoing/ongoing.js HTTP/1.1" 200 6216 "https://www.tbray.org/ongoing/When/202x/2020/04/29/Leaving-Amazon" "Mozilla/5.0 (iPhone; CPU iPhone OS 13_3_1 like Mac OS X) AppleWebKit/605.1.15 (KHTML, like Gecko) Version/13.0.5 Mobile/15E148 Safari/604.1"
98.202.178.120 - - [04/May/2020:06:48:13 -0700] "GET /ongoing/Feed.png HTTP/1.1" 200 7744 "https://www.tbray.org/ongoing/When/202x/2020/04/29/Leaving-Amazon" "Mozilla/5.0 (iPhone; CPU iPhone OS 13_3_1 like Mac OS X) AppleWebKit/605.1.15 (KHTML, like Gecko) Version/13.0.5 Mobile/15E148 Safari/604.1"
212.51.142.75 - - [04/May/2020:06:48:13 -0700] "GET /ongoing/picInfo.xml?o=https://www.tbray.org/ongoing/When/202x/2020/04/29/Leaving-Amazon HTTP/1.1" 200 621 "https://www.tbray.org/ongoing/When/202x/2020/04/29/Leaving-Amazon" "Mozilla/5.0 (Macintosh; Intel Mac OS X 10.15; rv:76.0) Gecko/20100101 Firefox/76.0"
212.51.142.75 - - [04/May/2020:06:48:13 -0700] "GET /ongoing/in-feed.xml HTTP/1.1" 200 781 "https://www.tbray.org/ongoing/When/202x/2020/04/29/Leaving-Amazon" "Mozilla/5.0 (Macintosh; Intel Mac OS X 10.15; rv:76.0) Gecko/20100101 Firefox/76.0"
177.45.35.203 - - [04/May/2020:06:48:13 -0700] "GET /ongoing/When/202x/2020/04/29/Leaving-Amazon HTTP/1.1" 200 10660 "https://news.ycombinator.com/" "Mozilla/5.0 (X11; Ubuntu; Linux x86_64; rv:75.0) Gecko/20100101 Firefox/75.0"
98.202.178.120 - - [04/May/2020:06:48:13 -0700] "GET /ongoing/in-feed.xml HTTP/1.1" 200 781 "https://www.tbray.org/ongoing/When/202x/2020/04/29/Leaving-Amazon" "Mozilla/5.0 (iPhone; CPU iPhone OS 13_3_1 like Mac OS X) AppleWebKit/605.1.15 (KHTML, like Gecko) Version/13.0.5 Mobile/15E148 Safari/604.1"
98.202.178.120 - - [04/May/2020:06:48:14 -0700] "GET /favicon.ico HTTP/1.1" 200 10854 "https://www.tbray.org/ongoing/When/202x/2020/04/29/Leaving-Amazon" "Mozilla/5.0 (iPhone; CPU iPhone OS 13_3_1 like Mac OS X) AppleWebKit/605.1.15 (KHTML, like Gecko) Version/13.0.5 Mobile/15E148 Safari/604.1"
173.244.44.32 - - [04/May/2020:06:48:14 -0700] "GET /ongoing/When/202x/2020/04/29/Leaving-Amazon HTTP/1.1" 200 10116 "https://www.vice.com/en_us/article/z3bjpj/amazon-vp-tim-bray-resigns-calls-company-chickenshit-for-firing-protesting-workers" "Mozilla/5.0 (Windows NT 10.0; Win64; x64) AppleWebKit/537.36 (KHTML, like Gecko) Chrome/81.0.4044.129 Safari/537.36"
177.45.35.203 - - [04/May/2020:06:48:14 -0700] "GET /ongoing/serif.css HTTP/1.1" 200 2177 "https://www.tbray.org/ongoing/When/202x/2020/04/29/Leaving-Amazon" "Mozilla/5.0 (X11; Ubuntu; Linux x86_64; rv:75.0) Gecko/20100101 Firefox/75.0"
177.45.35.203 - - [04/May/2020:06:48:14 -0700] "GET /ongoing/ongoing.js HTTP/1.1" 200 6411 "https://www.tbray.org/ongoing/When/202x/2020/04/29/Leaving-Amazon" "Mozilla/5.0 (X11; Ubuntu; Linux x86_64; rv:75.0) Gecko/20100101 Firefox/75.0"
173.244.44.32 - - [04/May/2020:06:48:15 -0700] "GET /ongoing/serif.css HTTP/1.1" 200 2177 "https://www.tbray.org/ongoing/When/202x/2020/04/29/Leaving-Amazon" "Mozilla/5.0 (Windows NT 10.0; Win64; x64) AppleWebKit/537.36 (KHTML, like Gecko) Chrome/81.0.4044.129 Safari/537.36"
173.244.44.32 - - [04/May/2020:06:48:15 -0700] "GET /ongoing/ongoing.js HTTP/1.1" 200 5867 "https://www.tbray.org/ongoing/When/202x/2020/04/29/Leaving-Amazon" "Mozilla/5.0 (Windows NT 10.0; Win64; x64) AppleWebKit/537.36 (KHTML, like Gecko) Chrome/81.0.4044.129 Safari/537.36"
177.45.35.203 - - [04/May/2020:06:48:16 -0700] "GET /ongoing/Feed.png HTTP/1.1" 200 3848 "https://www.tbray.org/ongoing/When/202x/2020/04/29/Leaving-Amazon" "Mozilla/5.0 (X11; Ubuntu; Linux x86_64; rv:75.0) Gecko/20100101 Firefox/75.0"
177.45.35.203 - - [04/May/2020:06:48:16 -0700] "GET /ongoing/darkwater60.jpg HTTP/1.1" 200 72594 "https://www.tbray.org/ongoing/serif.css" "Mozilla/5.0 (X11; Ubuntu; Linux x86_64; rv:75.0) Gecko/20100101 Firefox/75.0"
177.45.35.203 - - [04/May/2020:06:48:16 -0700] "GET /favicon.ico HTTP/1.1" 200 6958 "-" "Mozilla/5.0 (X11; Ubuntu; Linux x86_64; rv:75.0) Gecko/20100101 Firefox/75.0"
173.244.44.32 - - [04/May/2020:06:48:17 -0700] "GET /ongoing/Feed.png HTTP/1.1" 200 3848 "https://www.tbray.org/ongoing/When/202x/2020/04/29/Leaving-Amazon" "Mozilla/5.0 (Windows NT 10.0; Win64; x64) AppleWebKit/537.36 (KHTML, like Gecko) Chrome/81.0.4044.129 Safari/537.36"
94.8.225.48 - - [04/May/2020:06:48:17 -0700] "GET /ongoing/When/202x/2020/04/29/Leaving-Amazon HTTP/1.1" 200 10465 "-" "Mozilla/5.0 (iPhone; CPU iPhone OS 13_3_1 like Mac OS X) AppleWebKit/605.1.15 (KHTML, like Gecko) Version/13.0.5 Mobile/15E148 Safari/604.1"
94.8.225.48 - - [04/May/2020:06:48:17 -0700] "GET /ongoing/serif.css HTTP/1.1" 200 2177 "https://www.tbray.org/ongoing/When/202x/2020/04/29/Leaving-Amazon" "Mozilla/5.0 (iPhone; CPU iPhone OS 13_3_1 like Mac OS X) AppleWebKit/605.1.15 (KHTML, like Gecko) Version/13.0.5 Mobile/15E148 Safari/604.1"
94.8.225.48 - - [04/May/2020:06:48:17 -0700] "GET /ongoing/Feed.png HTTP/1.1" 200 4005 "https://www.tbray.org/ongoing/When/202x/2020/04/29/Leaving-Amazon" "Mozilla/5.0 (iPhone; CPU iPhone OS 13_3_1 like Mac OS X) AppleWebKit/605.1.15 (KHTML, like Gecko) Version/13.0.5 Mobile/15E148 Safari/604.1"
94.8.225.48 - - [04/May/2020:06:48:18 -0700] "GET /ongoing/ongoing.js HTTP/1.1" 200 6216 "https://www.tbray.org/ongoing/When/202x/2020/04/29/Leaving-Amazon" "Mozilla/5.0 (iPhone; CPU iPhone OS 13_3_1 like Mac OS X) AppleWebKit/605.1.15 (KHTML, like Gecko) Version/13.0.5 Mobile/15E148 Safari/604.1"
94.8.225.48 - - [04/May/2020:06:48:18 -0700] "GET /ongoing/darkwater60.jpg HTTP/1.1" 200 72594 "https://www.tbray.org/ongoing/When/202x/2020/04/29/Leaving-Amazon" "Mozilla/5.0 (iPhone; CPU iPhone OS 13_3_1 like Mac OS X) AppleWebKit/605.1.15 (KHTML, like Gecko) Version/13.0.5 Mobile/15E148 Safari/604.1"
73.167.60.102 - - [04/May/2020:06:48:18 -0700] "GET /ongoing/When/202x/2020/04/29/Leaving-Amazon HTTP/1.1" 200 10465 "https://news.ycombinator.com/" "Mozilla/5.0 (iPhone; CPU iPhone OS 13_3_1 like Mac OS X) AppleWebKit/605.1.15 (KHTML, like Gecko) Version/13.0.5 Mobile/15E148 Safari/604.1"
24.4.131.15 - - [04/May/2020:06:48:18 -0700] "GET /ongoing/When/202x/2020/04/29/Leaving-Amazon HTTP/1.1" 200 10660 "-" "Mozilla/5.0 (Linux; Android 10; Pixel 2 Build/QQ2A.200405.005; wv) AppleWebKit/537.36 (KHTML, like Gecko) Version/4.0 Chrome/81.0.4044.117 Mobile Safari/537.36"
73.167.60.102 - - [04/May/2020:06:48:18 -0700] "GET /ongoing/serif.css HTTP/1.1" 200 2177 "https://www.tbray.org/ongoing/When/202x/2020/04/29/Leaving-Amazon" "Mozilla/5.0 (iPhone; CPU iPhone OS 13_3_1 like Mac OS X) AppleWebKit/605.1.15 (KHTML, like Gecko) Version/13.0.5 Mobile/15E148 Safari/604.1"
24.4.131.15 - - [04/May/2020:06:48:18 -0700] "GET /ongoing/serif.css HTTP/1.1" 200 2177 "https://www.tbray.org/ongoing/When/202x/2020/04/29/Leaving-Amazon" "Mozilla/5.0 (Linux; Android 10; Pixel 2 Build/QQ2A.200405.005; wv) AppleWebKit/537.36 (KHTML, like Gecko) Version/4.0 Chrome/81.0.4044.117 Mobile Safari/537.36"
24.4.131.15 - - [04/May/2020:06:48:18 -0700] "GET /ongoing/ongoing.js HTTP/1.1" 200 2320 "https://www.tbray.org/ongoing/When/202x/2020/04/29/Leaving-Amazon" "Mozilla/5.0 (Linux; Android 10; Pixel 2 Build/QQ2A.200405.005; wv) AppleWebKit/537.36 (KHTML, like Gecko) Version/4.0 Chrome/81.0.4044.117 Mobile Safari/537.36"
24.4.131.15 - - [04/May/2020:06:48:18 -0700] "GET /ongoing/Feed.png HTTP/1.1" 200 3848 "https://www.tbray.org/ongoing/When/202x/2020/04/29/Leaving-Amazon" "Mozilla/5.0 (Linux; Android 10; Pixel 2 Build/QQ2A.200405.005; wv) AppleWebKit/537.36 (KHTML, like Gecko) Version/4.0 Chrome/81.0.4044.117 Mobile Safari/537.36"
94.8.225.48 - - [04/May/2020:06:48:18 -0700] "GET /ongoing/in-feed.xml HTTP/1.1" 200 781 "https://www.tbray.org/ongoing/When/202x/2020/04/29/Leaving-Amazon" "Mozilla/5.0 (iPhone; CPU iPhone OS 13_3_1 like Mac OS X) AppleWebKit/605.1.15 (KHTML, like Gecko) Version/13.0.5 Mobile/15E148 Safari/604.1"
94.8.225.48 - - [04/May/2020:06:48:18 -0700] "GET /ongoing/picInfo.xml?o=https://www.tbray.org/ongoing/When/202x/2020/04/29/Leaving-Amazon HTTP/1.1" 200 621 "https://www.tbray.org/ongoing/When/202x/2020/04/29/Leaving-Amazon" "Mozilla/5.0 (iPhone; CPU iPhone OS 13_3_1 like Mac OS X) AppleWebKit/605.1.15 (KHTML, like Gecko) Version/13.0.5 Mobile/15E148 Safari/604.1"
73.167.60.102 - - [04/May/2020:06:48:18 -0700] "GET /ongoing/Feed.png HTTP/1.1" 200 4005 "https://www.tbray.org/ongoing/When/202x/2020/04/29/Leaving-Amazon" "Mozilla/5.0 (iPhone; CPU iPhone OS 13_3_1 like Mac OS X) AppleWebKit/605.1.15 (KHTML, like Gecko) Version/13.0.5 Mobile/15E148 Safari/604.1"
24.4.131.15 - - [04/May/2020:06:48:18 -0700] "GET /ongoing/darkwater60.jpg HTTP/1.1" 200 72594 "https://www.tbray.org/ongoing/serif.css" "Mozilla/5.0 (Linux; Android 10; Pixel 2 Build/QQ2A.200405.005; wv) AppleWebKit/537.36 (KHTML, like Gecko) Version/4.0 Chrome/81.0.4044.117 Mobile Safari/537.36"
73.167.60.102 - - [04/May/2020:06:48:19 -0700] "GET /ongoing/ongoing.js HTTP/1.1" 200 6216 "https://www.tbray.org/ongoing/When/202x/2020/04/29/Leaving-Amazon" "Mozilla/5.0 (iPhone; CPU iPhone OS 13_3_1 like Mac OS X) AppleWebKit/605.1.15 (KHTML, like Gecko) Version/13.0.5 Mobile/15E148 Safari/604.1"
73.167.60.102 - - [04/May/2020:06:48:19 -0700] "GET /ongoing/darkwater60.jpg HTTP/1.1" 200 72594 "https://www.tbray.org/ongoing/When/202x/2020/04/29/Leaving-Amazon" "Mozilla/5.0 (iPhone; CPU iPhone OS 13_3_1 like Mac OS X) AppleWebKit/605.1.15 (KHTML, like Gecko) Version/13.0.5 Mobile/15E148 Safari/604.1"
24.4.131.15 - - [04/May/2020:06:48:19 -0700] "GET /ongoing/in-feed.xml HTTP/1.1" 200 938 "https://www.tbray.org/ongoing/When/202x/2020/04/29/Leaving-Amazon" "Mozilla/5.0 (Linux; Android 10; Pixel 2 Build/QQ2A.200405.005; wv) AppleWebKit/537.36 (KHTML, like Gecko) Version/4.0 Chrome/81.0.4044.117 Mobile Safari/537.36"
24.4.131.15 - - [04/May/2020:06:48:19 -0700] "GET /ongoing/picInfo.xml?o=https://www.tbray.org/ongoing/When/202x/2020/04/29/Leaving-Amazon HTTP/1.1" 200 621 "https://www.tbray.org/ongoing/When/202x/2020/04/29/Leaving-Amazon" "Mozilla/5.0 (Linux; Android 10; Pixel 2 Build/QQ2A.200405.005; wv) AppleWebKit/537.36 (KHTML, like Gecko) Version/4.0 Chrome/81.0.4044.117 Mobile Safari/537.36"
24.4.131.15 - - [04/May/2020:06:48:19 -0700] "GET /favicon.ico HTTP/1.1" 200 6958 "https://www.tbray.org/ongoing/When/202x/2020/04/29/Leaving-Amazon" "Mozilla/5.0 (Linux; Android 10; Pixel 2 Build/QQ2A.200405.005; wv) AppleWebKit/537.36 (KHTML, like Gecko) Version/4.0 Chrome/81.0.4044.117 Mobile Safari/537.36"
73.167.60.102 - - [04/May/2020:06:48:19 -0700] "GET /ongoing/in-feed.xml HTTP/1.1" 200 781 "https://www.tbray.org/ongoing/When/202x/2020/04/29/Leaving-Amazon" "Mozilla/5.0 (iPhone; CPU iPhone OS 13_3_1 like Mac OS X) AppleWebKit/605.1.15 (KHTML, like Gecko) Version/13.0.5 Mobile/15E148 Safari/604.1"
73.167.60.102 - - [04/May/2020:06:48:19 -0700] "GET /ongoing/picInfo.xml?o=https://www.tbray.org/ongoing/When/202x/2020/04/29/Leaving-Amazon HTTP/1.1" 200 621 "https://www.tbray.org/ongoing/When/202x/2020/04/29/Leaving-Amazon" "Mozilla/5.0 (iPhone; CPU iPhone OS 13_3_1 like Mac OS X) AppleWebKit/605.1.15 (KHTML, like Gecko) Version/13.0.5 Mobile/15E148 Safari/604.1"
94.8.225.48 - - [04/May/2020:06:48:19 -0700] "GET /favicon.ico HTTP/1.1" 200 10854 "https://www.tbray.org/ongoing/When/202x/2020/04/29/Leaving-Amazon" "Mozilla/5.0 (iPhone; CPU iPhone OS 13_3_1 like Mac OS X) AppleWebKit/605.1.15 (KHTML, like Gecko) Version/13.0.5 Mobile/15E148 Safari/604.1"
73.167.60.102 - - [04/May/2020:06:48:20 -0700] "GET /favicon.ico HTTP/1.1" 200 10854 "https://www.tbray.org/ongoing/When/202x/2020/04/29/Leaving-Amazon" "Mozilla/5.0 (iPhone; CPU iPhone OS 13_3_1 like Mac OS X) AppleWebKit/605.1.15 (KHTML, like Gecko) Version/13.0.5 Mobile/15E148 Safari/604.1"
173.244.44.32 - - [04/May/2020:06:48:17 -0700] "GET /ongoing/darkwater60.jpg HTTP/1.1" 200 72594 "https://www.tbray.org/ongoing/serif.css" "Mozilla/5.0 (Windows NT 10.0; Win64; x64) AppleWebKit/537.36 (KHTML, like Gecko) Chrome/81.0.4044.129 Safari/537.36"
34.207.184.82 - - [04/May/2020:06:48:22 -0700] "GET /ongoing/When/202x/2020/04/29/Leaving-Amazon HTTP/1.1" 200 10045 "-" "Mozilla/5.0 (Macintosh; Intel Mac OS X 10_7_4) AppleWebKit/536.11 (KHTML, like Gecko) Chrome/20.0.1132.43 Safari/536.11"
210.10.1.101 - - [04/May/2020:06:48:23 -0700] "GET /ongoing/When/202x/2020/04/29/Leaving-Amazon HTTP/1.1" 200 10660 "-" "Mozilla/5.0 (Linux; Android 10; SM-N960F Build/QP1A.190711.020; wv) AppleWebKit/537.36 (KHTML, like Gecko) Version/4.0 Chrome/81.0.4044.117 Mobile Safari/537.36"
210.10.1.101 - - [04/May/2020:06:48:24 -0700] "GET /ongoing/serif.css HTTP/1.1" 200 2177 "https://www.tbray.org/ongoing/When/202x/2020/04/29/Leaving-Amazon" "Mozilla/5.0 (Linux; Android 10; SM-N960F Build/QP1A.190711.020; wv) AppleWebKit/537.36 (KHTML, like Gecko) Version/4.0 Chrome/81.0.4044.117 Mobile Safari/537.36"
210.10.1.101 - - [04/May/2020:06:48:24 -0700] "GET /ongoing/ongoing.js HTTP/1.1" 200 2320 "https://www.tbray.org/ongoing/When/202x/2020/04/29/Leaving-Amazon" "Mozilla/5.0 (Linux; Android 10; SM-N960F Build/QP1A.190711.020; wv) AppleWebKit/537.36 (KHTML, like Gecko) Version/4.0 Chrome/81.0.4044.117 Mobile Safari/537.36"
210.10.1.101 - - [04/May/2020:06:48:24 -0700] "GET /ongoing/Feed.png HTTP/1.1" 200 3848 "https://www.tbray.org/ongoing/When/202x/2020/04/29/Leaving-Amazon" "Mozilla/5.0 (Linux; Android 10; SM-N960F Build/QP1A.190711.020; wv) AppleWebKit/537.36 (KHTML, like Gecko) Version/4.0 Chrome/81.0.4044.117 Mobile Safari/537.36"
92.184.98.38 - - [04/May/2020:06:48:24 -0700] "GET /ongoing/When/202x/2020/04/29/Leaving-Amazon HTTP/1.1" 200 10465 "https://t.co/" "Mozilla/5.0 (Windows NT 10.0; WOW64; rv:56.0) Gecko/20100101 Firefox/56.0"
210.10.1.101 - - [04/May/2020:06:48:25 -0700] "GET /ongoing/darkwater60.jpg HTTP/1.1" 200 72594 "https://www.tbray.org/ongoing/serif.css" "Mozilla/5.0 (Linux; Android 10; SM-N960F Build/QP1A.190711.020; wv) AppleWebKit/537.36 (KHTML, like Gecko) Version/4.0 Chrome/81.0.4044.117 Mobile Safari/537.36"
92.184.98.38 - - [04/May/2020:06:48:25 -0700] "GET /ongoing/serif.css HTTP/1.1" 200 2177 "https://www.tbray.org/ongoing/When/202x/2020/04/29/Leaving-Amazon" "Mozilla/5.0 (Windows NT 10.0; WOW64; rv:56.0) Gecko/20100101 Firefox/56.0"
67.34.209.50 - - [04/May/2020:06:48:25 -0700] "-" 408 156 "-" "-"
92.184.98.38 - - [04/May/2020:06:48:25 -0700] "GET /ongoing/ongoing.js HTTP/1.1" 200 6216 "https://www.tbray.org/ongoing/When/202x/2020/04/29/Leaving-Amazon" "Mozilla/5.0 (Windows NT 10.0; WOW64; rv:56.0) Gecko/20100101 Firefox/56.0"
24.229.174.48 - - [04/May/2020:06:48:25 -0700] "GET /ongoing/When/202x/2020/04/29/Leaving-Amazon HTTP/1.1" 200 10465 "http://m.facebook.com" "Mozilla/5.0 (iPhone; CPU iPhone OS 13_3_1 like Mac OS X) AppleWebKit/605.1.15 (KHTML, like Gecko) Mobile/15E148 [FBAN/FBIOS;FBDV/iPhone9,4;FBMD/iPhone;FBSN/iOS;FBSV/13.3.1;FBSS/3;FBID/phone;FBLC/en_US;FBOP/5;FBCR/]"
92.184.98.38 - - [04/May/2020:06:48:25 -0700] "GET /ongoing/Feed.png HTTP/1.1" 200 3848 "https://www.tbray.org/ongoing/When/202x/2020/04/29/Leaving-Amazon" "Mozilla/5.0 (Windows NT 10.0; WOW64; rv:56.0) Gecko/20100101 Firefox/56.0"
177.45.35.203 - - [04/May/2020:06:48:25 -0700] "GET /ongoing/picInfo.xml?o=https://www.tbray.org/ongoing/When/202x/2020/04/29/Leaving-Amazon HTTP/1.1" 200 778 "https://www.tbray.org/ongoing/When/202x/2020/04/29/Leaving-Amazon" "Mozilla/5.0 (X11; Ubuntu; Linux x86_64; rv:75.0) Gecko/20100101 Firefox/75.0"
177.45.35.203 - - [04/May/2020:06:48:25 -0700] "GET /ongoing/in-feed.xml HTTP/1.1" 200 938 "https://www.tbray.org/ongoing/When/202x/2020/04/29/Leaving-Amazon" "Mozilla/5.0 (X11; Ubuntu; Linux x86_64; rv:75.0) Gecko/20100101 Firefox/75.0"
24.229.174.48 - - [04/May/2020:06:48:25 -0700] "GET /ongoing/serif.css HTTP/1.1" 200 2177 "https://www.tbray.org/ongoing/When/202x/2020/04/29/Leaving-Amazon" "Mozilla/5.0 (iPhone; CPU iPhone OS 13_3_1 like Mac OS X) AppleWebKit/605.1.15 (KHTML, like Gecko) Mobile/15E148 [FBAN/FBIOS;FBDV/iPhone9,4;FBMD/iPhone;FBSN/iOS;FBSV/13.3.1;FBSS/3;FBID/phone;FBLC/en_US;FBOP/5;FBCR/]"
173.244.44.32 - - [04/May/2020:06:48:25 -0700] "GET /ongoing/picInfo.xml?o=https://www.tbray.org/ongoing/When/202x/2020/04/29/Leaving-Amazon HTTP/1.1" 200 621 "https://www.tbray.org/ongoing/When/202x/2020/04/29/Leaving-Amazon" "Mozilla/5.0 (Windows NT 10.0; Win64; x64) AppleWebKit/537.36 (KHTML, like Gecko) Chrome/81.0.4044.129 Safari/537.36"
92.184.98.38 - - [04/May/2020:06:48:25 -0700] "GET /ongoing/darkwater60.jpg HTTP/1.1" 200 72594 "https://www.tbray.org/ongoing/serif.css" "Mozilla/5.0 (Windows NT 10.0; WOW64; rv:56.0) Gecko/20100101 Firefox/56.0"
210.10.1.101 - - [04/May/2020:06:48:25 -0700] "GET /ongoing/picInfo.xml?o=https://www.tbray.org/ongoing/When/202x/2020/04/29/Leaving-Amazon HTTP/1.1" 200 621 "https://www.tbray.org/ongoing/When/202x/2020/04/29/Leaving-Amazon" "Mozilla/5.0 (Linux; Android 10; SM-N960F Build/QP1A.190711.020; wv) AppleWebKit/537.36 (KHTML, like Gecko) Version/4.0 Chrome/81.0.4044.117 Mobile Safari/537.36"
210.10.1.101 - - [04/May/2020:06:48:25 -0700] "GET /ongoing/in-feed.xml HTTP/1.1" 200 938 "https://www.tbray.org/ongoing/When/202x/2020/04/29/Leaving-Amazon" "Mozilla/5.0 (Linux; Android 10; SM-N960F Build/QP1A.190711.020; wv) AppleWebKit/537.36 (KHTML, like Gecko) Version/4.0 Chrome/81.0.4044.117 Mobile Safari/537.36"
24.229.174.48 - - [04/May/2020:06:48:26 -0700] "GET /ongoing/ongoing.js HTTP/1.1" 200 2477 "https://www.tbray.org/ongoing/When/202x/2020/04/29/Leaving-Amazon" "Mozilla/5.0 (iPhone; CPU iPhone OS 13_3_1 like Mac OS X) AppleWebKit/605.1.15 (KHTML, like Gecko) Mobile/15E148 [FBAN/FBIOS;FBDV/iPhone9,4;FBMD/iPhone;FBSN/iOS;FBSV/13.3.1;FBSS/3;FBID/phone;FBLC/en_US;FBOP/5;FBCR/]"
173.244.44.32 - - [04/May/2020:06:48:26 -0700] "GET /ongoing/in-feed.xml HTTP/1.1" 200 781 "https://www.tbray.org/ongoing/When/202x/2020/04/29/Leaving-Amazon" "Mozilla/5.0 (Windows NT 10.0; Win64; x64) AppleWebKit/537.36 (KHTML, like Gecko) Chrome/81.0.4044.129 Safari/537.36"
24.229.174.48 - - [04/May/2020:06:48:26 -0700] "GET /ongoing/darkwater60.jpg HTTP/1.1" 200 72594 "https://www.tbray.org/ongoing/When/202x/2020/04/29/Leaving-Amazon" "Mozilla/5.0 (iPhone; CPU iPhone OS 13_3_1 like Mac OS X) AppleWebKit/605.1.15 (KHTML, like Gecko) Mobile/15E148 [FBAN/FBIOS;FBDV/iPhone9,4;FBMD/iPhone;FBSN/iOS;FBSV/13.3.1;FBSS/3;FBID/phone;FBLC/en_US;FBOP/5;FBCR/]"
24.229.174.48 - - [04/May/2020:06:48:26 -0700] "GET /ongoing/Feed.png HTTP/1.1" 200 7744 "https://www.tbray.org/ongoing/When/202x/2020/04/29/Leaving-Amazon" "Mozilla/5.0 (iPhone; CPU iPhone OS 13_3_1 like Mac OS X) AppleWebKit/605.1.15 (KHTML, like Gecko) Mobile/15E148 [FBAN/FBIOS;FBDV/iPhone9,4;FBMD/iPhone;FBSN/iOS;FBSV/13.3.1;FBSS/3;FBID/phone;FBLC/en_US;FBOP/5;FBCR/]"
210.10.1.101 - - [04/May/2020:06:48:26 -0700] "GET /favicon.ico HTTP/1.1" 200 6958 "https://www.tbray.org/ongoing/When/202x/2020/04/29/Leaving-Amazon" "Mozilla/5.0 (Linux; Android 10; SM-N960F Build/QP1A.190711.020; wv) AppleWebKit/537.36 (KHTML, like Gecko) Version/4.0 Chrome/81.0.4044.117 Mobile Safari/537.36"
173.244.44.32 - - [04/May/2020:06:48:26 -0700] "GET /favicon.ico HTTP/1.1" 200 6958 "https://www.tbray.org/ongoing/When/202x/2020/04/29/Leaving-Amazon" "Mozilla/5.0 (Windows NT 10.0; Win64; x64) AppleWebKit/537.36 (KHTML, like Gecko) Chrome/81.0.4044.129 Safari/537.36"
92.184.98.38 - - [04/May/2020:06:48:26 -0700] "GET /ongoing/in-feed.xml HTTP/1.1" 200 781 "https://www.tbray.org/ongoing/When/202x/2020/04/29/Leaving-Amazon" "Mozilla/5.0 (Windows NT 10.0; WOW64; rv:56.0) Gecko/20100101 Firefox/56.0"
92.184.98.38 - - [04/May/2020:06:48:26 -0700] "GET /ongoing/picInfo.xml?o=https://www.tbray.org/ongoing/When/202x/2020/04/29/Leaving-Amazon HTTP/1.1" 200 621 "https://www.tbray.org/ongoing/When/202x/2020/04/29/Leaving-Amazon" "Mozilla/5.0 (Windows NT 10.0; WOW64; rv:56.0) Gecko/20100101 Firefox/56.0"
24.229.174.48 - - [04/May/2020:06:48:26 -0700] "GET /ongoing/in-feed.xml HTTP/1.1" 200 781 "https://www.tbray.org/ongoing/When/202x/2020/04/29/Leaving-Amazon" "Mozilla/5.0 (iPhone; CPU iPhone OS 13_3_1 like Mac OS X) AppleWebKit/605.1.15 (KHTML, like Gecko) Mobile/15E148 [FBAN/FBIOS;FBDV/iPhone9,4;FBMD/iPhone;FBSN/iOS;FBSV/13.3.1;FBSS/3;FBID/phone;FBLC/en_US;FBOP/5;FBCR/]"
24.229.174.48 - - [04/May/2020:06:48:26 -0700] "GET /ongoing/picInfo.xml?o=https://www.tbray.org/ongoing/When/202x/2020/04/29/Leaving-Amazon HTTP/1.1" 200 621 "https://www.tbray.org/ongoing/When/202x/2020/04/29/Leaving-Amazon" "Mozilla/5.0 (iPhone; CPU iPhone OS 13_3_1 like Mac OS X) AppleWebKit/605.1.15 (KHTML, like Gecko) Mobile/15E148 [FBAN/FBIOS;FBDV/iPhone9,4;FBMD/iPhone;FBSN/iOS;FBSV/13.3.1;FBSS/3;FBID/phone;FBLC/en_US;FBOP/5;FBCR/]"
92.184.98.38 - - [04/May/2020:06:48:26 -0700] "GET /favicon.ico HTTP/1.1" 200 10854 "-" "Mozilla/5.0 (Windows NT 10.0; WOW64; rv:56.0) Gecko/20100101 Firefox/56.0"
186.15.134.116 - - [04/May/2020:06:48:27 -0700] "GET /ongoing/When/202x/2020/04/29/Leaving-Amazon HTTP/1.1" 200 10465 "https://t.co/blJ7fTl6gj?amp=1" "Mozilla/5.0 (iPhone; CPU iPhone OS 13_3_1 like Mac OS X) AppleWebKit/605.1.15 (KHTML, like Gecko) Version/13.0.5 Mobile/15E148 Safari/604.1"
186.15.134.116 - - [04/May/2020:06:48:27 -0700] "GET /ongoing/serif.css HTTP/1.1" 200 2177 "https://www.tbray.org/ongoing/When/202x/2020/04/29/Leaving-Amazon" "Mozilla/5.0 (iPhone; CPU iPhone OS 13_3_1 like Mac OS X) AppleWebKit/605.1.15 (KHTML, like Gecko) Version/13.0.5 Mobile/15E148 Safari/604.1"
194.39.218.10 - - [04/May/2020:06:48:27 -0700] "GET /ongoing/When/202x/2020/04/29/Leaving-Amazon HTTP/1.1" 200 10660 "https://news.ycombinator.com/" "Mozilla/5.0 (Windows NT 10.0; WOW64; rv:68.0) Gecko/20100101 Firefox/68.0"
207.244.124.152 - - [04/May/2020:06:48:27 -0700] "GET /ongoing/When/202x/2020/04/29/Leaving-Amazon HTTP/1.1" 200 10465 "https://news.ycombinator.com/" "Mozilla/5.0 (iPhone; CPU iPhone OS 13_4_1 like Mac OS X) AppleWebKit/605.1.15 (KHTML, like Gecko) Version/13.1 Mobile/15E148 Safari/604.1"
186.15.134.116 - - [04/May/2020:06:48:27 -0700] "GET /ongoing/ongoing.js HTTP/1.1" 200 2477 "https://www.tbray.org/ongoing/When/202x/2020/04/29/Leaving-Amazon" "Mozilla/5.0 (iPhone; CPU iPhone OS 13_3_1 like Mac OS X) AppleWebKit/605.1.15 (KHTML, like Gecko) Version/13.0.5 Mobile/15E148 Safari/604.1"
207.244.124.152 - - [04/May/2020:06:48:27 -0700] "GET /ongoing/serif.css HTTP/1.1" 200 2177 "https://www.tbray.org/ongoing/When/202x/2020/04/29/Leaving-Amazon" "Mozilla/5.0 (iPhone; CPU iPhone OS 13_4_1 like Mac OS X) AppleWebKit/605.1.15 (KHTML, like Gecko) Version/13.1 Mobile/15E148 Safari/604.1"
186.15.134.116 - - [04/May/2020:06:48:27 -0700] "GET /ongoing/darkwater60.jpg HTTP/1.1" 200 72594 "https://www.tbray.org/ongoing/When/202x/2020/04/29/Leaving-Amazon" "Mozilla/5.0 (iPhone; CPU iPhone OS 13_3_1 like Mac OS X) AppleWebKit/605.1.15 (KHTML, like Gecko) Version/13.0.5 Mobile/15E148 Safari/604.1"
186.15.134.116 - - [04/May/2020:06:48:27 -0700] "GET /ongoing/Feed.png HTTP/1.1" 200 7744 "https://www.tbray.org/ongoing/When/202x/2020/04/29/Leaving-Amazon" "Mozilla/5.0 (iPhone; CPU iPhone OS 13_3_1 like Mac OS X) AppleWebKit/605.1.15 (KHTML, like Gecko) Version/13.0.5 Mobile/15E148 Safari/604.1"
194.39.218.10 - - [04/May/2020:06:48:27 -0700] "GET /ongoing/serif.css HTTP/1.1" 200 2177 "https://www.tbray.org/ongoing/When/202x/2020/04/29/Leaving-Amazon" "Mozilla/5.0 (Windows NT 10.0; WOW64; rv:68.0) Gecko/20100101 Firefox/68.0"
207.244.124.152 - - [04/May/2020:06:48:28 -0700] "GET /ongoing/ongoing.js HTTP/1.1" 200 2477 "https://www.tbray.org/ongoing/When/202x/2020/04/29/Leaving-Amazon" "Mozilla/5.0 (iPhone; CPU iPhone OS 13_4_1 like Mac OS X) AppleWebKit/605.1.15 (KHTML, like Gecko) Version/13.1 Mobile/15E148 Safari/604.1"
186.15.134.116 - - [04/May/2020:06:48:28 -0700] "GET /ongoing/picInfo.xml?o=https://www.tbray.org/ongoing/When/202x/2020/04/29/Leaving-Amazon HTTP/1.1" 200 621 "https://www.tbray.org/ongoing/When/202x/2020/04/29/Leaving-Amazon" "Mozilla/5.0 (iPhone; CPU iPhone OS 13_3_1 like Mac OS X) AppleWebKit/605.1.15 (KHTML, like Gecko) Version/13.0.5 Mobile/15E148 Safari/604.1"
186.15.134.116 - - [04/May/2020:06:48:28 -0700] "GET /ongoing/in-feed.xml HTTP/1.1" 200 781 "https://www.tbray.org/ongoing/When/202x/2020/04/29/Leaving-Amazon" "Mozilla/5.0 (iPhone; CPU iPhone OS 13_3_1 like Mac OS X) AppleWebKit/605.1.15 (KHTML, like Gecko) Version/13.0.5 Mobile/15E148 Safari/604.1"
207.244.124.152 - - [04/May/2020:06:48:28 -0700] "GET /ongoing/darkwater60.jpg HTTP/1.1" 200 72594 "https://www.tbray.org/ongoing/When/202x/2020/04/29/Leaving-Amazon" "Mozilla/5.0 (iPhone; CPU iPhone OS 13_4_1 like Mac OS X) AppleWebKit/605.1.15 (KHTML, like Gecko) Version/13.1 Mobile/15E148 Safari/604.1"
207.244.124.152 - - [04/May/2020:06:48:28 -0700] "GET /ongoing/Feed.png HTTP/1.1" 200 7744 "https://www.tbray.org/ongoing/When/202x/2020/04/29/Leaving-Amazon" "Mozilla/5.0 (iPhone; CPU iPhone OS 13_4_1 like Mac OS X) AppleWebKit/605.1.15 (KHTML, like Gecko) Version/13.1 Mobile/15E148 Safari/604.1"
207.244.124.152 - - [04/May/2020:06:48:28 -0700] "GET /ongoing/picInfo.xml?o=https://www.tbray.org/ongoing/When/202x/2020/04/29/Leaving-Amazon HTTP/1.1" 200 621 "https://www.tbray.org/ongoing/When/202x/2020/04/29/Leaving-Amazon" "Mozilla/5.0 (iPhone; CPU iPhone OS 13_4_1 like Mac OS X) AppleWebKit/605.1.15 (KHTML, like Gecko) Version/13.1 Mobile/15E148 Safari/604.1"
207.244.124.152 - - [04/May/2020:06:48:28 -0700] "GET /ongoing/in-feed.xml HTTP/1.1" 200 781 "https://www.tbray.org/ongoing/When/202x/2020/04/29/Leaving-Amazon" "Mozilla/5.0 (iPhone; CPU iPhone OS 13_4_1 like Mac OS X) AppleWebKit/605.1.15 (KHTML, like Gecko) Version/13.1 Mobile/15E148 Safari/604.1"
194.39.218.10 - - [04/May/2020:06:48:28 -0700] "GET /ongoing/ongoing.js HTTP/1.1" 200 2477 "https://www.tbray.org/ongoing/When/202x/2020/04/29/Leaving-Amazon" "Mozilla/5.0 (Windows NT 10.0; WOW64; rv:68.0) Gecko/20100101 Firefox/68.0"
194.39.218.10 - - [04/May/2020:06:48:28 -0700] "GET /ongoing/Feed.png HTTP/1.1" 200 3848 "https://www.tbray.org/ongoing/When/202x/2020/04/29/Leaving-Amazon" "Mozilla/5.0 (Windows NT 10.0; WOW64; rv:68.0) Gecko/20100101 Firefox/68.0"
207.244.124.152 - - [04/May/2020:06:48:29 -0700] "GET /favicon.ico HTTP/1.1" 200 10854 "https://www.tbray.org/ongoing/When/202x/2020/04/29/Leaving-Amazon" "Mozilla/5.0 (iPhone; CPU iPhone OS 13_4_1 like Mac OS X) AppleWebKit/605.1.15 (KHTML, like Gecko) Version/13.1 Mobile/15E148 Safari/604.1"
194.39.218.10 - - [04/May/2020:06:48:29 -0700] "GET /favicon.ico HTTP/1.1" 200 6958 "-" "Mozilla/5.0 (Windows NT 10.0; WOW64; rv:68.0) Gecko/20100101 Firefox/68.0"
194.39.218.10 - - [04/May/2020:06:48:29 -0700] "GET /ongoing/darkwater60.jpg HTTP/1.1" 200 72594 "https://www.tbray.org/ongoing/serif.css" "Mozilla/5.0 (Windows NT 10.0; WOW64; rv:68.0) Gecko/20100101 Firefox/68.0"
194.39.218.10 - - [04/May/2020:06:48:29 -0700] "GET /ongoing/picInfo.xml?o=https://www.tbray.org/ongoing/When/202x/2020/04/29/Leaving-Amazon HTTP/1.1" 200 621 "https://www.tbray.org/ongoing/When/202x/2020/04/29/Leaving-Amazon" "Mozilla/5.0 (Windows NT 10.0; WOW64; rv:68.0) Gecko/20100101 Firefox/68.0"
194.39.218.10 - - [04/May/2020:06:48:29 -0700] "GET /ongoing/in-feed.xml HTTP/1.1" 200 781 "https://www.tbray.org/ongoing/When/202x/2020/04/29/Leaving-Amazon" "Mozilla/5.0 (Windows NT 10.0; WOW64; rv:68.0) Gecko/20100101 Firefox/68.0"
24.239.210.140 - - [04/May/2020:06:48:30 -0700] "GET /ongoing/When/202x/2020/04/29/Leaving-Amazon HTTP/1.1" 200 10660 "-" "Mozilla/5.0 (Windows NT 10.0; Win64; x64) AppleWebKit/537.36 (KHTML, like Gecko) Chrome/83.0.4103.34 Safari/537.36"
24.239.210.140 - - [04/May/2020:06:48:31 -0700] "GET /ongoing/serif.css HTTP/1.1" 200 2177 "https://www.tbray.org/ongoing/When/202x/2020/04/29/Leaving-Amazon" "Mozilla/5.0 (Windows NT 10.0; Win64; x64) AppleWebKit/537.36 (KHTML, like Gecko) Chrome/83.0.4103.34 Safari/537.36"
24.239.210.140 - - [04/May/2020:06:48:31 -0700] "GET /ongoing/ongoing.js HTTP/1.1" 200 2320 "https://www.tbray.org/ongoing/When/202x/2020/04/29/Leaving-Amazon" "Mozilla/5.0 (Windows NT 10.0; Win64; x64) AppleWebKit/537.36 (KHTML, like Gecko) Chrome/83.0.4103.34 Safari/537.36"
24.239.210.140 - - [04/May/2020:06:48:31 -0700] "GET /ongoing/Feed.png HTTP/1.1" 200 3848 "https://www.tbray.org/ongoing/When/202x/2020/04/29/Leaving-Amazon" "Mozilla/5.0 (Windows NT 10.0; Win64; x64) AppleWebKit/537.36 (KHTML, like Gecko) Chrome/83.0.4103.34 Safari/537.36"
93.92.200.200 - - [04/May/2020:06:48:31 -0700] "-" 408 4090 "-" "-"
93.92.200.200 - - [04/May/2020:06:48:31 -0700] "GET /favicon.ico HTTP/1.1" 200 7115 "https://www.tbray.org/ongoing/When/202x/2020/04/29/Leaving-Amazon" "Mozilla/5.0 (Linux; Android 8.1.0; Redmi 3S) AppleWebKit/537.36 (KHTML, like Gecko) Chrome/81.0.4044.117 Mobile Safari/537.36"
93.92.200.200 - - [04/May/2020:06:48:32 -0700] "GET /ongoing/in-feed.xml HTTP/1.1" 200 781 "https://www.tbray.org/ongoing/When/202x/2020/04/29/Leaving-Amazon" "Mozilla/5.0 (Linux; Android 8.1.0; Redmi 3S) AppleWebKit/537.36 (KHTML, like Gecko) Chrome/81.0.4044.117 Mobile Safari/537.36"
24.239.210.140 - - [04/May/2020:06:48:32 -0700] "GET /ongoing/darkwater60.jpg HTTP/1.1" 200 72594 "https://www.tbray.org/ongoing/serif.css" "Mozilla/5.0 (Windows NT 10.0; Win64; x64) AppleWebKit/537.36 (KHTML, like Gecko) Chrome/83.0.4103.34 Safari/537.36"
82.124.159.31 - - [04/May/2020:06:48:32 -0700] "GET /ongoing/When/202x/2020/04/29/Leaving-Amazon HTTP/1.1" 200 10465 "https://www.loopinsight.com/2020/05/04/bye-amazon/?utm_campaign=twitter&utm_medium=twitter&utm_source=twitter" "Mozilla/5.0 (Macintosh; Intel Mac OS X 10_15_3) AppleWebKit/605.1.15 (KHTML, like Gecko) Version/13.0.5 Safari/605.1.15"
24.239.210.140 - - [04/May/2020:06:48:32 -0700] "GET /ongoing/picInfo.xml?o=https://www.tbray.org/ongoing/When/202x/2020/04/29/Leaving-Amazon HTTP/1.1" 200 621 "https://www.tbray.org/ongoing/When/202x/2020/04/29/Leaving-Amazon" "Mozilla/5.0 (Windows NT 10.0; Win64; x64) AppleWebKit/537.36 (KHTML, like Gecko) Chrome/83.0.4103.34 Safari/537.36"
24.239.210.140 - - [04/May/2020:06:48:32 -0700] "GET /ongoing/in-feed.xml HTTP/1.1" 200 781 "https://www.tbray.org/ongoing/When/202x/2020/04/29/Leaving-Amazon" "Mozilla/5.0 (Windows NT 10.0; Win64; x64) AppleWebKit/537.36 (KHTML, like Gecko) Chrome/83.0.4103.34 Safari/537.36"
24.239.210.140 - - [04/May/2020:06:48:32 -0700] "GET /favicon.ico HTTP/1.1" 200 6958 "https://www.tbray.org/ongoing/When/202x/2020/04/29/Leaving-Amazon" "Mozilla/5.0 (Windows NT 10.0; Win64; x64) AppleWebKit/537.36 (KHTML, like Gecko) Chrome/83.0.4103.34 Safari/537.36"
82.124.159.31 - - [04/May/2020:06:48:32 -0700] "GET /ongoing/serif.css HTTP/1.1" 200 2177 "https://www.tbray.org/ongoing/When/202x/2020/04/29/Leaving-Amazon" "Mozilla/5.0 (Macintosh; Intel Mac OS X 10_15_3) AppleWebKit/605.1.15 (KHTML, like Gecko) Version/13.0.5 Safari/605.1.15"
82.124.159.31 - - [04/May/2020:06:48:33 -0700] "GET /ongoing/ongoing.js HTTP/1.1" 200 2477 "https://www.tbray.org/ongoing/When/202x/2020/04/29/Leaving-Amazon" "Mozilla/5.0 (Macintosh; Intel Mac OS X 10_15_3) AppleWebKit/605.1.15 (KHTML, like Gecko) Version/13.0.5 Safari/605.1.15"
82.124.159.31 - - [04/May/2020:06:48:33 -0700] "GET /ongoing/Feed.png HTTP/1.1" 200 7744 "https://www.tbray.org/ongoing/When/202x/2020/04/29/Leaving-Amazon" "Mozilla/5.0 (Macintosh; Intel Mac OS X 10_15_3) AppleWebKit/605.1.15 (KHTML, like Gecko) Version/13.0.5 Safari/605.1.15"
82.124.159.31 - - [04/May/2020:06:48:33 -0700] "GET /ongoing/darkwater60.jpg HTTP/1.1" 200 72594 "https://www.tbray.org/ongoing/When/202x/2020/04/29/Leaving-Amazon" "Mozilla/5.0 (Macintosh; Intel Mac OS X 10_15_3) AppleWebKit/605.1.15 (KHTML, like Gecko) Version/13.0.5 Safari/605.1.15"
203.189.152.127 - - [04/May/2020:06:48:34 -0700] "GET /ongoing/WhatItIs HTTP/1.1" 200 2435 "https://www.tbray.org/ongoing/When/202x/2020/04/29/Leaving-Amazon" "Mozilla/5.0 (Windows NT 10.0; Win64; x64; rv:75.0) Gecko/20100101 Firefox/75.0"
203.189.152.127 - - [04/May/2020:06:48:35 -0700] "GET /ongoing/WhatItIs HTTP/1.1" 200 2435 "https://www.tbray.org/ongoing/When/202x/2020/04/29/Leaving-Amazon" "Mozilla/5.0 (Windows NT 10.0; Win64; x64; rv:75.0) Gecko/20100101 Firefox/75.0"
203.189.152.127 - - [04/May/2020:06:48:37 -0700] "GET /ongoing/serif.css HTTP/1.1" 200 2177 "https://www.tbray.org/ongoing/WhatItIs" "Mozilla/5.0 (Windows NT 10.0; Win64; x64; rv:75.0) Gecko/20100101 Firefox/75.0"
203.189.152.127 - - [04/May/2020:06:48:37 -0700] "GET /ongoing/ongoing.js HTTP/1.1" 200 2477 "https://www.tbray.org/ongoing/WhatItIs" "Mozilla/5.0 (Windows NT 10.0; Win64; x64; rv:75.0) Gecko/20100101 Firefox/75.0"
93.92.200.200 - - [04/May/2020:06:48:38 -0700] "GET /ongoing/picInfo.xml?o=https://www.tbray.org/ongoing/When/202x/2020/04/29/Leaving-Amazon HTTP/1.1" 200 778 "https://www.tbray.org/ongoing/When/202x/2020/04/29/Leaving-Amazon" "Mozilla/5.0 (Linux; Android 8.1.0; Redmi 3S) AppleWebKit/537.36 (KHTML, like Gecko) Chrome/81.0.4044.117 Mobile Safari/537.36"
82.124.159.31 - - [04/May/2020:06:48:39 -0700] "GET /ongoing/picInfo.xml?o=https://www.tbray.org/ongoing/When/202x/2020/04/29/Leaving-Amazon HTTP/1.1" 200 778 "https://www.tbray.org/ongoing/When/202x/2020/04/29/Leaving-Amazon" "Mozilla/5.0 (Macintosh; Intel Mac OS X 10_15_3) AppleWebKit/605.1.15 (KHTML, like Gecko) Version/13.0.5 Safari/605.1.15"
75.141.199.89 - - [04/May/2020:06:48:39 -0700] "GET /ongoing/potd.png HTTP/1.1" 200 128772 "https://www.tbray.org/ongoing/misc/Tim" "Mozilla/5.0 (iPhone; CPU iPhone OS 13_3_1 like Mac OS X) AppleWebKit/605.1.15 (KHTML, like Gecko) Version/13.0.5 Mobile/15E148 Safari/604.1"
82.124.159.31 - - [04/May/2020:06:48:39 -0700] "GET /ongoing/in-feed.xml HTTP/1.1" 200 4677 "https://www.tbray.org/ongoing/When/202x/2020/04/29/Leaving-Amazon" "Mozilla/5.0 (Macintosh; Intel Mac OS X 10_15_3) AppleWebKit/605.1.15 (KHTML, like Gecko) Version/13.0.5 Safari/605.1.15"
75.141.199.89 - - [04/May/2020:06:48:39 -0700] "GET /ongoing/misc/TimByTheKid.png HTTP/1.1" 200 738322 "https://www.tbray.org/ongoing/misc/Tim" "Mozilla/5.0 (iPhone; CPU iPhone OS 13_3_1 like Mac OS X) AppleWebKit/605.1.15 (KHTML, like Gecko) Version/13.0.5 Mobile/15E148 Safari/604.1"
75.141.199.89 - - [04/May/2020:06:48:39 -0700] "GET /ongoing/misc/Tim-by-Lauren.png HTTP/1.1" 200 893830 "https://www.tbray.org/ongoing/misc/Tim" "Mozilla/5.0 (iPhone; CPU iPhone OS 13_3_1 like Mac OS X) AppleWebKit/605.1.15 (KHTML, like Gecko) Version/13.0.5 Mobile/15E148 Safari/604.1"
82.124.159.31 - - [04/May/2020:06:48:39 -0700] "GET /favicon.ico HTTP/1.1" 200 10854 "https://www.tbray.org/ongoing/When/202x/2020/04/29/Leaving-Amazon" "Mozilla/5.0 (Macintosh; Intel Mac OS X 10_15_3) AppleWebKit/605.1.15 (KHTML, like Gecko) Version/13.0.5 Safari/605.1.15"
45.130.255.119 - - [04/May/2020:06:48:40 -0700] "GET /ongoing/When/202x/2020/04/29/Leaving-Amazon HTTP/1.1" 200 17933 "-" "-"
40.113.105.174 - - [04/May/2020:06:48:41 -0700] "GET /ongoing/When/202x/2020/04/29/Leaving-Amazon HTTP/1.1" 200 10101 "-" "FeedViewer/1.0 (+http://www.feedviewer.net/webmasters; license agreement: http://www.feedviewer.net/license)"
141.135.67.100 - - [04/May/2020:06:48:41 -0700] "GET /ongoing/When/202x/2020/04/29/Leaving-Amazon HTTP/1.1" 200 10660 "https://news.ycombinator.com/" "Mozilla/5.0 (Windows NT 10.0; Win64; x64) AppleWebKit/537.36 (KHTML, like Gecko) Chrome/81.0.4044.129 Safari/537.36"
40.113.105.174 - - [04/May/2020:06:48:41 -0700] "GET /ongoing/serif.css HTTP/1.1" 200 5709 "-" "FeedViewer/1.0 (+http://www.feedviewer.net/webmasters; license agreement: http://www.feedviewer.net/license)"
141.135.67.100 - - [04/May/2020:06:48:41 -0700] "GET /ongoing/ongoing.js HTTP/1.1" 200 6411 "https://www.tbray.org/ongoing/When/202x/2020/04/29/Leaving-Amazon" "Mozilla/5.0 (Windows NT 10.0; Win64; x64) AppleWebKit/537.36 (KHTML, like Gecko) Chrome/81.0.4044.129 Safari/537.36"
141.135.67.100 - - [04/May/2020:06:48:41 -0700] "GET /ongoing/serif.css HTTP/1.1" 200 2177 "https://www.tbray.org/ongoing/When/202x/2020/04/29/Leaving-Amazon" "Mozilla/5.0 (Windows NT 10.0; Win64; x64) AppleWebKit/537.36 (KHTML, like Gecko) Chrome/81.0.4044.129 Safari/537.36"
47.9.163.40 - - [04/May/2020:06:48:42 -0700] "-" 408 4090 "-" "-"
141.135.67.100 - - [04/May/2020:06:48:42 -0700] "GET /ongoing/Feed.png HTTP/1.1" 200 3848 "https://www.tbray.org/ongoing/When/202x/2020/04/29/Leaving-Amazon" "Mozilla/5.0 (Windows NT 10.0; Win64; x64) AppleWebKit/537.36 (KHTML, like Gecko) Chrome/81.0.4044.129 Safari/537.36"
141.135.67.100 - - [04/May/2020:06:48:42 -0700] "GET /ongoing/darkwater60.jpg HTTP/1.1" 200 72594 "https://www.tbray.org/ongoing/serif.css" "Mozilla/5.0 (Windows NT 10.0; Win64; x64) AppleWebKit/537.36 (KHTML, like Gecko) Chrome/81.0.4044.129 Safari/537.36"
132.185.160.121 - - [04/May/2020:06:48:43 -0700] "GET /ongoing/in-feed.xml HTTP/1.1" 200 4872 "https://www.tbray.org/ongoing/When/202x/2020/04/29/Leaving-Amazon" "Mozilla/5.0 (Windows NT 6.1; WOW64) AppleWebKit/537.36 (KHTML, like Gecko) Chrome/64.0.3282.140 Safari/537.36"
