132.185.160.121 - - [04/May/2020:06:48:43 -0700] "GET /favicon.ico HTTP/1.1" 200 11049 "https://www.tbray.org/ongoing/When/202x/2020/04/29/Leaving-Amazon" "Mozilla/5.0 (Windows NT 6.1; WOW64) AppleWebKit/537.36 (KHTML, like Gecko) Chrome/64.0.3282.140 Safari/537.36"
141.135.67.100 - - [04/May/2020:06:48:43 -0700] "GET /ongoing/picInfo.xml?o=https://www.tbray.org/ongoing/When/202x/2020/04/29/Leaving-Amazon HTTP/1.1" 200 621 "https://www.tbray.org/ongoing/When/202x/2020/04/29/Leaving-Amazon" "Mozilla/5.0 (Windows NT 10.0; Win64; x64) AppleWebKit/537.36 (KHTML, like Gecko) Chrome/81.0.4044.129 Safari/537.36"
141.135.67.100 - - [04/May/2020:06:48:43 -0700] "GET /ongoing/in-feed.xml HTTP/1.1" 200 781 "https://www.tbray.org/ongoing/When/202x/2020/04/29/Leaving-Amazon" "Mozilla/5.0 (Windows NT 10.0; Win64; x64) AppleWebKit/537.36 (KHTML, like Gecko) Chrome/81.0.4044.129 Safari/537.36"
141.135.67.100 - - [04/May/2020:06:48:43 -0700] "GET /favicon.ico HTTP/1.1" 200 6958 "https://www.tbray.org/ongoing/When/202x/2020/04/29/Leaving-Amazon" "Mozilla/5.0 (Windows NT 10.0; Win64; x64) AppleWebKit/537.36 (KHTML, like Gecko) Chrome/81.0.4044.129 Safari/537.36"
86.195.39.134 - - [04/May/2020:06:48:44 -0700] "-" 408 4090 "-" "-"
86.195.39.134 - - [04/May/2020:06:48:45 -0700] "-" 408 156 "-" "-"
86.195.39.134 - - [04/May/2020:06:48:45 -0700] "-" 408 156 "-" "-"
210.10.1.101 - - [04/May/2020:06:48:46 -0700] "-" 408 156 "-" "-"
173.244.44.32 - - [04/May/2020:06:48:46 -0700] "-" 408 3546 "-" "-"
173.244.44.32 - - [04/May/2020:06:48:46 -0700] "-" 408 3546 "-" "-"
90.251.18.182 - - [04/May/2020:06:48:46 -0700] "GET /ongoing/When/202x/2020/04/29/Leaving-Amazon HTTP/1.1" 200 10465 "https://t.co/oShy4TQisN?amp=1" "Mozilla/5.0 (Macintosh; Intel Mac OS X 10_15_4) AppleWebKit/605.1.15 (KHTML, like Gecko) Version/13.1 Safari/605.1.15"
90.251.18.182 - - [04/May/2020:06:48:46 -0700] "GET /ongoing/serif.css HTTP/1.1" 200 2177 "https://www.tbray.org/ongoing/When/202x/2020/04/29/Leaving-Amazon" "Mozilla/5.0 (Macintosh; Intel Mac OS X 10_15_4) AppleWebKit/605.1.15 (KHTML, like Gecko) Version/13.1 Safari/605.1.15"
90.251.18.182 - - [04/May/2020:06:48:47 -0700] "GET /ongoing/ongoing.js HTTP/1.1" 200 2477 "https://www.tbray.org/ongoing/When/202x/2020/04/29/Leaving-Amazon" "Mozilla/5.0 (Macintosh; Intel Mac OS X 10_15_4) AppleWebKit/605.1.15 (KHTML, like Gecko) Version/13.1 Safari/605.1.15"
108.16.233.97 - - [04/May/2020:06:48:47 -0700] "GET /ongoing/When/202x/2020/04/29/Leaving-Amazon HTTP/1.1" 200 10660 "-" "Mozilla/5.0 (Android 10; Mobile; rv:68.0) Gecko/68.0 Firefox/68.0"
66.46.231.122 - - [04/May/2020:06:48:47 -0700] "GET /ongoing/When/202x/2020/04/29/Leaving-Amazon HTTP/1.1" 200 10660 "https://news.ycombinator.com/" "Mozilla/5.0 (Windows NT 10.0; Win64; x64) AppleWebKit/537.36 (KHTML, like Gecko) Chrome/80.0.3987.149 Safari/537.36"
90.251.18.182 - - [04/May/2020:06:48:47 -0700] "GET /ongoing/darkwater60.jpg HTTP/1.1" 200 72594 "https://www.tbray.org/ongoing/When/202x/2020/04/29/Leaving-Amazon" "Mozilla/5.0 (Macintosh; Intel Mac OS X 10_15_4) AppleWebKit/605.1.15 (KHTML, like Gecko) Version/13.1 Safari/605.1.15"
90.251.18.182 - - [04/May/2020:06:48:47 -0700] "GET /ongoing/Feed.png HTTP/1.1" 200 7744 "https://www.tbray.org/ongoing/When/202x/2020/04/29/Leaving-Amazon" "Mozilla/5.0 (Macintosh; Intel Mac OS X 10_15_4) AppleWebKit/605.1.15 (KHTML, like Gecko) Version/13.1 Safari/605.1.15"
66.46.231.122 - - [04/May/2020:06:48:47 -0700] "GET /ongoing/serif.css HTTP/1.1" 200 2177 "https://www.tbray.org/ongoing/When/202x/2020/04/29/Leaving-Amazon" "Mozilla/5.0 (Windows NT 10.0; Win64; x64) AppleWebKit/537.36 (KHTML, like Gecko) Chrome/80.0.3987.149 Safari/537.36"
66.46.231.122 - - [04/May/2020:06:48:47 -0700] "GET /ongoing/ongoing.js HTTP/1.1" 200 2320 "https://www.tbray.org/ongoing/When/202x/2020/04/29/Leaving-Amazon" "Mozilla/5.0 (Windows NT 10.0; Win64; x64) AppleWebKit/537.36 (KHTML, like Gecko) Chrome/80.0.3987.149 Safari/537.36"
66.46.231.122 - - [04/May/2020:06:48:47 -0700] "GET /ongoing/Feed.png HTTP/1.1" 200 3848 "https://www.tbray.org/ongoing/When/202x/2020/04/29/Leaving-Amazon" "Mozilla/5.0 (Windows NT 10.0; Win64; x64) AppleWebKit/537.36 (KHTML, like Gecko) Chrome/80.0.3987.149 Safari/537.36"
108.16.233.97 - - [04/May/2020:06:48:47 -0700] "GET /ongoing/serif.css HTTP/1.1" 200 2177 "https://www.tbray.org/ongoing/When/202x/2020/04/29/Leaving-Amazon" "Mozilla/5.0 (Android 10; Mobile; rv:68.0) Gecko/68.0 Firefox/68.0"
203.189.152.127 - - [04/May/2020:06:48:38 -0700] "GET /ongoing/potd.png HTTP/1.1" 200 124876 "https://www.tbray.org/ongoing/WhatItIs" "Mozilla/5.0 (Windows NT 10.0; Win64; x64; rv:75.0) Gecko/20100101 Firefox/75.0"
90.251.18.182 - - [04/May/2020:06:48:47 -0700] "GET /ongoing/in-feed.xml HTTP/1.1" 200 781 "https://www.tbray.org/ongoing/When/202x/2020/04/29/Leaving-Amazon" "Mozilla/5.0 (Macintosh; Intel Mac OS X 10_15_4) AppleWebKit/605.1.15 (KHTML, like Gecko) Version/13.1 Safari/605.1.15"
90.251.18.182 - - [04/May/2020:06:48:47 -0700] "GET /ongoing/picInfo.xml?o=https://www.tbray.org/ongoing/When/202x/2020/04/29/Leaving-Amazon HTTP/1.1" 200 621 "https://www.tbray.org/ongoing/When/202x/2020/04/29/Leaving-Amazon" "Mozilla/5.0 (Macintosh; Intel Mac OS X 10_15_4) AppleWebKit/605.1.15 (KHTML, like Gecko) Version/13.1 Safari/605.1.15"
108.16.233.97 - - [04/May/2020:06:48:47 -0700] "GET /ongoing/ongoing.js HTTP/1.1" 200 2477 "https://www.tbray.org/ongoing/When/202x/2020/04/29/Leaving-Amazon" "Mozilla/5.0 (Android 10; Mobile; rv:68.0) Gecko/68.0 Firefox/68.0"
108.16.233.97 - - [04/May/2020:06:48:48 -0700] "GET /ongoing/Feed.png HTTP/1.1" 200 3848 "https://www.tbray.org/ongoing/When/202x/2020/04/29/Leaving-Amazon" "Mozilla/5.0 (Android 10; Mobile; rv:68.0) Gecko/68.0 Firefox/68.0"
66.46.231.122 - - [04/May/2020:06:48:48 -0700] "GET /ongoing/darkwater60.jpg HTTP/1.1" 200 72594 "https://www.tbray.org/ongoing/serif.css" "Mozilla/5.0 (Windows NT 10.0; Win64; x64) AppleWebKit/537.36 (KHTML, like Gecko) Chrome/80.0.3987.149 Safari/537.36"
108.16.233.97 - - [04/May/2020:06:48:48 -0700] "GET /ongoing/darkwater60.jpg HTTP/1.1" 200 72594 "https://www.tbray.org/ongoing/serif.css" "Mozilla/5.0 (Android 10; Mobile; rv:68.0) Gecko/68.0 Firefox/68.0"
66.46.231.122 - - [04/May/2020:06:48:48 -0700] "GET /ongoing/picInfo.xml?o=https://www.tbray.org/ongoing/When/202x/2020/04/29/Leaving-Amazon HTTP/1.1" 200 621 "https://www.tbray.org/ongoing/When/202x/2020/04/29/Leaving-Amazon" "Mozilla/5.0 (Windows NT 10.0; Win64; x64) AppleWebKit/537.36 (KHTML, like Gecko) Chrome/80.0.3987.149 Safari/537.36"
184.94.69.242 - - [04/May/2020:06:48:48 -0700] "GET /ongoing/in-feed.xml HTTP/1.1" 200 4872 "https://www.tbray.org/ongoing/When/202x/2020/04/29/Leaving-Amazon" "Mozilla/5.0 (Windows NT 10.0; Win64; x64) AppleWebKit/537.36 (KHTML, like Gecko) Chrome/80.0.3987.149 Safari/537.36"
66.46.231.122 - - [04/May/2020:06:48:48 -0700] "GET /favicon.ico HTTP/1.1" 200 6958 "https://www.tbray.org/ongoing/When/202x/2020/04/29/Leaving-Amazon" "Mozilla/5.0 (Windows NT 10.0; Win64; x64) AppleWebKit/537.36 (KHTML, like Gecko) Chrome/80.0.3987.149 Safari/537.36"
108.16.233.97 - - [04/May/2020:06:48:48 -0700] "GET /ongoing/in-feed.xml HTTP/1.1" 200 781 "https://www.tbray.org/ongoing/When/202x/2020/04/29/Leaving-Amazon" "Mozilla/5.0 (Android 10; Mobile; rv:68.0) Gecko/68.0 Firefox/68.0"
108.16.233.97 - - [04/May/2020:06:48:48 -0700] "GET /ongoing/picInfo.xml?o=https://www.tbray.org/ongoing/When/202x/2020/04/29/Leaving-Amazon HTTP/1.1" 200 621 "https://www.tbray.org/ongoing/When/202x/2020/04/29/Leaving-Amazon" "Mozilla/5.0 (Android 10; Mobile; rv:68.0) Gecko/68.0 Firefox/68.0"
108.16.233.97 - - [04/May/2020:06:48:49 -0700] "GET /favicon.ico HTTP/1.1" 200 11049 "-" "Mozilla/5.0 (Android 10; Mobile; rv:68.7.0) Gecko/68.7.0 Firefox/68.7.0"
69.117.210.71 - - [04/May/2020:06:48:51 -0700] "GET /ongoing/When/202x/2020/04/29/Leaving-Amazon HTTP/1.1" 200 10465 "https://news.ycombinator.com/" "Mozilla/5.0 (iPad; CPU OS 13_3_1 like Mac OS X) AppleWebKit/605.1.15 (KHTML, like Gecko) Version/13.0.5 Mobile/15E148 Safari/604.1"
69.117.210.71 - - [04/May/2020:06:48:51 -0700] "GET /ongoing/serif.css HTTP/1.1" 200 2177 "https://www.tbray.org/ongoing/When/202x/2020/04/29/Leaving-Amazon" "Mozilla/5.0 (iPad; CPU OS 13_3_1 like Mac OS X) AppleWebKit/605.1.15 (KHTML, like Gecko) Version/13.0.5 Mobile/15E148 Safari/604.1"
191.177.180.212 - - [04/May/2020:06:48:51 -0700] "GET /ongoing/When/202x/2020/04/29/Leaving-Amazon HTTP/1.1" 200 10660 "https://news.ycombinator.com/" "Mozilla/5.0 (X11; Ubuntu; Linux x86_64; rv:75.0) Gecko/20100101 Firefox/75.0"
193.148.16.219 - - [04/May/2020:06:48:51 -0700] "GET /ongoing/When/202x/2020/04/29/Leaving-Amazon HTTP/1.1" 200 10660 "-" "Mozilla/5.0 (Linux; Android 7.0; SM-G920F Build/NRD90M) AppleWebKit/537.36 (KHTML, like Gecko) Chrome/62.0.3202.84 Mobile Safari/537.36"
69.117.210.71 - - [04/May/2020:06:48:51 -0700] "GET /ongoing/Feed.png HTTP/1.1" 200 4005 "https://www.tbray.org/ongoing/When/202x/2020/04/29/Leaving-Amazon" "Mozilla/5.0 (iPad; CPU OS 13_3_1 like Mac OS X) AppleWebKit/605.1.15 (KHTML, like Gecko) Version/13.0.5 Mobile/15E148 Safari/604.1"
69.117.210.71 - - [04/May/2020:06:48:51 -0700] "GET /ongoing/ongoing.js HTTP/1.1" 200 6216 "https://www.tbray.org/ongoing/When/202x/2020/04/29/Leaving-Amazon" "Mozilla/5.0 (iPad; CPU OS 13_3_1 like Mac OS X) AppleWebKit/605.1.15 (KHTML, like Gecko) Version/13.0.5 Mobile/15E148 Safari/604.1"
69.117.210.71 - - [04/May/2020:06:48:51 -0700] "GET /ongoing/darkwater60.jpg HTTP/1.1" 200 72594 "https://www.tbray.org/ongoing/When/202x/2020/04/29/Leaving-Amazon" "Mozilla/5.0 (iPad; CPU OS 13_3_1 like Mac OS X) AppleWebKit/605.1.15 (KHTML, like Gecko) Version/13.0.5 Mobile/15E148 Safari/604.1"
191.177.180.212 - - [04/May/2020:06:48:51 -0700] "GET /ongoing/serif.css HTTP/1.1" 200 2177 "https://www.tbray.org/ongoing/When/202x/2020/04/29/Leaving-Amazon" "Mozilla/5.0 (X11; Ubuntu; Linux x86_64; rv:75.0) Gecko/20100101 Firefox/75.0"
69.117.210.71 - - [04/May/2020:06:48:52 -0700] "GET /ongoing/in-feed.xml HTTP/1.1" 200 781 "https://www.tbray.org/ongoing/When/202x/2020/04/29/Leaving-Amazon" "Mozilla/5.0 (iPad; CPU OS 13_3_1 like Mac OS X) AppleWebKit/605.1.15 (KHTML, like Gecko) Version/13.0.5 Mobile/15E148 Safari/604.1"
69.117.210.71 - - [04/May/2020:06:48:52 -0700] "GET /ongoing/picInfo.xml?o=https://www.tbray.org/ongoing/When/202x/2020/04/29/Leaving-Amazon HTTP/1.1" 200 621 "https://www.tbray.org/ongoing/When/202x/2020/04/29/Leaving-Amazon" "Mozilla/5.0 (iPad; CPU OS 13_3_1 like Mac OS X) AppleWebKit/605.1.15 (KHTML, like Gecko) Version/13.0.5 Mobile/15E148 Safari/604.1"
191.177.180.212 - - [04/May/2020:06:48:52 -0700] "GET /ongoing/ongoing.js HTTP/1.1" 200 2320 "https://www.tbray.org/ongoing/When/202x/2020/04/29/Leaving-Amazon" "Mozilla/5.0 (X11; Ubuntu; Linux x86_64; rv:75.0) Gecko/20100101 Firefox/75.0"
193.148.16.219 - - [04/May/2020:06:48:52 -0700] "GET /ongoing/serif.css HTTP/1.1" 200 2177 "https://www.tbray.org/ongoing/When/202x/2020/04/29/Leaving-Amazon" "Mozilla/5.0 (Linux; Android 7.0; SM-G920F Build/NRD90M) AppleWebKit/537.36 (KHTML, like Gecko) Chrome/62.0.3202.84 Mobile Safari/537.36"
193.148.16.219 - - [04/May/2020:06:48:52 -0700] "GET /ongoing/ongoing.js HTTP/1.1" 200 6411 "https://www.tbray.org/ongoing/When/202x/2020/04/29/Leaving-Amazon" "Mozilla/5.0 (Linux; Android 7.0; SM-G920F Build/NRD90M) AppleWebKit/537.36 (KHTML, like Gecko) Chrome/62.0.3202.84 Mobile Safari/537.36"
191.177.180.212 - - [04/May/2020:06:48:52 -0700] "GET /ongoing/Feed.png HTTP/1.1" 200 3848 "https://www.tbray.org/ongoing/When/202x/2020/04/29/Leaving-Amazon" "Mozilla/5.0 (X11; Ubuntu; Linux x86_64; rv:75.0) Gecko/20100101 Firefox/75.0"
191.177.180.212 - - [04/May/2020:06:48:52 -0700] "GET /ongoing/darkwater60.jpg HTTP/1.1" 200 72751 "https://www.tbray.org/ongoing/serif.css" "Mozilla/5.0 (X11; Ubuntu; Linux x86_64; rv:75.0) Gecko/20100101 Firefox/75.0"
191.177.180.212 - - [04/May/2020:06:48:52 -0700] "GET /favicon.ico HTTP/1.1" 200 6958 "-" "Mozilla/5.0 (X11; Ubuntu; Linux x86_64; rv:75.0) Gecko/20100101 Firefox/75.0"
86.40.117.232 - - [04/May/2020:06:48:53 -0700] "GET /ongoing/ongoing.js HTTP/1.1" 200 6216 "https://www.tbray.org/ongoing/When/202x/2020/04/29/Leaving-Amazon" "Mozilla/5.0 (iPhone; CPU iPhone OS 13_4_1 like Mac OS X) AppleWebKit/605.1.15 (KHTML, like Gecko) Version/13.1 Mobile/15E148 Safari/604.1"
191.177.180.212 - - [04/May/2020:06:48:53 -0700] "GET /ongoing/picInfo.xml?o=https://www.tbray.org/ongoing/When/202x/2020/04/29/Leaving-Amazon HTTP/1.1" 200 621 "https://www.tbray.org/ongoing/When/202x/2020/04/29/Leaving-Amazon" "Mozilla/5.0 (X11; Ubuntu; Linux x86_64; rv:75.0) Gecko/20100101 Firefox/75.0"
191.177.180.212 - - [04/May/2020:06:48:53 -0700] "GET /ongoing/in-feed.xml HTTP/1.1" 200 781 "https://www.tbray.org/ongoing/When/202x/2020/04/29/Leaving-Amazon" "Mozilla/5.0 (X11; Ubuntu; Linux x86_64; rv:75.0) Gecko/20100101 Firefox/75.0"
86.40.117.232 - - [04/May/2020:06:48:53 -0700] "GET /ongoing/Feed.png HTTP/1.1" 200 7744 "https://www.tbray.org/ongoing/When/202x/2020/04/29/Leaving-Amazon" "Mozilla/5.0 (iPhone; CPU iPhone OS 13_4_1 like Mac OS X) AppleWebKit/605.1.15 (KHTML, like Gecko) Version/13.1 Mobile/15E148 Safari/604.1"
69.117.210.71 - - [04/May/2020:06:48:53 -0700] "GET /favicon.ico HTTP/1.1" 200 10854 "https://www.tbray.org/ongoing/When/202x/2020/04/29/Leaving-Amazon" "Mozilla/5.0 (iPad; CPU OS 13_3_1 like Mac OS X) AppleWebKit/605.1.15 (KHTML, like Gecko) Version/13.0.5 Mobile/15E148 Safari/604.1"
86.40.117.232 - - [04/May/2020:06:48:53 -0700] "GET /ongoing/in-feed.xml HTTP/1.1" 200 781 "https://www.tbray.org/ongoing/When/202x/2020/04/29/Leaving-Amazon" "Mozilla/5.0 (iPhone; CPU iPhone OS 13_4_1 like Mac OS X) AppleWebKit/605.1.15 (KHTML, like Gecko) Version/13.1 Mobile/15E148 Safari/604.1"
122.169.54.96 - - [04/May/2020:06:48:54 -0700] "GET /ongoing/When/202x/2020/04/29/Leaving-Amazon HTTP/1.1" 200 10660 "https://www.techmeme.com/" "Mozilla/5.0 (Macintosh; Intel Mac OS X 10.14; rv:76.0) Gecko/20100101 Firefox/76.0"
193.148.16.219 - - [04/May/2020:06:48:54 -0700] "GET /ongoing/Feed.png HTTP/1.1" 200 3848 "https://www.tbray.org/ongoing/When/202x/2020/04/29/Leaving-Amazon" "Mozilla/5.0 (Linux; Android 7.0; SM-G920F Build/NRD90M) AppleWebKit/537.36 (KHTML, like Gecko) Chrome/62.0.3202.84 Mobile Safari/537.36"
193.148.16.219 - - [04/May/2020:06:48:54 -0700] "GET /ongoing/darkwater60.jpg HTTP/1.1" 200 72594 "https://www.tbray.org/ongoing/serif.css" "Mozilla/5.0 (Linux; Android 7.0; SM-G920F Build/NRD90M) AppleWebKit/537.36 (KHTML, like Gecko) Chrome/62.0.3202.84 Mobile Safari/537.36"
122.169.54.96 - - [04/May/2020:06:48:55 -0700] "GET /ongoing/ongoing.js HTTP/1.1" 200 6411 "https://www.tbray.org/ongoing/When/202x/2020/04/29/Leaving-Amazon" "Mozilla/5.0 (Macintosh; Intel Mac OS X 10.14; rv:76.0) Gecko/20100101 Firefox/76.0"
122.169.54.96 - - [04/May/2020:06:48:55 -0700] "GET /ongoing/serif.css HTTP/1.1" 200 2177 "https://www.tbray.org/ongoing/When/202x/2020/04/29/Leaving-Amazon" "Mozilla/5.0 (Macintosh; Intel Mac OS X 10.14; rv:76.0) Gecko/20100101 Firefox/76.0"
199.48.242.104 - - [04/May/2020:06:48:55 -0700] "GET /ongoing/When/202x/2020/04/29/Leaving-Amazon HTTP/1.1" 200 10660 "https://news.ycombinator.com/" "Mozilla/5.0 (Macintosh; Intel Mac OS X 10.15; rv:75.0) Gecko/20100101 Firefox/75.0"
193.148.16.219 - - [04/May/2020:06:48:55 -0700] "GET /ongoing/in-feed.xml HTTP/1.1" 200 781 "https://www.tbray.org/ongoing/When/202x/2020/04/29/Leaving-Amazon" "Mozilla/5.0 (Linux; Android 7.0; SM-G920F Build/NRD90M) AppleWebKit/537.36 (KHTML, like Gecko) Chrome/62.0.3202.84 Mobile Safari/537.36"
193.148.16.219 - - [04/May/2020:06:48:55 -0700] "GET /ongoing/picInfo.xml?o=https://www.tbray.org/ongoing/When/202x/2020/04/29/Leaving-Amazon HTTP/1.1" 200 621 "https://www.tbray.org/ongoing/When/202x/2020/04/29/Leaving-Amazon" "Mozilla/5.0 (Linux; Android 7.0; SM-G920F Build/NRD90M) AppleWebKit/537.36 (KHTML, like Gecko) Chrome/62.0.3202.84 Mobile Safari/537.36"
199.48.242.104 - - [04/May/2020:06:48:56 -0700] "GET /ongoing/serif.css HTTP/1.1" 200 2177 "https://www.tbray.org/ongoing/When/202x/2020/04/29/Leaving-Amazon" "Mozilla/5.0 (Macintosh; Intel Mac OS X 10.15; rv:75.0) Gecko/20100101 Firefox/75.0"
199.48.242.104 - - [04/May/2020:06:48:56 -0700] "GET /ongoing/ongoing.js HTTP/1.1" 200 2477 "https://www.tbray.org/ongoing/When/202x/2020/04/29/Leaving-Amazon" "Mozilla/5.0 (Macintosh; Intel Mac OS X 10.15; rv:75.0) Gecko/20100101 Firefox/75.0"
81.6.109.107 - - [04/May/2020:06:48:56 -0700] "GET /ongoing/When/202x/2020/04/29/Leaving-Amazon HTTP/1.1" 200 10465 "-" "Mozilla/5.0 (Macintosh; Intel Mac OS X 10_11_1) AppleWebKit/601.2.4 (KHTML, like Gecko) Version/9.0.1 Safari/601.2.4 facebookexternalhit/1.1 Facebot Twitterbot/1.0"
81.6.109.107 - - [04/May/2020:06:48:56 -0700] "GET /ongoing/When/202x/2020/04/29/Leaving-Amazon HTTP/1.1" 200 10465 "-" "Mozilla/5.0 (Macintosh; Intel Mac OS X 10_11_1) AppleWebKit/601.2.4 (KHTML, like Gecko) Version/9.0.1 Safari/601.2.4 facebookexternalhit/1.1 Facebot Twitterbot/1.0"
35.171.28.237 - - [04/May/2020:06:48:56 -0700] "GET /ongoing/When/202x/2020/04/29/Leaving-Amazon HTTP/1.1" 200 17801 "-" "chimebot"
199.48.242.104 - - [04/May/2020:06:48:56 -0700] "GET /ongoing/Feed.png HTTP/1.1" 200 3848 "https://www.tbray.org/ongoing/When/202x/2020/04/29/Leaving-Amazon" "Mozilla/5.0 (Macintosh; Intel Mac OS X 10.15; rv:75.0) Gecko/20100101 Firefox/75.0"
122.169.54.96 - - [04/May/2020:06:48:56 -0700] "GET /ongoing/Feed.png HTTP/1.1" 200 3848 "https://www.tbray.org/ongoing/When/202x/2020/04/29/Leaving-Amazon" "Mozilla/5.0 (Macintosh; Intel Mac OS X 10.14; rv:76.0) Gecko/20100101 Firefox/76.0"
199.48.242.104 - - [04/May/2020:06:48:56 -0700] "GET /ongoing/darkwater60.jpg HTTP/1.1" 200 72594 "https://www.tbray.org/ongoing/serif.css" "Mozilla/5.0 (Macintosh; Intel Mac OS X 10.15; rv:75.0) Gecko/20100101 Firefox/75.0"
81.6.109.107 - - [04/May/2020:06:48:57 -0700] "GET /apple-touch-icon-precomposed.png HTTP/1.1" 404 805 "-" "Mozilla/5.0 (Macintosh; Intel Mac OS X 10_11_1) AppleWebKit/601.2.4 (KHTML, like Gecko) Version/9.0.1 Safari/601.2.4 facebookexternalhit/1.1 Facebot Twitterbot/1.0"
81.6.109.107 - - [04/May/2020:06:48:57 -0700] "GET /apple-touch-icon.png HTTP/1.1" 404 793 "-" "Mozilla/5.0 (Macintosh; Intel Mac OS X 10_11_1) AppleWebKit/601.2.4 (KHTML, like Gecko) Version/9.0.1 Safari/601.2.4 facebookexternalhit/1.1 Facebot Twitterbot/1.0"
122.169.54.96 - - [04/May/2020:06:48:57 -0700] "GET /favicon.ico HTTP/1.1" 200 6958 "-" "Mozilla/5.0 (Macintosh; Intel Mac OS X 10.14; rv:76.0) Gecko/20100101 Firefox/76.0"
199.48.242.104 - - [04/May/2020:06:48:57 -0700] "GET /favicon.ico HTTP/1.1" 200 6958 "-" "Mozilla/5.0 (Macintosh; Intel Mac OS X 10.15; rv:75.0) Gecko/20100101 Firefox/75.0"
81.6.109.107 - - [04/May/2020:06:48:57 -0700] "GET /apple-touch-icon-precomposed.png HTTP/1.1" 404 4544 "-" "Mozilla/5.0 (Macintosh; Intel Mac OS X 10_11_1) AppleWebKit/601.2.4 (KHTML, like Gecko) Version/9.0.1 Safari/601.2.4 facebookexternalhit/1.1 Facebot Twitterbot/1.0"
81.6.109.107 - - [04/May/2020:06:48:57 -0700] "GET /favicon.ico HTTP/1.1" 200 10854 "-" "Mozilla/5.0 (Macintosh; Intel Mac OS X 10_11_1) AppleWebKit/601.2.4 (KHTML, like Gecko) Version/9.0.1 Safari/601.2.4 facebookexternalhit/1.1 Facebot Twitterbot/1.0"
81.6.109.107 - - [04/May/2020:06:48:57 -0700] "GET /apple-touch-icon.png HTTP/1.1" 404 4532 "-" "Mozilla/5.0 (Macintosh; Intel Mac OS X 10_11_1) AppleWebKit/601.2.4 (KHTML, like Gecko) Version/9.0.1 Safari/601.2.4 facebookexternalhit/1.1 Facebot Twitterbot/1.0"
81.6.109.107 - - [04/May/2020:06:48:57 -0700] "GET /favicon.ico HTTP/1.1" 200 10854 "-" "Mozilla/5.0 (Macintosh; Intel Mac OS X 10_11_1) AppleWebKit/601.2.4 (KHTML, like Gecko) Version/9.0.1 Safari/601.2.4 facebookexternalhit/1.1 Facebot Twitterbot/1.0"
122.169.54.96 - - [04/May/2020:06:48:58 -0700] "GET /ongoing/darkwater60.jpg HTTP/1.1" 200 72594 "https://www.tbray.org/ongoing/serif.css" "Mozilla/5.0 (Macintosh; Intel Mac OS X 10.14; rv:76.0) Gecko/20100101 Firefox/76.0"
49.35.34.66 - - [04/May/2020:06:48:58 -0700] "GET /ongoing/When/202x/2020/04/29/Leaving-Amazon HTTP/1.1" 200 10465 "-" "Mozilla/5.0 (Macintosh; Intel Mac OS X 10_14_6) AppleWebKit/605.1.15 (KHTML, like Gecko) Version/13.1 Safari/605.1.15"
49.35.34.66 - - [04/May/2020:06:48:59 -0700] "GET /ongoing/serif.css HTTP/1.1" 200 2177 "https://www.tbray.org/ongoing/When/202x/2020/04/29/Leaving-Amazon" "Mozilla/5.0 (Macintosh; Intel Mac OS X 10_14_6) AppleWebKit/605.1.15 (KHTML, like Gecko) Version/13.1 Safari/605.1.15"
69.140.80.231 - - [04/May/2020:06:49:00 -0700] "GET /ongoing/When/202x/2020/04/29/Leaving-Amazon HTTP/1.1" 200 10465 "https://news.ycombinator.com/" "Mozilla/5.0 (iPhone; CPU iPhone OS 13_3_1 like Mac OS X) AppleWebKit/605.1.15 (KHTML, like Gecko) Version/13.0.5 Mobile/15E148 Safari/604.1"
69.140.80.231 - - [04/May/2020:06:49:00 -0700] "GET /ongoing/serif.css HTTP/1.1" 200 2177 "https://www.tbray.org/ongoing/When/202x/2020/04/29/Leaving-Amazon" "Mozilla/5.0 (iPhone; CPU iPhone OS 13_3_1 like Mac OS X) AppleWebKit/605.1.15 (KHTML, like Gecko) Version/13.0.5 Mobile/15E148 Safari/604.1"
69.140.80.231 - - [04/May/2020:06:49:00 -0700] "GET /ongoing/Feed.png HTTP/1.1" 200 4005 "https://www.tbray.org/ongoing/When/202x/2020/04/29/Leaving-Amazon" "Mozilla/5.0 (iPhone; CPU iPhone OS 13_3_1 like Mac OS X) AppleWebKit/605.1.15 (KHTML, like Gecko) Version/13.0.5 Mobile/15E148 Safari/604.1"
69.140.80.231 - - [04/May/2020:06:49:00 -0700] "GET /ongoing/ongoing.js HTTP/1.1" 200 6216 "https://www.tbray.org/ongoing/When/202x/2020/04/29/Leaving-Amazon" "Mozilla/5.0 (iPhone; CPU iPhone OS 13_3_1 like Mac OS X) AppleWebKit/605.1.15 (KHTML, like Gecko) Version/13.0.5 Mobile/15E148 Safari/604.1"
49.35.34.66 - - [04/May/2020:06:49:00 -0700] "GET /ongoing/ongoing.js HTTP/1.1" 200 2462 "https://www.tbray.org/ongoing/When/202x/2020/04/29/Leaving-Amazon" "Mozilla/5.0 (Macintosh; Intel Mac OS X 10_14_6) AppleWebKit/605.1.15 (KHTML, like Gecko) Version/13.1 Safari/605.1.15"
49.35.34.66 - - [04/May/2020:06:49:00 -0700] "GET /ongoing/Feed.png HTTP/1.1" 200 3990 "https://www.tbray.org/ongoing/When/202x/2020/04/29/Leaving-Amazon" "Mozilla/5.0 (Macintosh; Intel Mac OS X 10_14_6) AppleWebKit/605.1.15 (KHTML, like Gecko) Version/13.1 Safari/605.1.15"
69.140.80.231 - - [04/May/2020:06:49:00 -0700] "GET /ongoing/darkwater60.jpg HTTP/1.1" 200 72594 "https://www.tbray.org/ongoing/When/202x/2020/04/29/Leaving-Amazon" "Mozilla/5.0 (iPhone; CPU iPhone OS 13_3_1 like Mac OS X) AppleWebKit/605.1.15 (KHTML, like Gecko) Version/13.0.5 Mobile/15E148 Safari/604.1"
199.48.242.104 - - [04/May/2020:06:49:01 -0700] "GET /ongoing/picInfo.xml?o=https://www.tbray.org/ongoing/When/202x/2020/04/29/Leaving-Amazon HTTP/1.1" 200 621 "https://www.tbray.org/ongoing/When/202x/2020/04/29/Leaving-Amazon" "Mozilla/5.0 (Macintosh; Intel Mac OS X 10.15; rv:75.0) Gecko/20100101 Firefox/75.0"
199.48.242.104 - - [04/May/2020:06:49:01 -0700] "GET /ongoing/in-feed.xml HTTP/1.1" 200 781 "https://www.tbray.org/ongoing/When/202x/2020/04/29/Leaving-Amazon" "Mozilla/5.0 (Macintosh; Intel Mac OS X 10.15; rv:75.0) Gecko/20100101 Firefox/75.0"
69.140.80.231 - - [04/May/2020:06:49:01 -0700] "GET /ongoing/picInfo.xml?o=https://www.tbray.org/ongoing/When/202x/2020/04/29/Leaving-Amazon HTTP/1.1" 200 621 "https://www.tbray.org/ongoing/When/202x/2020/04/29/Leaving-Amazon" "Mozilla/5.0 (iPhone; CPU iPhone OS 13_3_1 like Mac OS X) AppleWebKit/605.1.15 (KHTML, like Gecko) Version/13.0.5 Mobile/15E148 Safari/604.1"
69.140.80.231 - - [04/May/2020:06:49:01 -0700] "GET /ongoing/in-feed.xml HTTP/1.1" 200 781 "https://www.tbray.org/ongoing/When/202x/2020/04/29/Leaving-Amazon" "Mozilla/5.0 (iPhone; CPU iPhone OS 13_3_1 like Mac OS X) AppleWebKit/605.1.15 (KHTML, like Gecko) Version/13.0.5 Mobile/15E148 Safari/604.1"
49.35.34.66 - - [04/May/2020:06:49:01 -0700] "GET /ongoing/darkwater60.jpg HTTP/1.1" 200 72594 "https://www.tbray.org/ongoing/When/202x/2020/04/29/Leaving-Amazon" "Mozilla/5.0 (Macintosh; Intel Mac OS X 10_14_6) AppleWebKit/605.1.15 (KHTML, like Gecko) Version/13.1 Safari/605.1.15"
69.140.80.231 - - [04/May/2020:06:49:01 -0700] "GET /favicon.ico HTTP/1.1" 200 10854 "https://www.tbray.org/ongoing/When/202x/2020/04/29/Leaving-Amazon" "Mozilla/5.0 (iPhone; CPU iPhone OS 13_3_1 like Mac OS X) AppleWebKit/605.1.15 (KHTML, like Gecko) Version/13.0.5 Mobile/15E148 Safari/604.1"
49.35.34.66 - - [04/May/2020:06:49:02 -0700] "GET /ongoing/in-feed.xml HTTP/1.1" 200 781 "https://www.tbray.org/ongoing/When/202x/2020/04/29/Leaving-Amazon" "Mozilla/5.0 (Macintosh; Intel Mac OS X 10_14_6) AppleWebKit/605.1.15 (KHTML, like Gecko) Version/13.1 Safari/605.1.15"
49.35.34.66 - - [04/May/2020:06:49:02 -0700] "GET /ongoing/picInfo.xml?o=https://www.tbray.org/ongoing/When/202x/2020/04/29/Leaving-Amazon HTTP/1.1" 200 621 "https://www.tbray.org/ongoing/When/202x/2020/04/29/Leaving-Amazon" "Mozilla/5.0 (Macintosh; Intel Mac OS X 10_14_6) AppleWebKit/605.1.15 (KHTML, like Gecko) Version/13.1 Safari/605.1.15"
67.170.99.244 - - [04/May/2020:06:49:04 -0700] "GET /ongoing/When/202x/2020/04/29/Leaving-Amazon HTTP/1.1" 200 10465 "-" "Mozilla/5.0 (Macintosh; Intel Mac OS X 10_15_4) AppleWebKit/605.1.15 (KHTML, like Gecko) Version/13.1 Safari/605.1.15"
67.170.99.244 - - [04/May/2020:06:49:04 -0700] "GET /ongoing/serif.css HTTP/1.1" 200 2177 "https://www.tbray.org/ongoing/When/202x/2020/04/29/Leaving-Amazon" "Mozilla/5.0 (Macintosh; Intel Mac OS X 10_15_4) AppleWebKit/605.1.15 (KHTML, like Gecko) Version/13.1 Safari/605.1.15"
67.170.99.244 - - [04/May/2020:06:49:04 -0700] "GET /ongoing/ongoing.js HTTP/1.1" 200 2477 "https://www.tbray.org/ongoing/When/202x/2020/04/29/Leaving-Amazon" "Mozilla/5.0 (Macintosh; Intel Mac OS X 10_15_4) AppleWebKit/605.1.15 (KHTML, like Gecko) Version/13.1 Safari/605.1.15"
67.170.99.244 - - [04/May/2020:06:49:04 -0700] "GET /ongoing/Feed.png HTTP/1.1" 200 7744 "https://www.tbray.org/ongoing/When/202x/2020/04/29/Leaving-Amazon" "Mozilla/5.0 (Macintosh; Intel Mac OS X 10_15_4) AppleWebKit/605.1.15 (KHTML, like Gecko) Version/13.1 Safari/605.1.15"
67.170.99.244 - - [04/May/2020:06:49:04 -0700] "GET /ongoing/darkwater60.jpg HTTP/1.1" 200 72594 "https://www.tbray.org/ongoing/When/202x/2020/04/29/Leaving-Amazon" "Mozilla/5.0 (Macintosh; Intel Mac OS X 10_15_4) AppleWebKit/605.1.15 (KHTML, like Gecko) Version/13.1 Safari/605.1.15"
49.35.34.66 - - [04/May/2020:06:49:04 -0700] "GET /favicon.ico HTTP/1.1" 200 10854 "https://www.tbray.org/ongoing/When/202x/2020/04/29/Leaving-Amazon" "Mozilla/5.0 (Macintosh; Intel Mac OS X 10_14_6) AppleWebKit/605.1.15 (KHTML, like Gecko) Version/13.1 Safari/605.1.15"
67.170.99.244 - - [04/May/2020:06:49:04 -0700] "GET /ongoing/in-feed.xml HTTP/1.1" 200 781 "https://www.tbray.org/ongoing/When/202x/2020/04/29/Leaving-Amazon" "Mozilla/5.0 (Macintosh; Intel Mac OS X 10_15_4) AppleWebKit/605.1.15 (KHTML, like Gecko) Version/13.1 Safari/605.1.15"
67.170.99.244 - - [04/May/2020:06:49:04 -0700] "GET /ongoing/picInfo.xml?o=https://www.tbray.org/ongoing/When/202x/2020/04/29/Leaving-Amazon HTTP/1.1" 200 621 "https://www.tbray.org/ongoing/When/202x/2020/04/29/Leaving-Amazon" "Mozilla/5.0 (Macintosh; Intel Mac OS X 10_15_4) AppleWebKit/605.1.15 (KHTML, like Gecko) Version/13.1 Safari/605.1.15"
71.227.232.164 - - [04/May/2020:06:49:05 -0700] "GET /ongoing/ HTTP/1.1" 200 9504 "https://www.tbray.org/ongoing/When/202x/2020/04/29/Leaving-Amazon" "Mozilla/5.0 (Macintosh; Intel Mac OS X 10_15_4) AppleWebKit/605.1.15 (KHTML, like Gecko) Version/13.1.1 Safari/605.1.15"
71.227.232.164 - - [04/May/2020:06:49:05 -0700] "GET /ongoing/serif.css HTTP/1.1" 200 2177 "https://www.tbray.org/ongoing/" "Mozilla/5.0 (Macintosh; Intel Mac OS X 10_15_4) AppleWebKit/605.1.15 (KHTML, like Gecko) Version/13.1.1 Safari/605.1.15"
71.227.232.164 - - [04/May/2020:06:49:05 -0700] "GET /ongoing/ongoing.js HTTP/1.1" 200 2477 "https://www.tbray.org/ongoing/" "Mozilla/5.0 (Macintosh; Intel Mac OS X 10_15_4) AppleWebKit/605.1.15 (KHTML, like Gecko) Version/13.1.1 Safari/605.1.15"
71.227.232.164 - - [04/May/2020:06:49:05 -0700] "GET /ongoing/potd.png HTTP/1.1" 200 128772 "https://www.tbray.org/ongoing/" "Mozilla/5.0 (Macintosh; Intel Mac OS X 10_15_4) AppleWebKit/605.1.15 (KHTML, like Gecko) Version/13.1.1 Safari/605.1.15"
71.227.232.164 - - [04/May/2020:06:49:05 -0700] "GET /ongoing/darkwater60.jpg HTTP/1.1" 200 72594 "https://www.tbray.org/ongoing/" "Mozilla/5.0 (Macintosh; Intel Mac OS X 10_15_4) AppleWebKit/605.1.15 (KHTML, like Gecko) Version/13.1.1 Safari/605.1.15"
71.227.232.164 - - [04/May/2020:06:49:05 -0700] "GET /ongoing/picInfo.xml?o=https://www.tbray.org/ongoing/ HTTP/1.1" 200 621 "https://www.tbray.org/ongoing/" "Mozilla/5.0 (Macintosh; Intel Mac OS X 10_15_4) AppleWebKit/605.1.15 (KHTML, like Gecko) Version/13.1.1 Safari/605.1.15"
71.227.232.164 - - [04/May/2020:06:49:05 -0700] "GET /ongoing/in-feed.xml HTTP/1.1" 200 781 "https://www.tbray.org/ongoing/" "Mozilla/5.0 (Macintosh; Intel Mac OS X 10_15_4) AppleWebKit/605.1.15 (KHTML, like Gecko) Version/13.1.1 Safari/605.1.15"
201.179.34.9 - - [04/May/2020:06:49:06 -0700] "GET /ongoing/When/202x/2020/04/29/Leaving-Amazon HTTP/1.1" 200 10660 "https://news.ycombinator.com/" "Mozilla/5.0 (Macintosh; Intel Mac OS X 10.14; rv:76.0) Gecko/20100101 Firefox/76.0"
78.203.32.166 - - [04/May/2020:06:49:06 -0700] "GET /ongoing/When/202x/2020/04/29/Leaving-Amazon HTTP/1.1" 200 10465 "-" "Mozilla/5.0 (Macintosh; Intel Mac OS X 10_15_4) AppleWebKit/605.1.15 (KHTML, like Gecko) Version/13.1 Safari/605.1.15"
78.203.32.166 - - [04/May/2020:06:49:06 -0700] "GET /ongoing/serif.css HTTP/1.1" 200 2177 "https://www.tbray.org/ongoing/When/202x/2020/04/29/Leaving-Amazon" "Mozilla/5.0 (Macintosh; Intel Mac OS X 10_15_4) AppleWebKit/605.1.15 (KHTML, like Gecko) Version/13.1 Safari/605.1.15"
174.62.158.101 - - [04/May/2020:06:49:06 -0700] "GET /ongoing/When/202x/2020/04/29/Leaving-Amazon HTTP/1.1" 200 10660 "https://news.ycombinator.com/" "Mozilla/5.0 (Windows NT 10.0; Win64; x64; rv:75.0) Gecko/20100101 Firefox/75.0"
78.203.32.166 - - [04/May/2020:06:49:06 -0700] "GET /ongoing/ongoing.js HTTP/1.1" 200 2477 "https://www.tbray.org/ongoing/When/202x/2020/04/29/Leaving-Amazon" "Mozilla/5.0 (Macintosh; Intel Mac OS X 10_15_4) AppleWebKit/605.1.15 (KHTML, like Gecko) Version/13.1 Safari/605.1.15"
201.179.34.9 - - [04/May/2020:06:49:06 -0700] "GET /ongoing/Feed.png HTTP/1.1" 200 3848 "https://www.tbray.org/ongoing/When/202x/2020/04/29/Leaving-Amazon" "Mozilla/5.0 (Macintosh; Intel Mac OS X 10.14; rv:76.0) Gecko/20100101 Firefox/76.0"
78.203.32.166 - - [04/May/2020:06:49:06 -0700] "GET /ongoing/darkwater60.jpg HTTP/1.1" 200 72594 "https://www.tbray.org/ongoing/When/202x/2020/04/29/Leaving-Amazon" "Mozilla/5.0 (Macintosh; Intel Mac OS X 10_15_4) AppleWebKit/605.1.15 (KHTML, like Gecko) Version/13.1 Safari/605.1.15"
78.203.32.166 - - [04/May/2020:06:49:07 -0700] "GET /ongoing/Feed.png HTTP/1.1" 200 7744 "https://www.tbray.org/ongoing/When/202x/2020/04/29/Leaving-Amazon" "Mozilla/5.0 (Macintosh; Intel Mac OS X 10_15_4) AppleWebKit/605.1.15 (KHTML, like Gecko) Version/13.1 Safari/605.1.15"
174.62.158.101 - - [04/May/2020:06:49:07 -0700] "GET /ongoing/serif.css HTTP/1.1" 200 2177 "https://www.tbray.org/ongoing/When/202x/2020/04/29/Leaving-Amazon" "Mozilla/5.0 (Windows NT 10.0; Win64; x64; rv:75.0) Gecko/20100101 Firefox/75.0"
174.62.158.101 - - [04/May/2020:06:49:07 -0700] "GET /ongoing/ongoing.js HTTP/1.1" 200 2320 "https://www.tbray.org/ongoing/When/202x/2020/04/29/Leaving-Amazon" "Mozilla/5.0 (Windows NT 10.0; Win64; x64; rv:75.0) Gecko/20100101 Firefox/75.0"
174.62.158.101 - - [04/May/2020:06:49:07 -0700] "GET /ongoing/Feed.png HTTP/1.1" 200 3848 "https://www.tbray.org/ongoing/When/202x/2020/04/29/Leaving-Amazon" "Mozilla/5.0 (Windows NT 10.0; Win64; x64; rv:75.0) Gecko/20100101 Firefox/75.0"
174.62.158.101 - - [04/May/2020:06:49:07 -0700] "GET /ongoing/darkwater60.jpg HTTP/1.1" 200 72751 "https://www.tbray.org/ongoing/serif.css" "Mozilla/5.0 (Windows NT 10.0; Win64; x64; rv:75.0) Gecko/20100101 Firefox/75.0"
78.203.32.166 - - [04/May/2020:06:49:07 -0700] "GET /ongoing/picInfo.xml?o=https://www.tbray.org/ongoing/When/202x/2020/04/29/Leaving-Amazon HTTP/1.1" 200 621 "https://www.tbray.org/ongoing/When/202x/2020/04/29/Leaving-Amazon" "Mozilla/5.0 (Macintosh; Intel Mac OS X 10_15_4) AppleWebKit/605.1.15 (KHTML, like Gecko) Version/13.1 Safari/605.1.15"
78.203.32.166 - - [04/May/2020:06:49:07 -0700] "GET /ongoing/in-feed.xml HTTP/1.1" 200 781 "https://www.tbray.org/ongoing/When/202x/2020/04/29/Leaving-Amazon" "Mozilla/5.0 (Macintosh; Intel Mac OS X 10_15_4) AppleWebKit/605.1.15 (KHTML, like Gecko) Version/13.1 Safari/605.1.15"
201.179.34.9 - - [04/May/2020:06:49:07 -0700] "GET /ongoing/serif.css HTTP/1.1" 200 2334 "https://www.tbray.org/ongoing/When/202x/2020/04/29/Leaving-Amazon" "Mozilla/5.0 (Macintosh; Intel Mac OS X 10.14; rv:76.0) Gecko/20100101 Firefox/76.0"
174.62.158.101 - - [04/May/2020:06:49:07 -0700] "GET /favicon.ico HTTP/1.1" 200 6958 "-" "Mozilla/5.0 (Windows NT 10.0; Win64; x64; rv:75.0) Gecko/20100101 Firefox/75.0"
201.179.34.9 - - [04/May/2020:06:49:07 -0700] "GET /ongoing/ongoing.js HTTP/1.1" 200 6411 "https://www.tbray.org/ongoing/When/202x/2020/04/29/Leaving-Amazon" "Mozilla/5.0 (Macintosh; Intel Mac OS X 10.14; rv:76.0) Gecko/20100101 Firefox/76.0"
174.62.158.101 - - [04/May/2020:06:49:07 -0700] "GET /ongoing/picInfo.xml?o=https://www.tbray.org/ongoing/When/202x/2020/04/29/Leaving-Amazon HTTP/1.1" 200 621 "https://www.tbray.org/ongoing/When/202x/2020/04/29/Leaving-Amazon" "Mozilla/5.0 (Windows NT 10.0; Win64; x64; rv:75.0) Gecko/20100101 Firefox/75.0"
174.62.158.101 - - [04/May/2020:06:49:07 -0700] "GET /ongoing/in-feed.xml HTTP/1.1" 200 938 "https://www.tbray.org/ongoing/When/202x/2020/04/29/Leaving-Amazon" "Mozilla/5.0 (Windows NT 10.0; Win64; x64; rv:75.0) Gecko/20100101 Firefox/75.0"
78.203.32.166 - - [04/May/2020:06:49:08 -0700] "GET /favicon.ico HTTP/1.1" 200 10854 "https://www.tbray.org/ongoing/When/202x/2020/04/29/Leaving-Amazon" "Mozilla/5.0 (Macintosh; Intel Mac OS X 10_15_4) AppleWebKit/605.1.15 (KHTML, like Gecko) Version/13.1 Safari/605.1.15"
201.179.34.9 - - [04/May/2020:06:49:09 -0700] "GET /favicon.ico HTTP/1.1" 200 6958 "-" "Mozilla/5.0 (Macintosh; Intel Mac OS X 10.14; rv:76.0) Gecko/20100101 Firefox/76.0"
201.179.34.9 - - [04/May/2020:06:49:09 -0700] "GET /ongoing/darkwater60.jpg HTTP/1.1" 200 72594 "https://www.tbray.org/ongoing/serif.css" "Mozilla/5.0 (Macintosh; Intel Mac OS X 10.14; rv:76.0) Gecko/20100101 Firefox/76.0"
122.169.54.96 - - [04/May/2020:06:49:10 -0700] "GET /ongoing/picInfo.xml?o=https://www.tbray.org/ongoing/When/202x/2020/04/29/Leaving-Amazon HTTP/1.1" 200 778 "https://www.tbray.org/ongoing/When/202x/2020/04/29/Leaving-Amazon" "Mozilla/5.0 (Macintosh; Intel Mac OS X 10.14; rv:76.0) Gecko/20100101 Firefox/76.0"
122.169.54.96 - - [04/May/2020:06:49:10 -0700] "GET /ongoing/in-feed.xml HTTP/1.1" 200 938 "https://www.tbray.org/ongoing/When/202x/2020/04/29/Leaving-Amazon" "Mozilla/5.0 (Macintosh; Intel Mac OS X 10.14; rv:76.0) Gecko/20100101 Firefox/76.0"
172.58.238.137 - - [04/May/2020:06:49:11 -0700] "GET /ongoing/When/202x/2020/04/29/Leaving-Amazon HTTP/1.1" 200 10465 "-" "Mozilla/5.0 (iPhone; CPU iPhone OS 13_3_1 like Mac OS X) AppleWebKit/605.1.15 (KHTML, like Gecko) Version/13.0.5 Mobile/15E148 Safari/604.1"
172.58.238.137 - - [04/May/2020:06:49:11 -0700] "GET /ongoing/serif.css HTTP/1.1" 200 2177 "https://www.tbray.org/ongoing/When/202x/2020/04/29/Leaving-Amazon" "Mozilla/5.0 (iPhone; CPU iPhone OS 13_3_1 like Mac OS X) AppleWebKit/605.1.15 (KHTML, like Gecko) Version/13.0.5 Mobile/15E148 Safari/604.1"
172.58.238.137 - - [04/May/2020:06:49:12 -0700] "GET /ongoing/ongoing.js HTTP/1.1" 200 2477 "https://www.tbray.org/ongoing/When/202x/2020/04/29/Leaving-Amazon" "Mozilla/5.0 (iPhone; CPU iPhone OS 13_3_1 like Mac OS X) AppleWebKit/605.1.15 (KHTML, like Gecko) Version/13.0.5 Mobile/15E148 Safari/604.1"
190.97.29.253 - - [04/May/2020:06:49:12 -0700] "GET /ongoing/When/202x/2020/04/29/Leaving-Amazon HTTP/1.1" 200 10660 "https://news.ycombinator.com/" "Mozilla/5.0 (Windows NT 10.0; Win64; x64) AppleWebKit/537.36 (KHTML, like Gecko) Chrome/81.0.4044.129 Safari/537.36"
190.97.29.253 - - [04/May/2020:06:49:12 -0700] "GET /ongoing/serif.css HTTP/1.1" 200 2177 "https://www.tbray.org/ongoing/When/202x/2020/04/29/Leaving-Amazon" "Mozilla/5.0 (Windows NT 10.0; Win64; x64) AppleWebKit/537.36 (KHTML, like Gecko) Chrome/81.0.4044.129 Safari/537.36"
190.97.29.253 - - [04/May/2020:06:49:12 -0700] "GET /ongoing/ongoing.js HTTP/1.1" 200 6411 "https://www.tbray.org/ongoing/When/202x/2020/04/29/Leaving-Amazon" "Mozilla/5.0 (Windows NT 10.0; Win64; x64) AppleWebKit/537.36 (KHTML, like Gecko) Chrome/81.0.4044.129 Safari/537.36"
172.58.238.137 - - [04/May/2020:06:49:13 -0700] "GET /ongoing/Feed.png HTTP/1.1" 200 7744 "https://www.tbray.org/ongoing/When/202x/2020/04/29/Leaving-Amazon" "Mozilla/5.0 (iPhone; CPU iPhone OS 13_3_1 like Mac OS X) AppleWebKit/605.1.15 (KHTML, like Gecko) Version/13.0.5 Mobile/15E148 Safari/604.1"
190.97.29.253 - - [04/May/2020:06:49:13 -0700] "GET /ongoing/Feed.png HTTP/1.1" 200 3848 "https://www.tbray.org/ongoing/When/202x/2020/04/29/Leaving-Amazon" "Mozilla/5.0 (Windows NT 10.0; Win64; x64) AppleWebKit/537.36 (KHTML, like Gecko) Chrome/81.0.4044.129 Safari/537.36"
190.97.29.253 - - [04/May/2020:06:49:13 -0700] "GET /ongoing/darkwater60.jpg HTTP/1.1" 200 72594 "https://www.tbray.org/ongoing/serif.css" "Mozilla/5.0 (Windows NT 10.0; Win64; x64) AppleWebKit/537.36 (KHTML, like Gecko) Chrome/81.0.4044.129 Safari/537.36"
24.239.210.140 - - [04/May/2020:06:49:13 -0700] "-" 408 4090 "-" "-"
190.97.29.253 - - [04/May/2020:06:49:14 -0700] "GET /ongoing/in-feed.xml HTTP/1.1" 200 781 "https://www.tbray.org/ongoing/When/202x/2020/04/29/Leaving-Amazon" "Mozilla/5.0 (Windows NT 10.0; Win64; x64) AppleWebKit/537.36 (KHTML, like Gecko) Chrome/81.0.4044.129 Safari/537.36"
190.97.29.253 - - [04/May/2020:06:49:14 -0700] "GET /ongoing/picInfo.xml?o=https://www.tbray.org/ongoing/When/202x/2020/04/29/Leaving-Amazon HTTP/1.1" 200 621 "https://www.tbray.org/ongoing/When/202x/2020/04/29/Leaving-Amazon" "Mozilla/5.0 (Windows NT 10.0; Win64; x64) AppleWebKit/537.36 (KHTML, like Gecko) Chrome/81.0.4044.129 Safari/537.36"
190.97.29.253 - - [04/May/2020:06:49:14 -0700] "GET /favicon.ico HTTP/1.1" 200 11049 "https://www.tbray.org/ongoing/When/202x/2020/04/29/Leaving-Amazon" "Mozilla/5.0 (Windows NT 10.0; Win64; x64) AppleWebKit/537.36 (KHTML, like Gecko) Chrome/81.0.4044.129 Safari/537.36"
186.177.164.12 - - [04/May/2020:06:49:15 -0700] "GET /ongoing/When/202x/2020/04/29/Leaving-Amazon HTTP/1.1" 200 10660 "https://t.co/QTgYpueRxA" "Mozilla/5.0 (Macintosh; Intel Mac OS X 10_15_2) AppleWebKit/537.36 (KHTML, like Gecko) Chrome/81.0.4044.122 Safari/537.36"
186.177.164.12 - - [04/May/2020:06:49:15 -0700] "GET /ongoing/serif.css HTTP/1.1" 200 2177 "https://www.tbray.org/ongoing/When/202x/2020/04/29/Leaving-Amazon" "Mozilla/5.0 (Macintosh; Intel Mac OS X 10_15_2) AppleWebKit/537.36 (KHTML, like Gecko) Chrome/81.0.4044.122 Safari/537.36"
186.177.164.12 - - [04/May/2020:06:49:15 -0700] "GET /ongoing/ongoing.js HTTP/1.1" 200 6411 "https://www.tbray.org/ongoing/When/202x/2020/04/29/Leaving-Amazon" "Mozilla/5.0 (Macintosh; Intel Mac OS X 10_15_2) AppleWebKit/537.36 (KHTML, like Gecko) Chrome/81.0.4044.122 Safari/537.36"
186.177.164.12 - - [04/May/2020:06:49:15 -0700] "GET /ongoing/Feed.png HTTP/1.1" 200 3848 "https://www.tbray.org/ongoing/When/202x/2020/04/29/Leaving-Amazon" "Mozilla/5.0 (Macintosh; Intel Mac OS X 10_15_2) AppleWebKit/537.36 (KHTML, like Gecko) Chrome/81.0.4044.122 Safari/537.36"
172.58.238.137 - - [04/May/2020:06:49:12 -0700] "GET /ongoing/darkwater60.jpg HTTP/1.1" 200 72594 "https://www.tbray.org/ongoing/When/202x/2020/04/29/Leaving-Amazon" "Mozilla/5.0 (iPhone; CPU iPhone OS 13_3_1 like Mac OS X) AppleWebKit/605.1.15 (KHTML, like Gecko) Version/13.0.5 Mobile/15E148 Safari/604.1"
67.80.177.30 - - [04/May/2020:06:49:15 -0700] "GET /ongoing/When/202x/2020/04/29/Leaving-Amazon?fbclid=IwAR2xr4iwdtqZrD6DnAE754XHzHdDf8ROp-vKMUJ9kleR-CUt1ZuBZ1Afc8c HTTP/1.1" 200 10660 "https://l.facebook.com/" "Mozilla/5.0 (Macintosh; Intel Mac OS X 10_15_4) AppleWebKit/537.36 (KHTML, like Gecko) Chrome/81.0.4044.129 Safari/537.36"
107.178.194.209 - - [04/May/2020:06:49:15 -0700] "GET /ongoing/When/202x/2020/04/29/Leaving-Amazon HTTP/1.1" 200 10645 "-" "Mozilla/5.0 (Macintosh; Intel Mac OS X 10_13_4) AppleWebKit/537.36 (KHTML, like Gecko) Chrome/65.0.3325.181 Safari/537.36 AppEngine-Google; (+http://code.google.com/appengine; appid: s~feedly-nikon3)"
67.80.177.30 - - [04/May/2020:06:49:15 -0700] "GET /ongoing/serif.css HTTP/1.1" 200 2177 "https://www.tbray.org/ongoing/When/202x/2020/04/29/Leaving-Amazon?fbclid=IwAR2xr4iwdtqZrD6DnAE754XHzHdDf8ROp-vKMUJ9kleR-CUt1ZuBZ1Afc8c" "Mozilla/5.0 (Macintosh; Intel Mac OS X 10_15_4) AppleWebKit/537.36 (KHTML, like Gecko) Chrome/81.0.4044.129 Safari/537.36"
67.80.177.30 - - [04/May/2020:06:49:15 -0700] "GET /ongoing/ongoing.js HTTP/1.1" 200 6411 "https://www.tbray.org/ongoing/When/202x/2020/04/29/Leaving-Amazon?fbclid=IwAR2xr4iwdtqZrD6DnAE754XHzHdDf8ROp-vKMUJ9kleR-CUt1ZuBZ1Afc8c" "Mozilla/5.0 (Macintosh; Intel Mac OS X 10_15_4) AppleWebKit/537.36 (KHTML, like Gecko) Chrome/81.0.4044.129 Safari/537.36"
67.80.177.30 - - [04/May/2020:06:49:15 -0700] "GET /ongoing/Feed.png HTTP/1.1" 200 3848 "https://www.tbray.org/ongoing/When/202x/2020/04/29/Leaving-Amazon?fbclid=IwAR2xr4iwdtqZrD6DnAE754XHzHdDf8ROp-vKMUJ9kleR-CUt1ZuBZ1Afc8c" "Mozilla/5.0 (Macintosh; Intel Mac OS X 10_15_4) AppleWebKit/537.36 (KHTML, like Gecko) Chrome/81.0.4044.129 Safari/537.36"
186.177.164.12 - - [04/May/2020:06:49:15 -0700] "GET /ongoing/darkwater60.jpg HTTP/1.1" 200 72594 "https://www.tbray.org/ongoing/serif.css" "Mozilla/5.0 (Macintosh; Intel Mac OS X 10_15_2) AppleWebKit/537.36 (KHTML, like Gecko) Chrome/81.0.4044.122 Safari/537.36"
67.80.177.30 - - [04/May/2020:06:49:16 -0700] "GET /ongoing/darkwater60.jpg HTTP/1.1" 200 72594 "https://www.tbray.org/ongoing/serif.css" "Mozilla/5.0 (Macintosh; Intel Mac OS X 10_15_4) AppleWebKit/537.36 (KHTML, like Gecko) Chrome/81.0.4044.129 Safari/537.36"
67.80.177.30 - - [04/May/2020:06:49:16 -0700] "GET /ongoing/in-feed.xml HTTP/1.1" 200 781 "https://www.tbray.org/ongoing/When/202x/2020/04/29/Leaving-Amazon?fbclid=IwAR2xr4iwdtqZrD6DnAE754XHzHdDf8ROp-vKMUJ9kleR-CUt1ZuBZ1Afc8c" "Mozilla/5.0 (Macintosh; Intel Mac OS X 10_15_4) AppleWebKit/537.36 (KHTML, like Gecko) Chrome/81.0.4044.129 Safari/537.36"
67.80.177.30 - - [04/May/2020:06:49:16 -0700] "GET /ongoing/picInfo.xml?o=https://www.tbray.org/ongoing/When/202x/2020/04/29/Leaving-Amazon?fbclid=IwAR2xr4iwdtqZrD6DnAE754XHzHdDf8ROp-vKMUJ9kleR-CUt1ZuBZ1Afc8c HTTP/1.1" 200 621 "https://www.tbray.org/ongoing/When/202x/2020/04/29/Leaving-Amazon?fbclid=IwAR2xr4iwdtqZrD6DnAE754XHzHdDf8ROp-vKMUJ9kleR-CUt1ZuBZ1Afc8c" "Mozilla/5.0 (Macintosh; Intel Mac OS X 10_15_4) AppleWebKit/537.36 (KHTML, like Gecko) Chrome/81.0.4044.129 Safari/537.36"
186.177.164.12 - - [04/May/2020:06:49:16 -0700] "GET /ongoing/in-feed.xml HTTP/1.1" 200 781 "https://www.tbray.org/ongoing/When/202x/2020/04/29/Leaving-Amazon" "Mozilla/5.0 (Macintosh; Intel Mac OS X 10_15_2) AppleWebKit/537.36 (KHTML, like Gecko) Chrome/81.0.4044.122 Safari/537.36"
186.177.164.12 - - [04/May/2020:06:49:16 -0700] "GET /ongoing/picInfo.xml?o=https://www.tbray.org/ongoing/When/202x/2020/04/29/Leaving-Amazon HTTP/1.1" 200 621 "https://www.tbray.org/ongoing/When/202x/2020/04/29/Leaving-Amazon" "Mozilla/5.0 (Macintosh; Intel Mac OS X 10_15_2) AppleWebKit/537.36 (KHTML, like Gecko) Chrome/81.0.4044.122 Safari/537.36"
186.177.164.12 - - [04/May/2020:06:49:16 -0700] "GET /favicon.ico HTTP/1.1" 200 11049 "https://www.tbray.org/ongoing/When/202x/2020/04/29/Leaving-Amazon" "Mozilla/5.0 (Macintosh; Intel Mac OS X 10_15_2) AppleWebKit/537.36 (KHTML, like Gecko) Chrome/81.0.4044.122 Safari/537.36"
67.80.177.30 - - [04/May/2020:06:49:16 -0700] "GET /favicon.ico HTTP/1.1" 200 6958 "https://www.tbray.org/ongoing/When/202x/2020/04/29/Leaving-Amazon?fbclid=IwAR2xr4iwdtqZrD6DnAE754XHzHdDf8ROp-vKMUJ9kleR-CUt1ZuBZ1Afc8c" "Mozilla/5.0 (Macintosh; Intel Mac OS X 10_15_4) AppleWebKit/537.36 (KHTML, like Gecko) Chrome/81.0.4044.129 Safari/537.36"
213.22.89.178 - - [04/May/2020:06:49:16 -0700] "GET /ongoing/When/202x/2020/04/29/Leaving-Amazon HTTP/1.1" 200 10660 "-" "Mozilla/5.0 (X11; Linux x86_64; rv:75.0) Gecko/20100101 Firefox/75.0"
213.22.89.178 - - [04/May/2020:06:49:16 -0700] "GET /ongoing/serif.css HTTP/1.1" 200 2177 "https://www.tbray.org/ongoing/When/202x/2020/04/29/Leaving-Amazon" "Mozilla/5.0 (X11; Linux x86_64; rv:75.0) Gecko/20100101 Firefox/75.0"
213.22.89.178 - - [04/May/2020:06:49:17 -0700] "GET /ongoing/ongoing.js HTTP/1.1" 200 2320 "https://www.tbray.org/ongoing/When/202x/2020/04/29/Leaving-Amazon" "Mozilla/5.0 (X11; Linux x86_64; rv:75.0) Gecko/20100101 Firefox/75.0"
213.22.89.178 - - [04/May/2020:06:49:17 -0700] "GET /ongoing/Feed.png HTTP/1.1" 200 3848 "https://www.tbray.org/ongoing/When/202x/2020/04/29/Leaving-Amazon" "Mozilla/5.0 (X11; Linux x86_64; rv:75.0) Gecko/20100101 Firefox/75.0"
172.58.238.137 - - [04/May/2020:06:49:17 -0700] "GET /ongoing/picInfo.xml?o=https://www.tbray.org/ongoing/When/202x/2020/04/29/Leaving-Amazon HTTP/1.1" 200 621 "https://www.tbray.org/ongoing/When/202x/2020/04/29/Leaving-Amazon" "Mozilla/5.0 (iPhone; CPU iPhone OS 13_3_1 like Mac OS X) AppleWebKit/605.1.15 (KHTML, like Gecko) Version/13.0.5 Mobile/15E148 Safari/604.1"
213.22.89.178 - - [04/May/2020:06:49:17 -0700] "GET /ongoing/darkwater60.jpg HTTP/1.1" 200 72751 "https://www.tbray.org/ongoing/serif.css" "Mozilla/5.0 (X11; Linux x86_64; rv:75.0) Gecko/20100101 Firefox/75.0"
172.58.238.137 - - [04/May/2020:06:49:17 -0700] "GET /ongoing/in-feed.xml HTTP/1.1" 200 938 "https://www.tbray.org/ongoing/When/202x/2020/04/29/Leaving-Amazon" "Mozilla/5.0 (iPhone; CPU iPhone OS 13_3_1 like Mac OS X) AppleWebKit/605.1.15 (KHTML, like Gecko) Version/13.0.5 Mobile/15E148 Safari/604.1"
213.22.89.178 - - [04/May/2020:06:49:17 -0700] "GET /favicon.ico HTTP/1.1" 200 6958 "-" "Mozilla/5.0 (X11; Linux x86_64; rv:75.0) Gecko/20100101 Firefox/75.0"
213.22.89.178 - - [04/May/2020:06:49:17 -0700] "GET /ongoing/picInfo.xml?o=https://www.tbray.org/ongoing/When/202x/2020/04/29/Leaving-Amazon HTTP/1.1" 200 621 "https://www.tbray.org/ongoing/When/202x/2020/04/29/Leaving-Amazon" "Mozilla/5.0 (X11; Linux x86_64; rv:75.0) Gecko/20100101 Firefox/75.0"
213.22.89.178 - - [04/May/2020:06:49:17 -0700] "GET /ongoing/in-feed.xml HTTP/1.1" 200 781 "https://www.tbray.org/ongoing/When/202x/2020/04/29/Leaving-Amazon" "Mozilla/5.0 (X11; Linux x86_64; rv:75.0) Gecko/20100101 Firefox/75.0"
193.37.254.131 - - [04/May/2020:06:49:18 -0700] "GET /ongoing/When/202x/2020/04/29/Leaving-Amazon HTTP/1.1" 200 10465 "-" "HackerNews/1343 CFNetwork/1121.2.2 Darwin/19.3.0"
193.37.254.131 - - [04/May/2020:06:49:18 -0700] "GET /ongoing/When/202x/2020/04/29/Leaving-Amazon HTTP/1.1" 200 10465 "-" "HackerNews/1343 CFNetwork/1121.2.2 Darwin/19.3.0"
98.221.225.119 - - [04/May/2020:06:49:18 -0700] "-" 408 4090 "-" "-"
159.2.57.164 - - [04/May/2020:06:49:18 -0700] "GET /ongoing/When/202x/2020/04/29/Leaving-Amazon HTTP/1.1" 200 10660 "https://t.co/q1NttTYrBy?amp=1" "Mozilla/5.0 (Macintosh; Intel Mac OS X 10.15; rv:74.0) Gecko/20100101 Firefox/74.0"
159.2.57.164 - - [04/May/2020:06:49:18 -0700] "GET /ongoing/serif.css HTTP/1.1" 200 2177 "https://www.tbray.org/ongoing/When/202x/2020/04/29/Leaving-Amazon" "Mozilla/5.0 (Macintosh; Intel Mac OS X 10.15; rv:74.0) Gecko/20100101 Firefox/74.0"
159.2.57.164 - - [04/May/2020:06:49:19 -0700] "GET /ongoing/ongoing.js HTTP/1.1" 200 2477 "https://www.tbray.org/ongoing/When/202x/2020/04/29/Leaving-Amazon" "Mozilla/5.0 (Macintosh; Intel Mac OS X 10.15; rv:74.0) Gecko/20100101 Firefox/74.0"
201.179.34.9 - - [04/May/2020:06:49:19 -0700] "GET /ongoing/in-feed.xml HTTP/1.1" 200 938 "https://www.tbray.org/ongoing/When/202x/2020/04/29/Leaving-Amazon" "Mozilla/5.0 (Macintosh; Intel Mac OS X 10.14; rv:76.0) Gecko/20100101 Firefox/76.0"
201.179.34.9 - - [04/May/2020:06:49:19 -0700] "GET /ongoing/picInfo.xml?o=https://www.tbray.org/ongoing/When/202x/2020/04/29/Leaving-Amazon HTTP/1.1" 200 778 "https://www.tbray.org/ongoing/When/202x/2020/04/29/Leaving-Amazon" "Mozilla/5.0 (Macintosh; Intel Mac OS X 10.14; rv:76.0) Gecko/20100101 Firefox/76.0"
159.2.57.164 - - [04/May/2020:06:49:19 -0700] "GET /ongoing/Feed.png HTTP/1.1" 200 3848 "https://www.tbray.org/ongoing/When/202x/2020/04/29/Leaving-Amazon" "Mozilla/5.0 (Macintosh; Intel Mac OS X 10.15; rv:74.0) Gecko/20100101 Firefox/74.0"
159.2.57.164 - - [04/May/2020:06:49:19 -0700] "GET /ongoing/darkwater60.jpg HTTP/1.1" 200 72594 "https://www.tbray.org/ongoing/serif.css" "Mozilla/5.0 (Macintosh; Intel Mac OS X 10.15; rv:74.0) Gecko/20100101 Firefox/74.0"
108.16.233.97 - - [04/May/2020:06:49:19 -0700] "GET /ongoing/picInfo.xml?o=https://www.tbray.org/ongoing/When/202x/2020/04/29/Leaving-Amazon HTTP/1.1" 200 4712 "https://www.tbray.org/ongoing/When/202x/2020/04/29/Leaving-Amazon" "Mozilla/5.0 (Android 10; Mobile; rv:68.0) Gecko/68.0 Firefox/68.0"
41.157.108.222 - - [04/May/2020:06:49:19 -0700] "GET /ongoing/When/202x/2020/04/29/Leaving-Amazon HTTP/1.1" 200 10660 "-" "Mozilla/5.0 (Windows NT 10.0; Win64; x64; rv:75.0) Gecko/20100101 Firefox/75.0"
159.2.57.164 - - [04/May/2020:06:49:19 -0700] "GET /favicon.ico HTTP/1.1" 200 6958 "-" "Mozilla/5.0 (Macintosh; Intel Mac OS X 10.15; rv:74.0) Gecko/20100101 Firefox/74.0"
88.99.140.69 - - [04/May/2020:06:49:19 -0700] "GET /ongoing/When/202x/2020/04/29/Leaving-Amazon HTTP/1.1" 200 17587 "-" "Pleroma 2.0.0-1960-g758fc19e-heads-v2-0-0; https://social.nomagic.uk <hostmaster+pleroma@nomagic.uk>"
