96.48.229.116 - - [04/May/2020:06:49:52 -0700] "GET /ongoing/picInfo.xml?o=https://old.tbray.org/ongoing/When/202x/2020/04/29/Leaving-Amazon HTTP/1.1" 200 621 "https://old.tbray.org/ongoing/When/202x/2020/04/29/Leaving-Amazon" "Mozilla/5.0 (X11; Linux x86_64) AppleWebKit/537.36 (KHTML, like Gecko) Chrome/81.0.4044.113 Safari/537.36"
96.48.229.116 - - [04/May/2020:06:49:52 -0700] "GET /ongoing/in-feed.xml HTTP/1.1" 200 781 "https://old.tbray.org/ongoing/When/202x/2020/04/29/Leaving-Amazon" "Mozilla/5.0 (X11; Linux x86_64) AppleWebKit/537.36 (KHTML, like Gecko) Chrome/81.0.4044.113 Safari/537.36"
96.48.229.116 - - [04/May/2020:06:49:52 -0700] "GET /favicon.ico HTTP/1.1" 200 6958 "https://old.tbray.org/ongoing/When/202x/2020/04/29/Leaving-Amazon" "Mozilla/5.0 (X11; Linux x86_64) AppleWebKit/537.36 (KHTML, like Gecko) Chrome/81.0.4044.113 Safari/537.36"
200.229.146.221 - - [04/May/2020:06:49:53 -0700] "-" 408 156 "-" "-"
98.113.10.205 - - [04/May/2020:06:49:53 -0700] "GET /ongoing/When/202x/2020/04/29/Leaving-Amazon HTTP/1.1" 200 10660 "https://t.co/blJ7fTl6gj?amp=1" "Mozilla/5.0 (Linux; Android 10; Pixel 4) AppleWebKit/537.36 (KHTML, like Gecko) Chrome/81.0.4044.117 Mobile Safari/537.36"
98.113.10.205 - - [04/May/2020:06:49:53 -0700] "GET /ongoing/ongoing.js HTTP/1.1" 200 6411 "https://www.tbray.org/ongoing/When/202x/2020/04/29/Leaving-Amazon" "Mozilla/5.0 (Linux; Android 10; Pixel 4) AppleWebKit/537.36 (KHTML, like Gecko) Chrome/81.0.4044.117 Mobile Safari/537.36"
98.113.10.205 - - [04/May/2020:06:49:53 -0700] "GET /ongoing/serif.css HTTP/1.1" 200 2177 "https://www.tbray.org/ongoing/When/202x/2020/04/29/Leaving-Amazon" "Mozilla/5.0 (Linux; Android 10; Pixel 4) AppleWebKit/537.36 (KHTML, like Gecko) Chrome/81.0.4044.117 Mobile Safari/537.36"
98.113.10.205 - - [04/May/2020:06:49:53 -0700] "GET /ongoing/Feed.png HTTP/1.1" 200 3848 "https://www.tbray.org/ongoing/When/202x/2020/04/29/Leaving-Amazon" "Mozilla/5.0 (Linux; Android 10; Pixel 4) AppleWebKit/537.36 (KHTML, like Gecko) Chrome/81.0.4044.117 Mobile Safari/537.36"
98.113.10.205 - - [04/May/2020:06:49:53 -0700] "GET /ongoing/darkwater60.jpg HTTP/1.1" 200 72594 "https://www.tbray.org/ongoing/serif.css" "Mozilla/5.0 (Linux; Android 10; Pixel 4) AppleWebKit/537.36 (KHTML, like Gecko) Chrome/81.0.4044.117 Mobile Safari/537.36"
96.48.229.116 - - [04/May/2020:06:49:54 -0700] "GET /ongoing/When/202x/2020/04/29/Leaving-Amazon HTTP/1.1" 200 6569 "https://old.tbray.org/ongoing/" "Mozilla/5.0 (X11; Linux x86_64) AppleWebKit/537.36 (KHTML, like Gecko) Chrome/81.0.4044.113 Safari/537.36"
96.48.229.116 - - [04/May/2020:06:49:54 -0700] "GET /ongoing/picInfo.xml?o=https://old.tbray.org/ongoing/When/202x/2020/04/29/Leaving-Amazon HTTP/1.1" 200 621 "https://old.tbray.org/ongoing/When/202x/2020/04/29/Leaving-Amazon" "Mozilla/5.0 (X11; Linux x86_64) AppleWebKit/537.36 (KHTML, like Gecko) Chrome/81.0.4044.113 Safari/537.36"
98.113.10.205 - - [04/May/2020:06:49:54 -0700] "GET /ongoing/picInfo.xml?o=https://www.tbray.org/ongoing/When/202x/2020/04/29/Leaving-Amazon HTTP/1.1" 200 621 "https://www.tbray.org/ongoing/When/202x/2020/04/29/Leaving-Amazon" "Mozilla/5.0 (Linux; Android 10; Pixel 4) AppleWebKit/537.36 (KHTML, like Gecko) Chrome/81.0.4044.117 Mobile Safari/537.36"
98.113.10.205 - - [04/May/2020:06:49:54 -0700] "GET /ongoing/in-feed.xml HTTP/1.1" 200 781 "https://www.tbray.org/ongoing/When/202x/2020/04/29/Leaving-Amazon" "Mozilla/5.0 (Linux; Android 10; Pixel 4) AppleWebKit/537.36 (KHTML, like Gecko) Chrome/81.0.4044.117 Mobile Safari/537.36"
96.48.229.116 - - [04/May/2020:06:49:54 -0700] "GET /ongoing/in-feed.xml HTTP/1.1" 200 781 "https://old.tbray.org/ongoing/When/202x/2020/04/29/Leaving-Amazon" "Mozilla/5.0 (X11; Linux x86_64) AppleWebKit/537.36 (KHTML, like Gecko) Chrome/81.0.4044.113 Safari/537.36"
96.48.229.116 - - [04/May/2020:06:49:54 -0700] "GET /favicon.ico HTTP/1.1" 200 6958 "https://old.tbray.org/ongoing/When/202x/2020/04/29/Leaving-Amazon" "Mozilla/5.0 (X11; Linux x86_64) AppleWebKit/537.36 (KHTML, like Gecko) Chrome/81.0.4044.113 Safari/537.36"
98.113.10.205 - - [04/May/2020:06:49:54 -0700] "GET /favicon.ico HTTP/1.1" 200 6958 "https://www.tbray.org/ongoing/When/202x/2020/04/29/Leaving-Amazon" "Mozilla/5.0 (Linux; Android 10; Pixel 4) AppleWebKit/537.36 (KHTML, like Gecko) Chrome/81.0.4044.117 Mobile Safari/537.36"
69.84.1.182 - - [04/May/2020:06:49:54 -0700] "GET /ongoing/When/202x/2020/04/29/Leaving-Amazon HTTP/1.1" 200 10465 "https://news.ycombinator.com/" "Mozilla/5.0 (iPhone; CPU iPhone OS 13_3_1 like Mac OS X) AppleWebKit/605.1.15 (KHTML, like Gecko) Version/13.0.5 Mobile/15E148 Safari/604.1"
69.84.1.182 - - [04/May/2020:06:49:54 -0700] "GET /ongoing/serif.css HTTP/1.1" 200 2177 "https://www.tbray.org/ongoing/When/202x/2020/04/29/Leaving-Amazon" "Mozilla/5.0 (iPhone; CPU iPhone OS 13_3_1 like Mac OS X) AppleWebKit/605.1.15 (KHTML, like Gecko) Version/13.0.5 Mobile/15E148 Safari/604.1"
69.84.1.182 - - [04/May/2020:06:49:54 -0700] "GET /ongoing/ongoing.js HTTP/1.1" 200 2477 "https://www.tbray.org/ongoing/When/202x/2020/04/29/Leaving-Amazon" "Mozilla/5.0 (iPhone; CPU iPhone OS 13_3_1 like Mac OS X) AppleWebKit/605.1.15 (KHTML, like Gecko) Version/13.0.5 Mobile/15E148 Safari/604.1"
69.84.1.182 - - [04/May/2020:06:49:54 -0700] "GET /ongoing/Feed.png HTTP/1.1" 200 7744 "https://www.tbray.org/ongoing/When/202x/2020/04/29/Leaving-Amazon" "Mozilla/5.0 (iPhone; CPU iPhone OS 13_3_1 like Mac OS X) AppleWebKit/605.1.15 (KHTML, like Gecko) Version/13.0.5 Mobile/15E148 Safari/604.1"
69.84.1.182 - - [04/May/2020:06:49:55 -0700] "GET /ongoing/darkwater60.jpg HTTP/1.1" 200 72594 "https://www.tbray.org/ongoing/When/202x/2020/04/29/Leaving-Amazon" "Mozilla/5.0 (iPhone; CPU iPhone OS 13_3_1 like Mac OS X) AppleWebKit/605.1.15 (KHTML, like Gecko) Version/13.0.5 Mobile/15E148 Safari/604.1"
96.48.229.116 - - [04/May/2020:06:49:55 -0700] "GET /ongoing/When/202x/2020/04/29/Leaving-Amazon HTTP/1.1" 200 6569 "https://old.tbray.org/ongoing/" "Mozilla/5.0 (X11; Linux x86_64) AppleWebKit/537.36 (KHTML, like Gecko) Chrome/81.0.4044.113 Safari/537.36"
96.48.229.116 - - [04/May/2020:06:49:55 -0700] "GET /ongoing/picInfo.xml?o=https://old.tbray.org/ongoing/When/202x/2020/04/29/Leaving-Amazon HTTP/1.1" 200 621 "https://old.tbray.org/ongoing/When/202x/2020/04/29/Leaving-Amazon" "Mozilla/5.0 (X11; Linux x86_64) AppleWebKit/537.36 (KHTML, like Gecko) Chrome/81.0.4044.113 Safari/537.36"
96.48.229.116 - - [04/May/2020:06:49:55 -0700] "GET /ongoing/in-feed.xml HTTP/1.1" 200 781 "https://old.tbray.org/ongoing/When/202x/2020/04/29/Leaving-Amazon" "Mozilla/5.0 (X11; Linux x86_64) AppleWebKit/537.36 (KHTML, like Gecko) Chrome/81.0.4044.113 Safari/537.36"
96.48.229.116 - - [04/May/2020:06:49:55 -0700] "GET /favicon.ico HTTP/1.1" 200 6958 "https://old.tbray.org/ongoing/When/202x/2020/04/29/Leaving-Amazon" "Mozilla/5.0 (X11; Linux x86_64) AppleWebKit/537.36 (KHTML, like Gecko) Chrome/81.0.4044.113 Safari/537.36"
69.84.1.182 - - [04/May/2020:06:49:56 -0700] "GET /ongoing/picInfo.xml?o=https://www.tbray.org/ongoing/When/202x/2020/04/29/Leaving-Amazon HTTP/1.1" 200 621 "https://www.tbray.org/ongoing/When/202x/2020/04/29/Leaving-Amazon" "Mozilla/5.0 (iPhone; CPU iPhone OS 13_3_1 like Mac OS X) AppleWebKit/605.1.15 (KHTML, like Gecko) Version/13.0.5 Mobile/15E148 Safari/604.1"
69.84.1.182 - - [04/May/2020:06:49:56 -0700] "GET /ongoing/in-feed.xml HTTP/1.1" 200 781 "https://www.tbray.org/ongoing/When/202x/2020/04/29/Leaving-Amazon" "Mozilla/5.0 (iPhone; CPU iPhone OS 13_3_1 like Mac OS X) AppleWebKit/605.1.15 (KHTML, like Gecko) Version/13.0.5 Mobile/15E148 Safari/604.1"
69.84.1.182 - - [04/May/2020:06:49:56 -0700] "GET /favicon.ico HTTP/1.1" 200 10854 "https://www.tbray.org/ongoing/When/202x/2020/04/29/Leaving-Amazon" "Mozilla/5.0 (iPhone; CPU iPhone OS 13_3_1 like Mac OS X) AppleWebKit/605.1.15 (KHTML, like Gecko) Version/13.0.5 Mobile/15E148 Safari/604.1"
45.42.10.126 - - [04/May/2020:06:49:56 -0700] "GET /ongoing/When/202x/2020/04/29/Leaving-Amazon HTTP/1.1" 200 10660 "-" "Mozilla/5.0 (Macintosh; Intel Mac OS X 10.15; rv:77.0) Gecko/20100101 Firefox/77.0"
45.42.10.126 - - [04/May/2020:06:49:57 -0700] "GET /ongoing/Feed.png HTTP/1.1" 200 3848 "https://www.tbray.org/ongoing/When/202x/2020/04/29/Leaving-Amazon" "Mozilla/5.0 (Macintosh; Intel Mac OS X 10.15; rv:77.0) Gecko/20100101 Firefox/77.0"
45.42.10.126 - - [04/May/2020:06:49:57 -0700] "GET /ongoing/serif.css HTTP/1.1" 200 2177 "https://www.tbray.org/ongoing/When/202x/2020/04/29/Leaving-Amazon" "Mozilla/5.0 (Macintosh; Intel Mac OS X 10.15; rv:77.0) Gecko/20100101 Firefox/77.0"
45.42.10.126 - - [04/May/2020:06:49:58 -0700] "GET /ongoing/ongoing.js HTTP/1.1" 200 2477 "https://www.tbray.org/ongoing/When/202x/2020/04/29/Leaving-Amazon" "Mozilla/5.0 (Macintosh; Intel Mac OS X 10.15; rv:77.0) Gecko/20100101 Firefox/77.0"
35.187.134.17 - - [04/May/2020:06:49:58 -0700] "GET /ongoing/When/202x/2020/04/29/Leaving-Amazon HTTP/1.1" 200 10645 "-" "AppEngine-Google; (+http://code.google.com/appengine; appid: p~hackernews-bot)"
45.42.10.126 - - [04/May/2020:06:49:58 -0700] "GET /favicon.ico HTTP/1.1" 200 6958 "-" "Mozilla/5.0 (Macintosh; Intel Mac OS X 10.15; rv:77.0) Gecko/20100101 Firefox/77.0"
45.42.10.126 - - [04/May/2020:06:49:58 -0700] "GET /ongoing/darkwater60.jpg HTTP/1.1" 200 72594 "https://www.tbray.org/ongoing/serif.css" "Mozilla/5.0 (Macintosh; Intel Mac OS X 10.15; rv:77.0) Gecko/20100101 Firefox/77.0"
45.42.10.126 - - [04/May/2020:06:49:58 -0700] "GET /ongoing/in-feed.xml HTTP/1.1" 200 781 "https://www.tbray.org/ongoing/When/202x/2020/04/29/Leaving-Amazon" "Mozilla/5.0 (Macintosh; Intel Mac OS X 10.15; rv:77.0) Gecko/20100101 Firefox/77.0"
45.42.10.126 - - [04/May/2020:06:49:58 -0700] "GET /ongoing/picInfo.xml?o=https://www.tbray.org/ongoing/When/202x/2020/04/29/Leaving-Amazon HTTP/1.1" 200 621 "https://www.tbray.org/ongoing/When/202x/2020/04/29/Leaving-Amazon" "Mozilla/5.0 (Macintosh; Intel Mac OS X 10.15; rv:77.0) Gecko/20100101 Firefox/77.0"
212.89.232.74 - - [04/May/2020:06:50:00 -0700] "GET /ongoing/Feed.png HTTP/1.1" 200 7744 "https://www.tbray.org/ongoing/When/202x/2020/04/29/Leaving-Amazon" "Mozilla/5.0 (Macintosh; Intel Mac OS X 10_15_4) AppleWebKit/605.1.15 (KHTML, like Gecko) Version/13.1 Safari/605.1.15"
212.89.232.74 - - [04/May/2020:06:50:00 -0700] "GET /ongoing/ongoing.js HTTP/1.1" 200 6216 "https://www.tbray.org/ongoing/When/202x/2020/04/29/Leaving-Amazon" "Mozilla/5.0 (Macintosh; Intel Mac OS X 10_15_4) AppleWebKit/605.1.15 (KHTML, like Gecko) Version/13.1 Safari/605.1.15"
38.101.20.2 - - [04/May/2020:06:50:01 -0700] "GET /ongoing/darkwater60.jpg HTTP/1.1" 200 72747 "https://www.tbray.org/ongoing/serif.css" "Mozilla/5.0 (Windows NT 6.3; WOW64) AppleWebKit/537.36 (KHTML, like Gecko) Chrome/81.0.4044.129 Safari/537.36"
38.101.20.2 - - [04/May/2020:06:50:01 -0700] "GET /ongoing/picInfo.xml?o=https://www.tbray.org/ongoing/When/202x/2020/04/29/Leaving-Amazon HTTP/1.1" 200 621 "https://www.tbray.org/ongoing/When/202x/2020/04/29/Leaving-Amazon" "Mozilla/5.0 (Windows NT 6.3; WOW64) AppleWebKit/537.36 (KHTML, like Gecko) Chrome/81.0.4044.129 Safari/537.36"
38.101.20.2 - - [04/May/2020:06:50:01 -0700] "GET /ongoing/in-feed.xml HTTP/1.1" 200 781 "https://www.tbray.org/ongoing/When/202x/2020/04/29/Leaving-Amazon" "Mozilla/5.0 (Windows NT 6.3; WOW64) AppleWebKit/537.36 (KHTML, like Gecko) Chrome/81.0.4044.129 Safari/537.36"
38.101.20.2 - - [04/May/2020:06:50:01 -0700] "GET /favicon.ico HTTP/1.1" 200 7111 "https://www.tbray.org/ongoing/When/202x/2020/04/29/Leaving-Amazon" "Mozilla/5.0 (Windows NT 6.3; WOW64) AppleWebKit/537.36 (KHTML, like Gecko) Chrome/81.0.4044.129 Safari/537.36"
212.89.232.74 - - [04/May/2020:06:50:01 -0700] "GET /ongoing/in-feed.xml HTTP/1.1" 200 781 "https://www.tbray.org/ongoing/When/202x/2020/04/29/Leaving-Amazon" "Mozilla/5.0 (Macintosh; Intel Mac OS X 10_15_4) AppleWebKit/605.1.15 (KHTML, like Gecko) Version/13.1 Safari/605.1.15"
201.74.8.199 - - [04/May/2020:06:50:02 -0700] "GET /ongoing/When/202x/2020/04/29/Leaving-Amazon HTTP/1.1" 200 10660 "https://t.co/oShy4TQisN?amp=1" "Mozilla/5.0 (X11; Linux x86_64; rv:75.0) Gecko/20100101 Firefox/75.0"
201.74.8.199 - - [04/May/2020:06:50:02 -0700] "GET /ongoing/serif.css HTTP/1.1" 200 2177 "https://www.tbray.org/ongoing/When/202x/2020/04/29/Leaving-Amazon" "Mozilla/5.0 (X11; Linux x86_64; rv:75.0) Gecko/20100101 Firefox/75.0"
201.74.8.199 - - [04/May/2020:06:50:02 -0700] "GET /ongoing/ongoing.js HTTP/1.1" 200 2320 "https://www.tbray.org/ongoing/When/202x/2020/04/29/Leaving-Amazon" "Mozilla/5.0 (X11; Linux x86_64; rv:75.0) Gecko/20100101 Firefox/75.0"
212.89.232.74 - - [04/May/2020:06:50:02 -0700] "GET /favicon.ico HTTP/1.1" 200 10854 "https://www.tbray.org/ongoing/When/202x/2020/04/29/Leaving-Amazon" "Mozilla/5.0 (Macintosh; Intel Mac OS X 10_15_4) AppleWebKit/605.1.15 (KHTML, like Gecko) Version/13.1 Safari/605.1.15"
201.74.8.199 - - [04/May/2020:06:50:02 -0700] "GET /ongoing/Feed.png HTTP/1.1" 200 4005 "https://www.tbray.org/ongoing/When/202x/2020/04/29/Leaving-Amazon" "Mozilla/5.0 (X11; Linux x86_64; rv:75.0) Gecko/20100101 Firefox/75.0"
201.74.8.199 - - [04/May/2020:06:50:02 -0700] "GET /ongoing/darkwater60.jpg HTTP/1.1" 200 72594 "https://www.tbray.org/ongoing/serif.css" "Mozilla/5.0 (X11; Linux x86_64; rv:75.0) Gecko/20100101 Firefox/75.0"
96.78.40.170 - - [04/May/2020:06:50:02 -0700] "GET /ongoing/When/202x/2020/04/29/Leaving-Amazon HTTP/1.1" 200 10660 "https://news.ycombinator.com/" "Mozilla/5.0 (X11; Linux x86_64; rv:74.0) Gecko/20100101 Firefox/74.0"
201.74.8.199 - - [04/May/2020:06:50:03 -0700] "GET /favicon.ico HTTP/1.1" 200 6958 "-" "Mozilla/5.0 (X11; Linux x86_64; rv:75.0) Gecko/20100101 Firefox/75.0"
122.169.54.96 - - [04/May/2020:06:50:03 -0700] "GET /ongoing/picInfo.xml?o=https://www.tbray.org/ongoing/ HTTP/1.1" 200 778 "https://www.tbray.org/ongoing/" "Mozilla/5.0 (Macintosh; Intel Mac OS X 10.14; rv:76.0) Gecko/20100101 Firefox/76.0"
96.78.40.170 - - [04/May/2020:06:50:03 -0700] "GET /ongoing/serif.css HTTP/1.1" 200 2177 "https://www.tbray.org/ongoing/When/202x/2020/04/29/Leaving-Amazon" "Mozilla/5.0 (X11; Linux x86_64; rv:74.0) Gecko/20100101 Firefox/74.0"
96.78.40.170 - - [04/May/2020:06:50:03 -0700] "GET /ongoing/ongoing.js HTTP/1.1" 200 2320 "https://www.tbray.org/ongoing/When/202x/2020/04/29/Leaving-Amazon" "Mozilla/5.0 (X11; Linux x86_64; rv:74.0) Gecko/20100101 Firefox/74.0"
201.74.8.199 - - [04/May/2020:06:50:03 -0700] "GET /ongoing/in-feed.xml HTTP/1.1" 200 781 "https://www.tbray.org/ongoing/When/202x/2020/04/29/Leaving-Amazon" "Mozilla/5.0 (X11; Linux x86_64; rv:75.0) Gecko/20100101 Firefox/75.0"
201.74.8.199 - - [04/May/2020:06:50:03 -0700] "GET /ongoing/picInfo.xml?o=https://www.tbray.org/ongoing/When/202x/2020/04/29/Leaving-Amazon HTTP/1.1" 200 621 "https://www.tbray.org/ongoing/When/202x/2020/04/29/Leaving-Amazon" "Mozilla/5.0 (X11; Linux x86_64; rv:75.0) Gecko/20100101 Firefox/75.0"
96.78.40.170 - - [04/May/2020:06:50:03 -0700] "GET /ongoing/Feed.png HTTP/1.1" 200 3848 "https://www.tbray.org/ongoing/When/202x/2020/04/29/Leaving-Amazon" "Mozilla/5.0 (X11; Linux x86_64; rv:74.0) Gecko/20100101 Firefox/74.0"
96.78.40.170 - - [04/May/2020:06:50:04 -0700] "GET /ongoing/darkwater60.jpg HTTP/1.1" 200 72594 "https://www.tbray.org/ongoing/serif.css" "Mozilla/5.0 (X11; Linux x86_64; rv:74.0) Gecko/20100101 Firefox/74.0"
93.2.114.127 - - [04/May/2020:06:50:04 -0700] "GET /ongoing/When/202x/2020/04/29/Leaving-Amazon HTTP/1.1" 200 10660 "https://news.ycombinator.com/" "Mozilla/5.0 (Windows NT 6.3; Win64; x64) AppleWebKit/537.36 (KHTML, like Gecko) Chrome/38.0.2114.2 Safari/537.36"
93.2.114.127 - - [04/May/2020:06:50:04 -0700] "GET /ongoing/serif.css HTTP/1.1" 200 2177 "https://www.tbray.org/ongoing/When/202x/2020/04/29/Leaving-Amazon" "Mozilla/5.0 (Windows NT 6.3; Win64; x64) AppleWebKit/537.36 (KHTML, like Gecko) Chrome/38.0.2114.2 Safari/537.36"
93.2.114.127 - - [04/May/2020:06:50:04 -0700] "GET /ongoing/ongoing.js HTTP/1.1" 200 6411 "https://www.tbray.org/ongoing/When/202x/2020/04/29/Leaving-Amazon" "Mozilla/5.0 (Windows NT 6.3; Win64; x64) AppleWebKit/537.36 (KHTML, like Gecko) Chrome/38.0.2114.2 Safari/537.36"
96.78.40.170 - - [04/May/2020:06:50:04 -0700] "GET /favicon.ico HTTP/1.1" 200 6958 "-" "Mozilla/5.0 (X11; Linux x86_64; rv:74.0) Gecko/20100101 Firefox/74.0"
93.2.114.127 - - [04/May/2020:06:50:04 -0700] "GET /ongoing/Feed.png HTTP/1.1" 200 3848 "https://www.tbray.org/ongoing/When/202x/2020/04/29/Leaving-Amazon" "Mozilla/5.0 (Windows NT 6.3; Win64; x64) AppleWebKit/537.36 (KHTML, like Gecko) Chrome/38.0.2114.2 Safari/537.36"
66.33.212.113 - - [04/May/2020:06:50:04 -0700] "GET /ongoing/When/202x/2020/04/29/Leaving-Amazon HTTP/1.1" 200 17602 "http://www.google.co.uk/url?sa=t&source=web&cd=1" "Mozilla/5.0 (X11; Ubuntu; Linux x86_64; rv:65.0) Gecko/20100101 Firefox/65.0"
96.78.40.170 - - [04/May/2020:06:50:04 -0700] "GET /ongoing/in-feed.xml HTTP/1.1" 200 938 "https://www.tbray.org/ongoing/When/202x/2020/04/29/Leaving-Amazon" "Mozilla/5.0 (X11; Linux x86_64; rv:74.0) Gecko/20100101 Firefox/74.0"
96.78.40.170 - - [04/May/2020:06:50:04 -0700] "GET /ongoing/picInfo.xml?o=https://www.tbray.org/ongoing/When/202x/2020/04/29/Leaving-Amazon HTTP/1.1" 200 621 "https://www.tbray.org/ongoing/When/202x/2020/04/29/Leaving-Amazon" "Mozilla/5.0 (X11; Linux x86_64; rv:74.0) Gecko/20100101 Firefox/74.0"
93.2.114.127 - - [04/May/2020:06:50:04 -0700] "GET /ongoing/darkwater60.jpg HTTP/1.1" 200 72594 "https://www.tbray.org/ongoing/serif.css" "Mozilla/5.0 (Windows NT 6.3; Win64; x64) AppleWebKit/537.36 (KHTML, like Gecko) Chrome/38.0.2114.2 Safari/537.36"
93.2.114.127 - - [04/May/2020:06:50:05 -0700] "GET /ongoing/picInfo.xml?o=https://www.tbray.org/ongoing/When/202x/2020/04/29/Leaving-Amazon HTTP/1.1" 200 621 "https://www.tbray.org/ongoing/When/202x/2020/04/29/Leaving-Amazon" "Mozilla/5.0 (Windows NT 6.3; Win64; x64) AppleWebKit/537.36 (KHTML, like Gecko) Chrome/38.0.2114.2 Safari/537.36"
93.2.114.127 - - [04/May/2020:06:50:05 -0700] "GET /ongoing/in-feed.xml HTTP/1.1" 200 781 "https://www.tbray.org/ongoing/When/202x/2020/04/29/Leaving-Amazon" "Mozilla/5.0 (Windows NT 6.3; Win64; x64) AppleWebKit/537.36 (KHTML, like Gecko) Chrome/38.0.2114.2 Safari/537.36"
93.2.114.127 - - [04/May/2020:06:50:05 -0700] "GET /favicon.ico HTTP/1.1" 200 11049 "https://www.tbray.org/ongoing/When/202x/2020/04/29/Leaving-Amazon" "Mozilla/5.0 (Windows NT 6.3; Win64; x64) AppleWebKit/537.36 (KHTML, like Gecko) Chrome/38.0.2114.2 Safari/537.36"
98.208.207.207 - - [04/May/2020:06:50:06 -0700] "GET /ongoing/When/202x/2020/04/29/Leaving-Amazon HTTP/1.1" 200 10465 "https://t.co/blJ7fTl6gj?amp=1" "Mozilla/5.0 (iPhone; CPU iPhone OS 13_3_1 like Mac OS X) AppleWebKit/605.1.15 (KHTML, like Gecko) Version/13.0.5 Mobile/15E148 Safari/604.1"
98.208.207.207 - - [04/May/2020:06:50:06 -0700] "GET /ongoing/serif.css HTTP/1.1" 200 2177 "https://www.tbray.org/ongoing/When/202x/2020/04/29/Leaving-Amazon" "Mozilla/5.0 (iPhone; CPU iPhone OS 13_3_1 like Mac OS X) AppleWebKit/605.1.15 (KHTML, like Gecko) Version/13.0.5 Mobile/15E148 Safari/604.1"
98.208.207.207 - - [04/May/2020:06:50:06 -0700] "GET /ongoing/Feed.png HTTP/1.1" 200 4005 "https://www.tbray.org/ongoing/When/202x/2020/04/29/Leaving-Amazon" "Mozilla/5.0 (iPhone; CPU iPhone OS 13_3_1 like Mac OS X) AppleWebKit/605.1.15 (KHTML, like Gecko) Version/13.0.5 Mobile/15E148 Safari/604.1"
98.208.207.207 - - [04/May/2020:06:50:07 -0700] "GET /ongoing/ongoing.js HTTP/1.1" 200 6216 "https://www.tbray.org/ongoing/When/202x/2020/04/29/Leaving-Amazon" "Mozilla/5.0 (iPhone; CPU iPhone OS 13_3_1 like Mac OS X) AppleWebKit/605.1.15 (KHTML, like Gecko) Version/13.0.5 Mobile/15E148 Safari/604.1"
98.208.207.207 - - [04/May/2020:06:50:07 -0700] "GET /ongoing/darkwater60.jpg HTTP/1.1" 200 72594 "https://www.tbray.org/ongoing/When/202x/2020/04/29/Leaving-Amazon" "Mozilla/5.0 (iPhone; CPU iPhone OS 13_3_1 like Mac OS X) AppleWebKit/605.1.15 (KHTML, like Gecko) Version/13.0.5 Mobile/15E148 Safari/604.1"
98.208.207.207 - - [04/May/2020:06:50:07 -0700] "GET /ongoing/in-feed.xml HTTP/1.1" 200 781 "https://www.tbray.org/ongoing/When/202x/2020/04/29/Leaving-Amazon" "Mozilla/5.0 (iPhone; CPU iPhone OS 13_3_1 like Mac OS X) AppleWebKit/605.1.15 (KHTML, like Gecko) Version/13.0.5 Mobile/15E148 Safari/604.1"
98.208.207.207 - - [04/May/2020:06:50:07 -0700] "GET /ongoing/picInfo.xml?o=https://www.tbray.org/ongoing/When/202x/2020/04/29/Leaving-Amazon HTTP/1.1" 200 621 "https://www.tbray.org/ongoing/When/202x/2020/04/29/Leaving-Amazon" "Mozilla/5.0 (iPhone; CPU iPhone OS 13_3_1 like Mac OS X) AppleWebKit/605.1.15 (KHTML, like Gecko) Version/13.0.5 Mobile/15E148 Safari/604.1"
54.37.254.31 - - [04/May/2020:06:50:08 -0700] "GET /ongoing/When/202x/2020/04/29/Leaving-Amazon HTTP/1.1" 200 10064 "-" "http.rb/4.3.0 (Mastodon/3.1.3; +https://aana.site/)"
46.124.111.102 - - [04/May/2020:06:50:10 -0700] "-" 408 4090 "-" "-"
45.12.220.185 - - [04/May/2020:06:50:11 -0700] "GET /ongoing/When/202x/2020/04/29/Leaving-Amazon HTTP/1.1" 200 10660 "https://t.co/wJMrAPtoMq?amp=1" "Mozilla/5.0 (Windows NT 10.0; Win64; x64) AppleWebKit/537.36 (KHTML, like Gecko) Chrome/81.0.4044.129 Safari/537.36"
45.12.220.185 - - [04/May/2020:06:50:11 -0700] "GET /ongoing/serif.css HTTP/1.1" 200 2177 "https://www.tbray.org/ongoing/When/202x/2020/04/29/Leaving-Amazon" "Mozilla/5.0 (Windows NT 10.0; Win64; x64) AppleWebKit/537.36 (KHTML, like Gecko) Chrome/81.0.4044.129 Safari/537.36"
45.12.220.185 - - [04/May/2020:06:50:11 -0700] "GET /ongoing/Feed.png HTTP/1.1" 200 3848 "https://www.tbray.org/ongoing/When/202x/2020/04/29/Leaving-Amazon" "Mozilla/5.0 (Windows NT 10.0; Win64; x64) AppleWebKit/537.36 (KHTML, like Gecko) Chrome/81.0.4044.129 Safari/537.36"
45.12.220.185 - - [04/May/2020:06:50:11 -0700] "GET /ongoing/ongoing.js HTTP/1.1" 200 6411 "https://www.tbray.org/ongoing/When/202x/2020/04/29/Leaving-Amazon" "Mozilla/5.0 (Windows NT 10.0; Win64; x64) AppleWebKit/537.36 (KHTML, like Gecko) Chrome/81.0.4044.129 Safari/537.36"
45.12.220.185 - - [04/May/2020:06:50:12 -0700] "GET /ongoing/darkwater60.jpg HTTP/1.1" 200 72594 "https://www.tbray.org/ongoing/serif.css" "Mozilla/5.0 (Windows NT 10.0; Win64; x64) AppleWebKit/537.36 (KHTML, like Gecko) Chrome/81.0.4044.129 Safari/537.36"
186.3.182.139 - - [04/May/2020:06:50:12 -0700] "GET /ongoing/When/202x/2020/04/29/Leaving-Amazon HTTP/1.1" 200 10660 "-" "Mozilla/5.0 (Macintosh; Intel Mac OS X 10_15_4) AppleWebKit/537.36 (KHTML, like Gecko) Chrome/81.0.4044.132 Safari/537.36"
186.3.182.139 - - [04/May/2020:06:50:12 -0700] "GET /ongoing/serif.css HTTP/1.1" 200 2177 "https://www.tbray.org/ongoing/When/202x/2020/04/29/Leaving-Amazon" "Mozilla/5.0 (Macintosh; Intel Mac OS X 10_15_4) AppleWebKit/537.36 (KHTML, like Gecko) Chrome/81.0.4044.132 Safari/537.36"
186.3.182.139 - - [04/May/2020:06:50:12 -0700] "GET /ongoing/ongoing.js HTTP/1.1" 200 6411 "https://www.tbray.org/ongoing/When/202x/2020/04/29/Leaving-Amazon" "Mozilla/5.0 (Macintosh; Intel Mac OS X 10_15_4) AppleWebKit/537.36 (KHTML, like Gecko) Chrome/81.0.4044.132 Safari/537.36"
176.63.9.242 - - [04/May/2020:06:50:12 -0700] "GET /ongoing/When/202x/2020/04/29/Leaving-Amazon HTTP/1.1" 200 10660 "https://t.co/oShy4TQisN?amp=1" "Mozilla/5.0 (X11; Linux x86_64) AppleWebKit/537.36 (KHTML, like Gecko) Chrome/80.0.3987.163 Safari/537.36"
186.3.182.139 - - [04/May/2020:06:50:12 -0700] "GET /ongoing/Feed.png HTTP/1.1" 200 3848 "https://www.tbray.org/ongoing/When/202x/2020/04/29/Leaving-Amazon" "Mozilla/5.0 (Macintosh; Intel Mac OS X 10_15_4) AppleWebKit/537.36 (KHTML, like Gecko) Chrome/81.0.4044.132 Safari/537.36"
45.12.220.185 - - [04/May/2020:06:50:12 -0700] "GET /ongoing/in-feed.xml HTTP/1.1" 200 781 "https://www.tbray.org/ongoing/When/202x/2020/04/29/Leaving-Amazon" "Mozilla/5.0 (Windows NT 10.0; Win64; x64) AppleWebKit/537.36 (KHTML, like Gecko) Chrome/81.0.4044.129 Safari/537.36"
45.12.220.185 - - [04/May/2020:06:50:12 -0700] "GET /ongoing/picInfo.xml?o=https://www.tbray.org/ongoing/When/202x/2020/04/29/Leaving-Amazon HTTP/1.1" 200 621 "https://www.tbray.org/ongoing/When/202x/2020/04/29/Leaving-Amazon" "Mozilla/5.0 (Windows NT 10.0; Win64; x64) AppleWebKit/537.36 (KHTML, like Gecko) Chrome/81.0.4044.129 Safari/537.36"
45.12.220.185 - - [04/May/2020:06:50:12 -0700] "GET /favicon.ico HTTP/1.1" 200 11049 "https://www.tbray.org/ongoing/When/202x/2020/04/29/Leaving-Amazon" "Mozilla/5.0 (Windows NT 10.0; Win64; x64) AppleWebKit/537.36 (KHTML, like Gecko) Chrome/81.0.4044.129 Safari/537.36"
186.3.182.139 - - [04/May/2020:06:50:13 -0700] "GET /ongoing/darkwater60.jpg HTTP/1.1" 200 72594 "https://www.tbray.org/ongoing/serif.css" "Mozilla/5.0 (Macintosh; Intel Mac OS X 10_15_4) AppleWebKit/537.36 (KHTML, like Gecko) Chrome/81.0.4044.132 Safari/537.36"
176.63.9.242 - - [04/May/2020:06:50:13 -0700] "GET /ongoing/ongoing.js HTTP/1.1" 200 6411 "https://www.tbray.org/ongoing/When/202x/2020/04/29/Leaving-Amazon" "Mozilla/5.0 (X11; Linux x86_64) AppleWebKit/537.36 (KHTML, like Gecko) Chrome/80.0.3987.163 Safari/537.36"
176.63.9.242 - - [04/May/2020:06:50:13 -0700] "GET /ongoing/serif.css HTTP/1.1" 200 2177 "https://www.tbray.org/ongoing/When/202x/2020/04/29/Leaving-Amazon" "Mozilla/5.0 (X11; Linux x86_64) AppleWebKit/537.36 (KHTML, like Gecko) Chrome/80.0.3987.163 Safari/537.36"
176.63.9.242 - - [04/May/2020:06:50:13 -0700] "GET /ongoing/Feed.png HTTP/1.1" 200 4005 "https://www.tbray.org/ongoing/When/202x/2020/04/29/Leaving-Amazon" "Mozilla/5.0 (X11; Linux x86_64) AppleWebKit/537.36 (KHTML, like Gecko) Chrome/80.0.3987.163 Safari/537.36"
186.3.182.139 - - [04/May/2020:06:50:13 -0700] "GET /ongoing/in-feed.xml HTTP/1.1" 200 781 "https://www.tbray.org/ongoing/When/202x/2020/04/29/Leaving-Amazon" "Mozilla/5.0 (Macintosh; Intel Mac OS X 10_15_4) AppleWebKit/537.36 (KHTML, like Gecko) Chrome/81.0.4044.132 Safari/537.36"
186.3.182.139 - - [04/May/2020:06:50:13 -0700] "GET /ongoing/picInfo.xml?o=https://www.tbray.org/ongoing/When/202x/2020/04/29/Leaving-Amazon HTTP/1.1" 200 621 "https://www.tbray.org/ongoing/When/202x/2020/04/29/Leaving-Amazon" "Mozilla/5.0 (Macintosh; Intel Mac OS X 10_15_4) AppleWebKit/537.36 (KHTML, like Gecko) Chrome/81.0.4044.132 Safari/537.36"
186.3.182.139 - - [04/May/2020:06:50:13 -0700] "GET /favicon.ico HTTP/1.1" 200 11049 "https://www.tbray.org/ongoing/When/202x/2020/04/29/Leaving-Amazon" "Mozilla/5.0 (Macintosh; Intel Mac OS X 10_15_4) AppleWebKit/537.36 (KHTML, like Gecko) Chrome/81.0.4044.132 Safari/537.36"
98.113.10.205 - - [04/May/2020:06:50:14 -0700] "-" 408 156 "-" "-"
64.90.34.106 - - [04/May/2020:06:50:15 -0700] "GET /ongoing/ongoing.atom HTTP/1.1" 200 137941 "-" "Fever/1.39 (Feed Parser; http://feedafever.com; Allow like Gecko)"
171.50.200.232 - - [04/May/2020:06:50:15 -0700] "GET /ongoing/When/202x/2020/04/29/Leaving-Amazon HTTP/1.1" 200 10660 "-" "Mozilla/5.0 (Linux; Android 10; RMX1992) AppleWebKit/537.36 (KHTML, like Gecko) Chrome/81.0.4044.117 Mobile Safari/537.36"
171.50.200.232 - - [04/May/2020:06:50:16 -0700] "GET /ongoing/serif.css HTTP/1.1" 200 2177 "https://www.tbray.org/ongoing/When/202x/2020/04/29/Leaving-Amazon" "Mozilla/5.0 (Linux; Android 10; RMX1992) AppleWebKit/537.36 (KHTML, like Gecko) Chrome/81.0.4044.117 Mobile Safari/537.36"
171.50.200.232 - - [04/May/2020:06:50:16 -0700] "GET /ongoing/ongoing.js HTTP/1.1" 200 6411 "https://www.tbray.org/ongoing/When/202x/2020/04/29/Leaving-Amazon" "Mozilla/5.0 (Linux; Android 10; RMX1992) AppleWebKit/537.36 (KHTML, like Gecko) Chrome/81.0.4044.117 Mobile Safari/537.36"
45.247.197.45 - - [04/May/2020:06:50:16 -0700] "GET /ongoing/When/202x/2020/04/29/Leaving-Amazon HTTP/1.1" 200 10660 "-" "Mozilla/5.0 (Android 7.1.2; Mobile; rv:68.0) Gecko/68.0 Firefox/68.0"
15.188.9.177 - - [04/May/2020:06:50:17 -0700] "GET /ongoing/When/202x/2020/04/29/Leaving-Amazon HTTP/1.1" 200 10660 "https://news.ycombinator.com/" "Mozilla/5.0 (Windows NT 10.0; Win64; x64) AppleWebKit/537.36 (KHTML, like Gecko) Chrome/81.0.4044.129 Safari/537.36"
15.188.9.177 - - [04/May/2020:06:50:17 -0700] "GET /ongoing/serif.css HTTP/1.1" 200 2177 "https://www.tbray.org/ongoing/When/202x/2020/04/29/Leaving-Amazon" "Mozilla/5.0 (Windows NT 10.0; Win64; x64) AppleWebKit/537.36 (KHTML, like Gecko) Chrome/81.0.4044.129 Safari/537.36"
176.63.9.242 - - [04/May/2020:06:50:14 -0700] "GET /ongoing/darkwater60.jpg HTTP/1.1" 200 72594 "https://www.tbray.org/ongoing/serif.css" "Mozilla/5.0 (X11; Linux x86_64) AppleWebKit/537.36 (KHTML, like Gecko) Chrome/80.0.3987.163 Safari/537.36"
15.188.9.177 - - [04/May/2020:06:50:17 -0700] "GET /ongoing/ongoing.js HTTP/1.1" 200 2320 "https://www.tbray.org/ongoing/When/202x/2020/04/29/Leaving-Amazon" "Mozilla/5.0 (Windows NT 10.0; Win64; x64) AppleWebKit/537.36 (KHTML, like Gecko) Chrome/81.0.4044.129 Safari/537.36"
15.188.9.177 - - [04/May/2020:06:50:17 -0700] "GET /ongoing/Feed.png HTTP/1.1" 200 3848 "https://www.tbray.org/ongoing/When/202x/2020/04/29/Leaving-Amazon" "Mozilla/5.0 (Windows NT 10.0; Win64; x64) AppleWebKit/537.36 (KHTML, like Gecko) Chrome/81.0.4044.129 Safari/537.36"
15.188.9.177 - - [04/May/2020:06:50:17 -0700] "GET /ongoing/darkwater60.jpg HTTP/1.1" 200 72594 "https://www.tbray.org/ongoing/serif.css" "Mozilla/5.0 (Windows NT 10.0; Win64; x64) AppleWebKit/537.36 (KHTML, like Gecko) Chrome/81.0.4044.129 Safari/537.36"
171.50.200.232 - - [04/May/2020:06:50:18 -0700] "GET /ongoing/Feed.png HTTP/1.1" 200 3848 "https://www.tbray.org/ongoing/When/202x/2020/04/29/Leaving-Amazon" "Mozilla/5.0 (Linux; Android 10; RMX1992) AppleWebKit/537.36 (KHTML, like Gecko) Chrome/81.0.4044.117 Mobile Safari/537.36"
15.188.9.177 - - [04/May/2020:06:50:18 -0700] "GET /ongoing/picInfo.xml?o=https://www.tbray.org/ongoing/When/202x/2020/04/29/Leaving-Amazon HTTP/1.1" 200 621 "https://www.tbray.org/ongoing/When/202x/2020/04/29/Leaving-Amazon" "Mozilla/5.0 (Windows NT 10.0; Win64; x64) AppleWebKit/537.36 (KHTML, like Gecko) Chrome/81.0.4044.129 Safari/537.36"
15.188.9.177 - - [04/May/2020:06:50:18 -0700] "GET /ongoing/in-feed.xml HTTP/1.1" 200 781 "https://www.tbray.org/ongoing/When/202x/2020/04/29/Leaving-Amazon" "Mozilla/5.0 (Windows NT 10.0; Win64; x64) AppleWebKit/537.36 (KHTML, like Gecko) Chrome/81.0.4044.129 Safari/537.36"
15.188.9.177 - - [04/May/2020:06:50:18 -0700] "GET /favicon.ico HTTP/1.1" 200 6958 "https://www.tbray.org/ongoing/When/202x/2020/04/29/Leaving-Amazon" "Mozilla/5.0 (Windows NT 10.0; Win64; x64) AppleWebKit/537.36 (KHTML, like Gecko) Chrome/81.0.4044.129 Safari/537.36"
173.239.197.250 - - [04/May/2020:06:50:19 -0700] "GET /ongoing/When/202x/2020/04/29/Leaving-Amazon HTTP/1.1" 200 10660 "https://news.ycombinator.com/" "Mozilla/5.0 (Macintosh; Intel Mac OS X 10.14; rv:75.0) Gecko/20100101 Firefox/75.0"
82.124.28.21 - - [04/May/2020:06:50:19 -0700] "GET /ongoing/When/202x/2020/04/29/Leaving-Amazon HTTP/1.1" 200 10660 "-" "Mozilla/5.0 (Linux; Android 9; SM-A530F) AppleWebKit/537.36 (KHTML, like Gecko) Chrome/81.0.4044.122 Mobile Safari/537.36"
24.12.188.125 - - [04/May/2020:06:50:19 -0700] "GET /apple-touch-icon-precomposed.png HTTP/1.1" 404 4544 "-" "Mozilla/5.0 (Macintosh; Intel Mac OS X 10_11_1) AppleWebKit/601.2.4 (KHTML, like Gecko) Version/9.0.1 Safari/601.2.4 facebookexternalhit/1.1 Facebot Twitterbot/1.0"
24.12.188.125 - - [04/May/2020:06:50:19 -0700] "GET /apple-touch-icon-precomposed.png HTTP/1.1" 404 4544 "-" "Mozilla/5.0 (Macintosh; Intel Mac OS X 10_11_1) AppleWebKit/601.2.4 (KHTML, like Gecko) Version/9.0.1 Safari/601.2.4 facebookexternalhit/1.1 Facebot Twitterbot/1.0"
173.239.197.250 - - [04/May/2020:06:50:19 -0700] "GET /ongoing/serif.css HTTP/1.1" 200 2177 "https://www.tbray.org/ongoing/When/202x/2020/04/29/Leaving-Amazon" "Mozilla/5.0 (Macintosh; Intel Mac OS X 10.14; rv:75.0) Gecko/20100101 Firefox/75.0"
104.54.201.35 - - [04/May/2020:06:50:19 -0700] "GET /ongoing/Feed.png HTTP/1.1" 200 7744 "https://www.tbray.org/ongoing/When/202x/2020/04/29/Leaving-Amazon" "Mozilla/5.0 (iPad; CPU OS 13_4_1 like Mac OS X) AppleWebKit/605.1.15 (KHTML, like Gecko) Version/13.1 Mobile/15E148 Safari/604.1"
82.124.28.21 - - [04/May/2020:06:50:19 -0700] "GET /ongoing/serif.css HTTP/1.1" 200 2177 "https://www.tbray.org/ongoing/When/202x/2020/04/29/Leaving-Amazon" "Mozilla/5.0 (Linux; Android 9; SM-A530F) AppleWebKit/537.36 (KHTML, like Gecko) Chrome/81.0.4044.122 Mobile Safari/537.36"
24.12.188.125 - - [04/May/2020:06:50:19 -0700] "GET /apple-touch-icon.png HTTP/1.1" 404 793 "-" "Mozilla/5.0 (Macintosh; Intel Mac OS X 10_11_1) AppleWebKit/601.2.4 (KHTML, like Gecko) Version/9.0.1 Safari/601.2.4 facebookexternalhit/1.1 Facebot Twitterbot/1.0"
24.12.188.125 - - [04/May/2020:06:50:19 -0700] "GET /favicon.ico HTTP/1.1" 200 7115 "-" "Mozilla/5.0 (Macintosh; Intel Mac OS X 10_11_1) AppleWebKit/601.2.4 (KHTML, like Gecko) Version/9.0.1 Safari/601.2.4 facebookexternalhit/1.1 Facebot Twitterbot/1.0"
24.12.188.125 - - [04/May/2020:06:50:19 -0700] "GET /apple-touch-icon.png HTTP/1.1" 404 4532 "-" "Mozilla/5.0 (Macintosh; Intel Mac OS X 10_11_1) AppleWebKit/601.2.4 (KHTML, like Gecko) Version/9.0.1 Safari/601.2.4 facebookexternalhit/1.1 Facebot Twitterbot/1.0"
173.239.197.250 - - [04/May/2020:06:50:19 -0700] "GET /ongoing/ongoing.js HTTP/1.1" 200 2477 "https://www.tbray.org/ongoing/When/202x/2020/04/29/Leaving-Amazon" "Mozilla/5.0 (Macintosh; Intel Mac OS X 10.14; rv:75.0) Gecko/20100101 Firefox/75.0"
82.124.28.21 - - [04/May/2020:06:50:19 -0700] "GET /ongoing/ongoing.js HTTP/1.1" 200 2320 "https://www.tbray.org/ongoing/When/202x/2020/04/29/Leaving-Amazon" "Mozilla/5.0 (Linux; Android 9; SM-A530F) AppleWebKit/537.36 (KHTML, like Gecko) Chrome/81.0.4044.122 Mobile Safari/537.36"
173.239.197.250 - - [04/May/2020:06:50:20 -0700] "GET /ongoing/Feed.png HTTP/1.1" 200 3848 "https://www.tbray.org/ongoing/When/202x/2020/04/29/Leaving-Amazon" "Mozilla/5.0 (Macintosh; Intel Mac OS X 10.14; rv:75.0) Gecko/20100101 Firefox/75.0"
24.12.188.125 - - [04/May/2020:06:50:20 -0700] "GET /favicon.ico HTTP/1.1" 200 10854 "-" "Mozilla/5.0 (Macintosh; Intel Mac OS X 10_11_1) AppleWebKit/601.2.4 (KHTML, like Gecko) Version/9.0.1 Safari/601.2.4 facebookexternalhit/1.1 Facebot Twitterbot/1.0"
82.124.28.21 - - [04/May/2020:06:50:20 -0700] "GET /ongoing/Feed.png HTTP/1.1" 200 4005 "https://www.tbray.org/ongoing/When/202x/2020/04/29/Leaving-Amazon" "Mozilla/5.0 (Linux; Android 9; SM-A530F) AppleWebKit/537.36 (KHTML, like Gecko) Chrome/81.0.4044.122 Mobile Safari/537.36"
173.239.197.250 - - [04/May/2020:06:50:20 -0700] "GET /ongoing/darkwater60.jpg HTTP/1.1" 200 72594 "https://www.tbray.org/ongoing/serif.css" "Mozilla/5.0 (Macintosh; Intel Mac OS X 10.14; rv:75.0) Gecko/20100101 Firefox/75.0"
82.124.28.21 - - [04/May/2020:06:50:20 -0700] "GET /ongoing/darkwater60.jpg HTTP/1.1" 200 72594 "https://www.tbray.org/ongoing/serif.css" "Mozilla/5.0 (Linux; Android 9; SM-A530F) AppleWebKit/537.36 (KHTML, like Gecko) Chrome/81.0.4044.122 Mobile Safari/537.36"
173.239.197.250 - - [04/May/2020:06:50:20 -0700] "GET /favicon.ico HTTP/1.1" 200 6958 "-" "Mozilla/5.0 (Macintosh; Intel Mac OS X 10.14; rv:75.0) Gecko/20100101 Firefox/75.0"
173.239.197.250 - - [04/May/2020:06:50:20 -0700] "GET /ongoing/picInfo.xml?o=https://www.tbray.org/ongoing/When/202x/2020/04/29/Leaving-Amazon HTTP/1.1" 200 621 "https://www.tbray.org/ongoing/When/202x/2020/04/29/Leaving-Amazon" "Mozilla/5.0 (Macintosh; Intel Mac OS X 10.14; rv:75.0) Gecko/20100101 Firefox/75.0"
82.124.28.21 - - [04/May/2020:06:50:20 -0700] "GET /ongoing/picInfo.xml?o=https://www.tbray.org/ongoing/When/202x/2020/04/29/Leaving-Amazon HTTP/1.1" 200 621 "https://www.tbray.org/ongoing/When/202x/2020/04/29/Leaving-Amazon" "Mozilla/5.0 (Linux; Android 9; SM-A530F) AppleWebKit/537.36 (KHTML, like Gecko) Chrome/81.0.4044.122 Mobile Safari/537.36"
82.124.28.21 - - [04/May/2020:06:50:20 -0700] "GET /ongoing/in-feed.xml HTTP/1.1" 200 781 "https://www.tbray.org/ongoing/When/202x/2020/04/29/Leaving-Amazon" "Mozilla/5.0 (Linux; Android 9; SM-A530F) AppleWebKit/537.36 (KHTML, like Gecko) Chrome/81.0.4044.122 Mobile Safari/537.36"
82.124.28.21 - - [04/May/2020:06:50:20 -0700] "GET /favicon.ico HTTP/1.1" 200 7115 "https://www.tbray.org/ongoing/When/202x/2020/04/29/Leaving-Amazon" "Mozilla/5.0 (Linux; Android 9; SM-A530F) AppleWebKit/537.36 (KHTML, like Gecko) Chrome/81.0.4044.122 Mobile Safari/537.36"
173.239.197.250 - - [04/May/2020:06:50:20 -0700] "GET /ongoing/in-feed.xml HTTP/1.1" 200 938 "https://www.tbray.org/ongoing/When/202x/2020/04/29/Leaving-Amazon" "Mozilla/5.0 (Macintosh; Intel Mac OS X 10.14; rv:75.0) Gecko/20100101 Firefox/75.0"
3.219.35.231 - - [04/May/2020:06:50:20 -0700] "GET /ongoing/When/202x/2020/04/29/Leaving-Amazon HTTP/1.1" 200 17801 "-" "chimebot"
176.63.9.242 - - [04/May/2020:06:50:20 -0700] "GET /ongoing/picInfo.xml?o=https://www.tbray.org/ongoing/When/202x/2020/04/29/Leaving-Amazon HTTP/1.1" 200 621 "https://www.tbray.org/ongoing/When/202x/2020/04/29/Leaving-Amazon" "Mozilla/5.0 (X11; Linux x86_64) AppleWebKit/537.36 (KHTML, like Gecko) Chrome/80.0.3987.163 Safari/537.36"
176.63.9.242 - - [04/May/2020:06:50:21 -0700] "GET /ongoing/in-feed.xml HTTP/1.1" 200 781 "https://www.tbray.org/ongoing/When/202x/2020/04/29/Leaving-Amazon" "Mozilla/5.0 (X11; Linux x86_64) AppleWebKit/537.36 (KHTML, like Gecko) Chrome/80.0.3987.163 Safari/537.36"
176.63.9.242 - - [04/May/2020:06:50:21 -0700] "GET /favicon.ico HTTP/1.1" 200 6958 "https://www.tbray.org/ongoing/When/202x/2020/04/29/Leaving-Amazon" "Mozilla/5.0 (X11; Linux x86_64) AppleWebKit/537.36 (KHTML, like Gecko) Chrome/80.0.3987.163 Safari/537.36"
49.35.34.66 - - [04/May/2020:06:50:21 -0700] "GET /ongoing/When/202x/2020/04/29/Leaving-Amazon HTTP/1.1" 200 10465 "-" "Mozilla/5.0 (Macintosh; Intel Mac OS X 10_11_1) AppleWebKit/601.2.4 (KHTML, like Gecko) Version/9.0.1 Safari/601.2.4 facebookexternalhit/1.1 Facebot Twitterbot/1.0"
38.101.20.2 - - [04/May/2020:06:50:21 -0700] "-" 408 152 "-" "-"
136.55.171.150 - - [04/May/2020:06:50:22 -0700] "GET /ongoing/When/202x/2020/04/29/Leaving-Amazon HTTP/1.1" 200 10465 "https://t.co/oShy4TQisN?amp=1" "Mozilla/5.0 (iPhone; CPU iPhone OS 12_4 like Mac OS X) AppleWebKit/605.1.15 (KHTML, like Gecko) Version/12.1.2 Mobile/15E148 Safari/604.1"
171.50.200.232 - - [04/May/2020:06:50:18 -0700] "GET /ongoing/darkwater60.jpg HTTP/1.1" 200 72594 "https://www.tbray.org/ongoing/serif.css" "Mozilla/5.0 (Linux; Android 10; RMX1992) AppleWebKit/537.36 (KHTML, like Gecko) Chrome/81.0.4044.117 Mobile Safari/537.36"
136.55.171.150 - - [04/May/2020:06:50:22 -0700] "GET /ongoing/serif.css HTTP/1.1" 200 2177 "https://www.tbray.org/ongoing/When/202x/2020/04/29/Leaving-Amazon" "Mozilla/5.0 (iPhone; CPU iPhone OS 12_4 like Mac OS X) AppleWebKit/605.1.15 (KHTML, like Gecko) Version/12.1.2 Mobile/15E148 Safari/604.1"
49.35.34.66 - - [04/May/2020:06:50:22 -0700] "GET /apple-touch-icon-precomposed.png HTTP/1.1" 404 648 "-" "Mozilla/5.0 (Macintosh; Intel Mac OS X 10_11_1) AppleWebKit/601.2.4 (KHTML, like Gecko) Version/9.0.1 Safari/601.2.4 facebookexternalhit/1.1 Facebot Twitterbot/1.0"
136.55.171.150 - - [04/May/2020:06:50:22 -0700] "GET /ongoing/ongoing.js HTTP/1.1" 200 2462 "https://www.tbray.org/ongoing/When/202x/2020/04/29/Leaving-Amazon" "Mozilla/5.0 (iPhone; CPU iPhone OS 12_4 like Mac OS X) AppleWebKit/605.1.15 (KHTML, like Gecko) Version/12.1.2 Mobile/15E148 Safari/604.1"
136.55.171.150 - - [04/May/2020:06:50:22 -0700] "GET /ongoing/Feed.png HTTP/1.1" 200 3990 "https://www.tbray.org/ongoing/When/202x/2020/04/29/Leaving-Amazon" "Mozilla/5.0 (iPhone; CPU iPhone OS 12_4 like Mac OS X) AppleWebKit/605.1.15 (KHTML, like Gecko) Version/12.1.2 Mobile/15E148 Safari/604.1"
136.55.171.150 - - [04/May/2020:06:50:22 -0700] "GET /ongoing/darkwater60.jpg HTTP/1.1" 200 72594 "https://www.tbray.org/ongoing/When/202x/2020/04/29/Leaving-Amazon" "Mozilla/5.0 (iPhone; CPU iPhone OS 12_4 like Mac OS X) AppleWebKit/605.1.15 (KHTML, like Gecko) Version/12.1.2 Mobile/15E148 Safari/604.1"
136.55.171.150 - - [04/May/2020:06:50:22 -0700] "GET /ongoing/picInfo.xml?o=https://www.tbray.org/ongoing/When/202x/2020/04/29/Leaving-Amazon HTTP/1.1" 200 621 "https://www.tbray.org/ongoing/When/202x/2020/04/29/Leaving-Amazon" "Mozilla/5.0 (iPhone; CPU iPhone OS 12_4 like Mac OS X) AppleWebKit/605.1.15 (KHTML, like Gecko) Version/12.1.2 Mobile/15E148 Safari/604.1"
136.55.171.150 - - [04/May/2020:06:50:22 -0700] "GET /ongoing/in-feed.xml HTTP/1.1" 200 781 "https://www.tbray.org/ongoing/When/202x/2020/04/29/Leaving-Amazon" "Mozilla/5.0 (iPhone; CPU iPhone OS 12_4 like Mac OS X) AppleWebKit/605.1.15 (KHTML, like Gecko) Version/12.1.2 Mobile/15E148 Safari/604.1"
49.35.34.66 - - [04/May/2020:06:50:22 -0700] "GET /apple-touch-icon.png HTTP/1.1" 404 636 "-" "Mozilla/5.0 (Macintosh; Intel Mac OS X 10_11_1) AppleWebKit/601.2.4 (KHTML, like Gecko) Version/9.0.1 Safari/601.2.4 facebookexternalhit/1.1 Facebot Twitterbot/1.0"
62.178.8.227 - - [04/May/2020:06:50:23 -0700] "-" 408 4090 "-" "-"
62.178.8.227 - - [04/May/2020:06:50:23 -0700] "-" 408 4090 "-" "-"
49.35.34.66 - - [04/May/2020:06:50:23 -0700] "GET /favicon.ico HTTP/1.1" 200 6958 "-" "Mozilla/5.0 (Macintosh; Intel Mac OS X 10_11_1) AppleWebKit/601.2.4 (KHTML, like Gecko) Version/9.0.1 Safari/601.2.4 facebookexternalhit/1.1 Facebot Twitterbot/1.0"
76.67.40.115 - - [04/May/2020:06:50:24 -0700] "GET /ongoing/When/202x/2020/04/29/Leaving-Amazon HTTP/1.1" 200 10465 "-" "Mozilla/5.0 (iPhone; CPU iPhone OS 13_3_1 like Mac OS X) AppleWebKit/605.1.15 (KHTML, like Gecko) Mobile/15E148"
76.67.40.115 - - [04/May/2020:06:50:24 -0700] "GET /ongoing/serif.css HTTP/1.1" 200 2177 "https://www.tbray.org/ongoing/When/202x/2020/04/29/Leaving-Amazon" "Mozilla/5.0 (iPhone; CPU iPhone OS 13_3_1 like Mac OS X) AppleWebKit/605.1.15 (KHTML, like Gecko) Mobile/15E148"
76.67.40.115 - - [04/May/2020:06:50:24 -0700] "GET /ongoing/Feed.png HTTP/1.1" 200 4005 "https://www.tbray.org/ongoing/When/202x/2020/04/29/Leaving-Amazon" "Mozilla/5.0 (iPhone; CPU iPhone OS 13_3_1 like Mac OS X) AppleWebKit/605.1.15 (KHTML, like Gecko) Mobile/15E148"
171.50.200.232 - - [04/May/2020:06:50:24 -0700] "GET /ongoing/picInfo.xml?o=https://www.tbray.org/ongoing/When/202x/2020/04/29/Leaving-Amazon HTTP/1.1" 200 621 "https://www.tbray.org/ongoing/When/202x/2020/04/29/Leaving-Amazon" "Mozilla/5.0 (Linux; Android 10; RMX1992) AppleWebKit/537.36 (KHTML, like Gecko) Chrome/81.0.4044.117 Mobile Safari/537.36"
171.50.200.232 - - [04/May/2020:06:50:24 -0700] "GET /ongoing/in-feed.xml HTTP/1.1" 200 4872 "https://www.tbray.org/ongoing/When/202x/2020/04/29/Leaving-Amazon" "Mozilla/5.0 (Linux; Android 10; RMX1992) AppleWebKit/537.36 (KHTML, like Gecko) Chrome/81.0.4044.117 Mobile Safari/537.36"
76.67.40.115 - - [04/May/2020:06:50:24 -0700] "GET /ongoing/ongoing.js HTTP/1.1" 200 6216 "https://www.tbray.org/ongoing/When/202x/2020/04/29/Leaving-Amazon" "Mozilla/5.0 (iPhone; CPU iPhone OS 13_3_1 like Mac OS X) AppleWebKit/605.1.15 (KHTML, like Gecko) Mobile/15E148"
171.50.200.232 - - [04/May/2020:06:50:25 -0700] "GET /favicon.ico HTTP/1.1" 200 6958 "https://www.tbray.org/ongoing/When/202x/2020/04/29/Leaving-Amazon" "Mozilla/5.0 (Linux; Android 10; RMX1992) AppleWebKit/537.36 (KHTML, like Gecko) Chrome/81.0.4044.117 Mobile Safari/537.36"
76.67.40.115 - - [04/May/2020:06:50:25 -0700] "GET /ongoing/darkwater60.jpg HTTP/1.1" 200 72594 "https://www.tbray.org/ongoing/When/202x/2020/04/29/Leaving-Amazon" "Mozilla/5.0 (iPhone; CPU iPhone OS 13_3_1 like Mac OS X) AppleWebKit/605.1.15 (KHTML, like Gecko) Mobile/15E148"
185.156.175.199 - - [04/May/2020:06:50:26 -0700] "GET /ongoing/When/202x/2020/04/29/Leaving-Amazon HTTP/1.1" 200 10465 "https://www.vice.com/en_us/article/z3bjpj/amazon-vp-tim-bray-resigns-calls-company-chickenshit-for-firing-protesting-workers" "Mozilla/5.0 (iPhone; CPU iPhone OS 13_4_1 like Mac OS X) AppleWebKit/605.1.15 (KHTML, like Gecko) Version/13.1 Mobile/15E148 Safari/604.1"
185.156.175.199 - - [04/May/2020:06:50:26 -0700] "GET /ongoing/serif.css HTTP/1.1" 200 2177 "https://www.tbray.org/ongoing/When/202x/2020/04/29/Leaving-Amazon" "Mozilla/5.0 (iPhone; CPU iPhone OS 13_4_1 like Mac OS X) AppleWebKit/605.1.15 (KHTML, like Gecko) Version/13.1 Mobile/15E148 Safari/604.1"
76.67.40.115 - - [04/May/2020:06:50:26 -0700] "GET /ongoing/in-feed.xml HTTP/1.1" 200 781 "https://www.tbray.org/ongoing/When/202x/2020/04/29/Leaving-Amazon" "Mozilla/5.0 (iPhone; CPU iPhone OS 13_3_1 like Mac OS X) AppleWebKit/605.1.15 (KHTML, like Gecko) Mobile/15E148"
76.67.40.115 - - [04/May/2020:06:50:26 -0700] "GET /ongoing/picInfo.xml?o=https://www.tbray.org/ongoing/When/202x/2020/04/29/Leaving-Amazon HTTP/1.1" 200 621 "https://www.tbray.org/ongoing/When/202x/2020/04/29/Leaving-Amazon" "Mozilla/5.0 (iPhone; CPU iPhone OS 13_3_1 like Mac OS X) AppleWebKit/605.1.15 (KHTML, like Gecko) Mobile/15E148"
209.6.209.7 - - [04/May/2020:06:50:27 -0700] "GET /ongoing/When/202x/2020/04/29/Leaving-Amazon HTTP/1.1" 200 10660 "https://news.ycombinator.com/" "Mozilla/5.0 (Windows NT 10.0; Win64; x64) AppleWebKit/537.36 (KHTML, like Gecko) Chrome/70.0.3538.102 Safari/537.36 Edge/18.19041"
209.6.209.7 - - [04/May/2020:06:50:27 -0700] "GET /ongoing/ongoing.js HTTP/1.1" 200 6411 "https://www.tbray.org/ongoing/When/202x/2020/04/29/Leaving-Amazon" "Mozilla/5.0 (Windows NT 10.0; Win64; x64) AppleWebKit/537.36 (KHTML, like Gecko) Chrome/70.0.3538.102 Safari/537.36 Edge/18.19041"
209.6.209.7 - - [04/May/2020:06:50:27 -0700] "GET /ongoing/serif.css HTTP/1.1" 200 2177 "https://www.tbray.org/ongoing/When/202x/2020/04/29/Leaving-Amazon" "Mozilla/5.0 (Windows NT 10.0; Win64; x64) AppleWebKit/537.36 (KHTML, like Gecko) Chrome/70.0.3538.102 Safari/537.36 Edge/18.19041"
209.6.209.7 - - [04/May/2020:06:50:27 -0700] "GET /ongoing/Feed.png HTTP/1.1" 200 3848 "https://www.tbray.org/ongoing/When/202x/2020/04/29/Leaving-Amazon" "Mozilla/5.0 (Windows NT 10.0; Win64; x64) AppleWebKit/537.36 (KHTML, like Gecko) Chrome/70.0.3538.102 Safari/537.36 Edge/18.19041"
209.6.209.7 - - [04/May/2020:06:50:27 -0700] "GET /ongoing/darkwater60.jpg HTTP/1.1" 200 72594 "https://www.tbray.org/ongoing/When/202x/2020/04/29/Leaving-Amazon" "Mozilla/5.0 (Windows NT 10.0; Win64; x64) AppleWebKit/537.36 (KHTML, like Gecko) Chrome/70.0.3538.102 Safari/537.36 Edge/18.19041"
185.156.175.199 - - [04/May/2020:06:50:27 -0700] "GET /ongoing/Feed.png HTTP/1.1" 200 4005 "https://www.tbray.org/ongoing/When/202x/2020/04/29/Leaving-Amazon" "Mozilla/5.0 (iPhone; CPU iPhone OS 13_4_1 like Mac OS X) AppleWebKit/605.1.15 (KHTML, like Gecko) Version/13.1 Mobile/15E148 Safari/604.1"
209.6.209.7 - - [04/May/2020:06:50:27 -0700] "GET /favicon.ico HTTP/1.1" 200 11049 "-" "Mozilla/5.0 (Windows NT 10.0; Win64; x64) AppleWebKit/537.36 (KHTML, like Gecko) Chrome/70.0.3538.102 Safari/537.36 Edge/18.19041"
209.6.209.7 - - [04/May/2020:06:50:27 -0700] "GET /ongoing/picInfo.xml?o=https://www.tbray.org/ongoing/When/202x/2020/04/29/Leaving-Amazon HTTP/1.1" 200 621 "https://www.tbray.org/ongoing/When/202x/2020/04/29/Leaving-Amazon" "Mozilla/5.0 (Windows NT 10.0; Win64; x64) AppleWebKit/537.36 (KHTML, like Gecko) Chrome/70.0.3538.102 Safari/537.36 Edge/18.19041"
209.6.209.7 - - [04/May/2020:06:50:27 -0700] "GET /ongoing/in-feed.xml HTTP/1.1" 200 781 "https://www.tbray.org/ongoing/When/202x/2020/04/29/Leaving-Amazon" "Mozilla/5.0 (Windows NT 10.0; Win64; x64) AppleWebKit/537.36 (KHTML, like Gecko) Chrome/70.0.3538.102 Safari/537.36 Edge/18.19041"
185.156.175.199 - - [04/May/2020:06:50:27 -0700] "GET /ongoing/ongoing.js HTTP/1.1" 200 6216 "https://www.tbray.org/ongoing/When/202x/2020/04/29/Leaving-Amazon" "Mozilla/5.0 (iPhone; CPU iPhone OS 13_4_1 like Mac OS X) AppleWebKit/605.1.15 (KHTML, like Gecko) Version/13.1 Mobile/15E148 Safari/604.1"
185.156.175.199 - - [04/May/2020:06:50:28 -0700] "GET /ongoing/darkwater60.jpg HTTP/1.1" 200 72594 "https://www.tbray.org/ongoing/When/202x/2020/04/29/Leaving-Amazon" "Mozilla/5.0 (iPhone; CPU iPhone OS 13_4_1 like Mac OS X) AppleWebKit/605.1.15 (KHTML, like Gecko) Version/13.1 Mobile/15E148 Safari/604.1"
90.95.21.0 - - [04/May/2020:06:50:28 -0700] "GET /ongoing/in-feed.xml HTTP/1.1" 200 938 "https://www.tbray.org/ongoing/When/202x/2020/04/29/Leaving-Amazon" "Mozilla/5.0 (Windows NT 10.0; Win64; x64; rv:75.0) Gecko/20100101 Firefox/75.0"
185.156.175.199 - - [04/May/2020:06:50:28 -0700] "GET /ongoing/in-feed.xml HTTP/1.1" 200 781 "https://www.tbray.org/ongoing/When/202x/2020/04/29/Leaving-Amazon" "Mozilla/5.0 (iPhone; CPU iPhone OS 13_4_1 like Mac OS X) AppleWebKit/605.1.15 (KHTML, like Gecko) Version/13.1 Mobile/15E148 Safari/604.1"
185.156.175.199 - - [04/May/2020:06:50:28 -0700] "GET /ongoing/picInfo.xml?o=https://www.tbray.org/ongoing/When/202x/2020/04/29/Leaving-Amazon HTTP/1.1" 200 621 "https://www.tbray.org/ongoing/When/202x/2020/04/29/Leaving-Amazon" "Mozilla/5.0 (iPhone; CPU iPhone OS 13_4_1 like Mac OS X) AppleWebKit/605.1.15 (KHTML, like Gecko) Version/13.1 Mobile/15E148 Safari/604.1"
73.39.51.67 - - [04/May/2020:06:50:29 -0700] "GET /ongoing/When/202x/2020/04/29/Leaving-Amazon HTTP/1.1" 200 10465 "https://www.vice.com/en_us/article/z3bjpj/amazon-vp-tim-bray-resigns-calls-company-chickenshit-for-firing-protesting-workers" "Mozilla/5.0 (iPhone; CPU iPhone OS 13_3_1 like Mac OS X) AppleWebKit/605.1.15 (KHTML, like Gecko) Version/13.0.5 Mobile/15E148 Safari/604.1"
73.39.51.67 - - [04/May/2020:06:50:29 -0700] "GET /ongoing/serif.css HTTP/1.1" 200 2177 "https://www.tbray.org/ongoing/When/202x/2020/04/29/Leaving-Amazon" "Mozilla/5.0 (iPhone; CPU iPhone OS 13_3_1 like Mac OS X) AppleWebKit/605.1.15 (KHTML, like Gecko) Version/13.0.5 Mobile/15E148 Safari/604.1"
92.184.107.124 - - [04/May/2020:06:50:29 -0700] "GET /ongoing/When/202x/2020/04/29/Leaving-Amazon HTTP/1.1" 200 10660 "https://news.ycombinator.com/" "Mozilla/5.0 (Windows NT 10.0; Win64; x64) AppleWebKit/537.36 (KHTML, like Gecko) Chrome/81.0.4044.129 Safari/537.36"
