217.138.206.217 - - [04/May/2020:06:49:20 -0700] "GET /ongoing/When/202x/2020/04/29/Leaving-Amazon HTTP/1.1" 200 10465 "-" "Mozilla/5.0 (Macintosh; Intel Mac OS X 10_15_4) AppleWebKit/605.1.15 (KHTML, like Gecko) Version/13.1 Safari/605.1.15"
217.138.206.217 - - [04/May/2020:06:49:20 -0700] "GET /ongoing/serif.css HTTP/1.1" 200 2177 "https://www.tbray.org/ongoing/When/202x/2020/04/29/Leaving-Amazon" "Mozilla/5.0 (Macintosh; Intel Mac OS X 10_15_4) AppleWebKit/605.1.15 (KHTML, like Gecko) Version/13.1 Safari/605.1.15"
217.138.206.217 - - [04/May/2020:06:49:20 -0700] "GET /ongoing/ongoing.js HTTP/1.1" 200 2477 "https://www.tbray.org/ongoing/When/202x/2020/04/29/Leaving-Amazon" "Mozilla/5.0 (Macintosh; Intel Mac OS X 10_15_4) AppleWebKit/605.1.15 (KHTML, like Gecko) Version/13.1 Safari/605.1.15"
217.138.206.217 - - [04/May/2020:06:49:21 -0700] "GET /ongoing/Feed.png HTTP/1.1" 200 7744 "https://www.tbray.org/ongoing/When/202x/2020/04/29/Leaving-Amazon" "Mozilla/5.0 (Macintosh; Intel Mac OS X 10_15_4) AppleWebKit/605.1.15 (KHTML, like Gecko) Version/13.1 Safari/605.1.15"
217.138.206.217 - - [04/May/2020:06:49:21 -0700] "GET /ongoing/darkwater60.jpg HTTP/1.1" 200 72594 "https://www.tbray.org/ongoing/When/202x/2020/04/29/Leaving-Amazon" "Mozilla/5.0 (Macintosh; Intel Mac OS X 10_15_4) AppleWebKit/605.1.15 (KHTML, like Gecko) Version/13.1 Safari/605.1.15"
217.138.206.217 - - [04/May/2020:06:49:21 -0700] "GET /ongoing/picInfo.xml?o=https://www.tbray.org/ongoing/When/202x/2020/04/29/Leaving-Amazon HTTP/1.1" 200 621 "https://www.tbray.org/ongoing/When/202x/2020/04/29/Leaving-Amazon" "Mozilla/5.0 (Macintosh; Intel Mac OS X 10_15_4) AppleWebKit/605.1.15 (KHTML, like Gecko) Version/13.1 Safari/605.1.15"
217.138.206.217 - - [04/May/2020:06:49:21 -0700] "GET /ongoing/in-feed.xml HTTP/1.1" 200 781 "https://www.tbray.org/ongoing/When/202x/2020/04/29/Leaving-Amazon" "Mozilla/5.0 (Macintosh; Intel Mac OS X 10_15_4) AppleWebKit/605.1.15 (KHTML, like Gecko) Version/13.1 Safari/605.1.15"
193.37.254.131 - - [04/May/2020:06:49:21 -0700] "GET /ongoing/When/202x/2020/04/29/Leaving-Amazon HTTP/1.1" 200 10465 "-" "Mozilla/5.0 (iPhone; CPU iPhone OS 13_3_1 like Mac OS X) AppleWebKit/605.1.15 (KHTML, like Gecko) Version/13.0.5 Mobile/15E148 Safari/604.1"
193.37.254.131 - - [04/May/2020:06:49:21 -0700] "GET /ongoing/serif.css HTTP/1.1" 200 2177 "https://www.tbray.org/ongoing/When/202x/2020/04/29/Leaving-Amazon" "Mozilla/5.0 (iPhone; CPU iPhone OS 13_3_1 like Mac OS X) AppleWebKit/605.1.15 (KHTML, like Gecko) Version/13.0.5 Mobile/15E148 Safari/604.1"
41.157.108.222 - - [04/May/2020:06:49:21 -0700] "GET /ongoing/When/202x/2020/04/29/ HTTP/1.1" 200 2020 "-" "Mozilla/5.0 (Windows NT 10.0; Win64; x64; rv:75.0) Gecko/20100101 Firefox/75.0"
217.138.206.217 - - [04/May/2020:06:49:21 -0700] "GET /favicon.ico HTTP/1.1" 200 10854 "https://www.tbray.org/ongoing/When/202x/2020/04/29/Leaving-Amazon" "Mozilla/5.0 (Macintosh; Intel Mac OS X 10_15_4) AppleWebKit/605.1.15 (KHTML, like Gecko) Version/13.1 Safari/605.1.15"
193.37.254.131 - - [04/May/2020:06:49:21 -0700] "GET /ongoing/ongoing.js HTTP/1.1" 200 2477 "https://www.tbray.org/ongoing/When/202x/2020/04/29/Leaving-Amazon" "Mozilla/5.0 (iPhone; CPU iPhone OS 13_3_1 like Mac OS X) AppleWebKit/605.1.15 (KHTML, like Gecko) Version/13.0.5 Mobile/15E148 Safari/604.1"
193.37.254.131 - - [04/May/2020:06:49:21 -0700] "GET /ongoing/Feed.png HTTP/1.1" 200 7744 "https://www.tbray.org/ongoing/When/202x/2020/04/29/Leaving-Amazon" "Mozilla/5.0 (iPhone; CPU iPhone OS 13_3_1 like Mac OS X) AppleWebKit/605.1.15 (KHTML, like Gecko) Version/13.0.5 Mobile/15E148 Safari/604.1"
193.37.254.131 - - [04/May/2020:06:49:21 -0700] "GET /ongoing/darkwater60.jpg HTTP/1.1" 200 72594 "https://www.tbray.org/ongoing/When/202x/2020/04/29/Leaving-Amazon" "Mozilla/5.0 (iPhone; CPU iPhone OS 13_3_1 like Mac OS X) AppleWebKit/605.1.15 (KHTML, like Gecko) Version/13.0.5 Mobile/15E148 Safari/604.1"
193.37.254.131 - - [04/May/2020:06:49:22 -0700] "GET /ongoing/in-feed.xml HTTP/1.1" 200 781 "https://www.tbray.org/ongoing/When/202x/2020/04/29/Leaving-Amazon" "Mozilla/5.0 (iPhone; CPU iPhone OS 13_3_1 like Mac OS X) AppleWebKit/605.1.15 (KHTML, like Gecko) Version/13.0.5 Mobile/15E148 Safari/604.1"
193.37.254.131 - - [04/May/2020:06:49:22 -0700] "GET /ongoing/picInfo.xml?o=https://www.tbray.org/ongoing/When/202x/2020/04/29/Leaving-Amazon HTTP/1.1" 200 621 "https://www.tbray.org/ongoing/When/202x/2020/04/29/Leaving-Amazon" "Mozilla/5.0 (iPhone; CPU iPhone OS 13_3_1 like Mac OS X) AppleWebKit/605.1.15 (KHTML, like Gecko) Version/13.0.5 Mobile/15E148 Safari/604.1"
98.240.216.211 - - [04/May/2020:06:49:22 -0700] "GET / HTTP/1.1" 301 657 "-" "Mozilla/5.0 (iPhone; CPU iPhone OS 13_3_1 like Mac OS X) AppleWebKit/605.1.15 (KHTML, like Gecko) Version/13.0.5 Mobile/15E148 Safari/604.1"
159.2.57.164 - - [04/May/2020:06:49:22 -0700] "GET /ongoing/in-feed.xml HTTP/1.1" 200 781 "https://www.tbray.org/ongoing/When/202x/2020/04/29/Leaving-Amazon" "Mozilla/5.0 (Macintosh; Intel Mac OS X 10.15; rv:74.0) Gecko/20100101 Firefox/74.0"
159.2.57.164 - - [04/May/2020:06:49:22 -0700] "GET /ongoing/picInfo.xml?o=https://www.tbray.org/ongoing/When/202x/2020/04/29/Leaving-Amazon HTTP/1.1" 200 621 "https://www.tbray.org/ongoing/When/202x/2020/04/29/Leaving-Amazon" "Mozilla/5.0 (Macintosh; Intel Mac OS X 10.15; rv:74.0) Gecko/20100101 Firefox/74.0"
68.173.125.19 - - [04/May/2020:06:49:22 -0700] "GET /ongoing/When/202x/2020/04/29/Leaving-Amazon HTTP/1.1" 200 10660 "https://news.ycombinator.com/" "Mozilla/5.0 (Macintosh; Intel Mac OS X 10_15_3) AppleWebKit/537.36 (KHTML, like Gecko) Chrome/81.0.4044.129 Safari/537.36"
68.173.125.19 - - [04/May/2020:06:49:23 -0700] "GET /ongoing/serif.css HTTP/1.1" 200 2177 "https://www.tbray.org/ongoing/When/202x/2020/04/29/Leaving-Amazon" "Mozilla/5.0 (Macintosh; Intel Mac OS X 10_15_3) AppleWebKit/537.36 (KHTML, like Gecko) Chrome/81.0.4044.129 Safari/537.36"
68.173.125.19 - - [04/May/2020:06:49:23 -0700] "GET /ongoing/ongoing.js HTTP/1.1" 200 2320 "https://www.tbray.org/ongoing/When/202x/2020/04/29/Leaving-Amazon" "Mozilla/5.0 (Macintosh; Intel Mac OS X 10_15_3) AppleWebKit/537.36 (KHTML, like Gecko) Chrome/81.0.4044.129 Safari/537.36"
98.240.216.211 - - [04/May/2020:06:49:23 -0700] "GET / HTTP/1.1" 200 4850 "-" "Mozilla/5.0 (iPhone; CPU iPhone OS 13_3_1 like Mac OS X) AppleWebKit/605.1.15 (KHTML, like Gecko) Version/13.0.5 Mobile/15E148 Safari/604.1"
68.173.125.19 - - [04/May/2020:06:49:23 -0700] "GET /ongoing/Feed.png HTTP/1.1" 200 4005 "https://www.tbray.org/ongoing/When/202x/2020/04/29/Leaving-Amazon" "Mozilla/5.0 (Macintosh; Intel Mac OS X 10_15_3) AppleWebKit/537.36 (KHTML, like Gecko) Chrome/81.0.4044.129 Safari/537.36"
98.240.216.211 - - [04/May/2020:06:49:23 -0700] "GET /o.png HTTP/1.1" 200 13759 "https://www.tbray.org/" "Mozilla/5.0 (iPhone; CPU iPhone OS 13_3_1 like Mac OS X) AppleWebKit/605.1.15 (KHTML, like Gecko) Version/13.0.5 Mobile/15E148 Safari/604.1"
68.173.125.19 - - [04/May/2020:06:49:23 -0700] "GET /ongoing/darkwater60.jpg HTTP/1.1" 200 72594 "https://www.tbray.org/ongoing/serif.css" "Mozilla/5.0 (Macintosh; Intel Mac OS X 10_15_3) AppleWebKit/537.36 (KHTML, like Gecko) Chrome/81.0.4044.129 Safari/537.36"
66.69.181.179 - - [04/May/2020:06:49:23 -0700] "GET /ongoing/When/202x/2020/04/29/Leaving-Amazon HTTP/1.1" 200 10660 "-" "Mozilla/5.0 (Android 10; Mobile; rv:68.0) Gecko/68.0 Firefox/68.0"
66.69.181.179 - - [04/May/2020:06:49:23 -0700] "GET /ongoing/serif.css HTTP/1.1" 200 2177 "https://www.tbray.org/ongoing/When/202x/2020/04/29/Leaving-Amazon" "Mozilla/5.0 (Android 10; Mobile; rv:68.0) Gecko/68.0 Firefox/68.0"
66.69.181.179 - - [04/May/2020:06:49:23 -0700] "GET /ongoing/ongoing.js HTTP/1.1" 200 2477 "https://www.tbray.org/ongoing/When/202x/2020/04/29/Leaving-Amazon" "Mozilla/5.0 (Android 10; Mobile; rv:68.0) Gecko/68.0 Firefox/68.0"
98.240.216.211 - - [04/May/2020:06:49:23 -0700] "GET /favicon.ico HTTP/1.1" 200 10854 "https://www.tbray.org/" "Mozilla/5.0 (iPhone; CPU iPhone OS 13_3_1 like Mac OS X) AppleWebKit/605.1.15 (KHTML, like Gecko) Version/13.0.5 Mobile/15E148 Safari/604.1"
66.69.181.179 - - [04/May/2020:06:49:23 -0700] "GET /ongoing/Feed.png HTTP/1.1" 200 3848 "https://www.tbray.org/ongoing/When/202x/2020/04/29/Leaving-Amazon" "Mozilla/5.0 (Android 10; Mobile; rv:68.0) Gecko/68.0 Firefox/68.0"
68.173.125.19 - - [04/May/2020:06:49:23 -0700] "GET /ongoing/in-feed.xml HTTP/1.1" 200 781 "https://www.tbray.org/ongoing/When/202x/2020/04/29/Leaving-Amazon" "Mozilla/5.0 (Macintosh; Intel Mac OS X 10_15_3) AppleWebKit/537.36 (KHTML, like Gecko) Chrome/81.0.4044.129 Safari/537.36"
68.173.125.19 - - [04/May/2020:06:49:23 -0700] "GET /favicon.ico HTTP/1.1" 200 7115 "https://www.tbray.org/ongoing/When/202x/2020/04/29/Leaving-Amazon" "Mozilla/5.0 (Macintosh; Intel Mac OS X 10_15_3) AppleWebKit/537.36 (KHTML, like Gecko) Chrome/81.0.4044.129 Safari/537.36"
68.173.125.19 - - [04/May/2020:06:49:24 -0700] "GET /ongoing/picInfo.xml?o=https://www.tbray.org/ongoing/When/202x/2020/04/29/Leaving-Amazon HTTP/1.1" 200 621 "https://www.tbray.org/ongoing/When/202x/2020/04/29/Leaving-Amazon" "Mozilla/5.0 (Macintosh; Intel Mac OS X 10_15_3) AppleWebKit/537.36 (KHTML, like Gecko) Chrome/81.0.4044.129 Safari/537.36"
66.69.181.179 - - [04/May/2020:06:49:24 -0700] "GET /ongoing/darkwater60.jpg HTTP/1.1" 200 72594 "https://www.tbray.org/ongoing/serif.css" "Mozilla/5.0 (Android 10; Mobile; rv:68.0) Gecko/68.0 Firefox/68.0"
66.69.181.179 - - [04/May/2020:06:49:24 -0700] "GET /ongoing/in-feed.xml HTTP/1.1" 200 781 "https://www.tbray.org/ongoing/When/202x/2020/04/29/Leaving-Amazon" "Mozilla/5.0 (Android 10; Mobile; rv:68.0) Gecko/68.0 Firefox/68.0"
66.69.181.179 - - [04/May/2020:06:49:24 -0700] "GET /ongoing/picInfo.xml?o=https://www.tbray.org/ongoing/When/202x/2020/04/29/Leaving-Amazon HTTP/1.1" 200 621 "https://www.tbray.org/ongoing/When/202x/2020/04/29/Leaving-Amazon" "Mozilla/5.0 (Android 10; Mobile; rv:68.0) Gecko/68.0 Firefox/68.0"
66.69.181.179 - - [04/May/2020:06:49:24 -0700] "GET /favicon.ico HTTP/1.1" 200 11049 "-" "Mozilla/5.0 (Android 10; Mobile; rv:68.7.0) Gecko/68.7.0 Firefox/68.7.0"
67.34.209.50 - - [04/May/2020:06:49:25 -0700] "-" 408 156 "-" "-"
67.34.209.50 - - [04/May/2020:06:49:25 -0700] "-" 408 156 "-" "-"
71.227.232.164 - - [04/May/2020:06:49:26 -0700] "GET /ongoing/When/202x/2020/04/05/New-Mac-Stuff HTTP/1.1" 200 5505 "https://www.tbray.org/ongoing/" "Mozilla/5.0 (Macintosh; Intel Mac OS X 10_15_4) AppleWebKit/605.1.15 (KHTML, like Gecko) Version/13.1.1 Safari/605.1.15"
71.227.232.164 - - [04/May/2020:06:49:26 -0700] "GET /ongoing/When/202x/2020/04/05/mv5.png HTTP/1.1" 200 136621 "https://www.tbray.org/ongoing/When/202x/2020/04/05/New-Mac-Stuff" "Mozilla/5.0 (Macintosh; Intel Mac OS X 10_15_4) AppleWebKit/605.1.15 (KHTML, like Gecko) Version/13.1.1 Safari/605.1.15"
71.227.232.164 - - [04/May/2020:06:49:26 -0700] "GET /ongoing/When/202x/2020/04/05/keyboard.png HTTP/1.1" 200 117367 "https://www.tbray.org/ongoing/When/202x/2020/04/05/New-Mac-Stuff" "Mozilla/5.0 (Macintosh; Intel Mac OS X 10_15_4) AppleWebKit/605.1.15 (KHTML, like Gecko) Version/13.1.1 Safari/605.1.15"
71.227.232.164 - - [04/May/2020:06:49:26 -0700] "GET /ongoing/When/202x/2020/04/05/mailmate.png HTTP/1.1" 200 62361 "https://www.tbray.org/ongoing/When/202x/2020/04/05/New-Mac-Stuff" "Mozilla/5.0 (Macintosh; Intel Mac OS X 10_15_4) AppleWebKit/605.1.15 (KHTML, like Gecko) Version/13.1.1 Safari/605.1.15"
71.227.232.164 - - [04/May/2020:06:49:26 -0700] "GET /ongoing/When/202x/2020/04/05/IMG_20200406_110224.png HTTP/1.1" 200 258276 "https://www.tbray.org/ongoing/When/202x/2020/04/05/New-Mac-Stuff" "Mozilla/5.0 (Macintosh; Intel Mac OS X 10_15_4) AppleWebKit/605.1.15 (KHTML, like Gecko) Version/13.1.1 Safari/605.1.15"
71.227.232.164 - - [04/May/2020:06:49:26 -0700] "GET /ongoing/When/202x/2020/04/05/IMG_20200404_141553.png HTTP/1.1" 200 376264 "https://www.tbray.org/ongoing/When/202x/2020/04/05/New-Mac-Stuff" "Mozilla/5.0 (Macintosh; Intel Mac OS X 10_15_4) AppleWebKit/605.1.15 (KHTML, like Gecko) Version/13.1.1 Safari/605.1.15"
71.227.232.164 - - [04/May/2020:06:49:26 -0700] "GET /ongoing/When/202x/2020/04/05/IMG_20200406_170309.png HTTP/1.1" 200 267833 "https://www.tbray.org/ongoing/When/202x/2020/04/05/New-Mac-Stuff" "Mozilla/5.0 (Macintosh; Intel Mac OS X 10_15_4) AppleWebKit/605.1.15 (KHTML, like Gecko) Version/13.1.1 Safari/605.1.15"
71.227.232.164 - - [04/May/2020:06:49:26 -0700] "GET /ongoing/picInfo.xml?o=https://www.tbray.org/ongoing/When/202x/2020/04/05/New-Mac-Stuff HTTP/1.1" 200 621 "https://www.tbray.org/ongoing/When/202x/2020/04/05/New-Mac-Stuff" "Mozilla/5.0 (Macintosh; Intel Mac OS X 10_15_4) AppleWebKit/605.1.15 (KHTML, like Gecko) Version/13.1.1 Safari/605.1.15"
98.240.216.211 - - [04/May/2020:06:49:27 -0700] "GET /ongoing/ HTTP/1.1" 200 5608 "https://www.tbray.org/" "Mozilla/5.0 (iPhone; CPU iPhone OS 13_3_1 like Mac OS X) AppleWebKit/605.1.15 (KHTML, like Gecko) Version/13.0.5 Mobile/15E148 Safari/604.1"
98.240.216.211 - - [04/May/2020:06:49:27 -0700] "GET /ongoing/serif.css HTTP/1.1" 200 2177 "https://www.tbray.org/ongoing/" "Mozilla/5.0 (iPhone; CPU iPhone OS 13_3_1 like Mac OS X) AppleWebKit/605.1.15 (KHTML, like Gecko) Version/13.0.5 Mobile/15E148 Safari/604.1"
51.91.68.228 - - [04/May/2020:06:49:27 -0700] "GET /ongoing/When/202x/2020/04/29/Leaving-Amazon HTTP/1.1" 200 10064 "-" "http.rb/4.3.0 (Mastodon/3.1.3; +https://fosstodon.org/)"
98.240.216.211 - - [04/May/2020:06:49:27 -0700] "GET /ongoing/ongoing.js HTTP/1.1" 200 2477 "https://www.tbray.org/ongoing/" "Mozilla/5.0 (iPhone; CPU iPhone OS 13_3_1 like Mac OS X) AppleWebKit/605.1.15 (KHTML, like Gecko) Version/13.0.5 Mobile/15E148 Safari/604.1"
98.240.216.211 - - [04/May/2020:06:49:28 -0700] "GET /ongoing/Feed.png HTTP/1.1" 200 7744 "https://www.tbray.org/ongoing/" "Mozilla/5.0 (iPhone; CPU iPhone OS 13_3_1 like Mac OS X) AppleWebKit/605.1.15 (KHTML, like Gecko) Version/13.0.5 Mobile/15E148 Safari/604.1"
98.240.216.211 - - [04/May/2020:06:49:28 -0700] "GET /ongoing/darkwater60.jpg HTTP/1.1" 200 72594 "https://www.tbray.org/ongoing/" "Mozilla/5.0 (iPhone; CPU iPhone OS 13_3_1 like Mac OS X) AppleWebKit/605.1.15 (KHTML, like Gecko) Version/13.0.5 Mobile/15E148 Safari/604.1"
98.240.216.211 - - [04/May/2020:06:49:28 -0700] "GET /ongoing/potd.png HTTP/1.1" 200 128772 "https://www.tbray.org/ongoing/" "Mozilla/5.0 (iPhone; CPU iPhone OS 13_3_1 like Mac OS X) AppleWebKit/605.1.15 (KHTML, like Gecko) Version/13.0.5 Mobile/15E148 Safari/604.1"
98.240.216.211 - - [04/May/2020:06:49:28 -0700] "GET /ongoing/in-feed.xml HTTP/1.1" 200 781 "https://www.tbray.org/ongoing/" "Mozilla/5.0 (iPhone; CPU iPhone OS 13_3_1 like Mac OS X) AppleWebKit/605.1.15 (KHTML, like Gecko) Version/13.0.5 Mobile/15E148 Safari/604.1"
98.240.216.211 - - [04/May/2020:06:49:28 -0700] "GET /ongoing/picInfo.xml?o=https://www.tbray.org/ongoing/ HTTP/1.1" 200 621 "https://www.tbray.org/ongoing/" "Mozilla/5.0 (iPhone; CPU iPhone OS 13_3_1 like Mac OS X) AppleWebKit/605.1.15 (KHTML, like Gecko) Version/13.0.5 Mobile/15E148 Safari/604.1"
92.236.135.97 - - [04/May/2020:06:49:28 -0700] "GET /ongoing/When/202x/2020/04/29/Leaving-Amazon HTTP/1.1" 200 10660 "https://news.ycombinator.com/" "Mozilla/5.0 (Windows NT 10.0; Win64; x64) AppleWebKit/537.36 (KHTML, like Gecko) Chrome/81.0.4044.129 Safari/537.36"
92.236.135.97 - - [04/May/2020:06:49:28 -0700] "GET /ongoing/ongoing.js HTTP/1.1" 200 6411 "https://www.tbray.org/ongoing/When/202x/2020/04/29/Leaving-Amazon" "Mozilla/5.0 (Windows NT 10.0; Win64; x64) AppleWebKit/537.36 (KHTML, like Gecko) Chrome/81.0.4044.129 Safari/537.36"
92.236.135.97 - - [04/May/2020:06:49:28 -0700] "GET /ongoing/serif.css HTTP/1.1" 200 2177 "https://www.tbray.org/ongoing/When/202x/2020/04/29/Leaving-Amazon" "Mozilla/5.0 (Windows NT 10.0; Win64; x64) AppleWebKit/537.36 (KHTML, like Gecko) Chrome/81.0.4044.129 Safari/537.36"
92.236.135.97 - - [04/May/2020:06:49:28 -0700] "GET /ongoing/Feed.png HTTP/1.1" 200 3848 "https://www.tbray.org/ongoing/When/202x/2020/04/29/Leaving-Amazon" "Mozilla/5.0 (Windows NT 10.0; Win64; x64) AppleWebKit/537.36 (KHTML, like Gecko) Chrome/81.0.4044.129 Safari/537.36"
92.236.135.97 - - [04/May/2020:06:49:28 -0700] "GET /ongoing/darkwater60.jpg HTTP/1.1" 200 72594 "https://www.tbray.org/ongoing/serif.css" "Mozilla/5.0 (Windows NT 10.0; Win64; x64) AppleWebKit/537.36 (KHTML, like Gecko) Chrome/81.0.4044.129 Safari/537.36"
92.236.135.97 - - [04/May/2020:06:49:29 -0700] "GET /ongoing/picInfo.xml?o=https://www.tbray.org/ongoing/When/202x/2020/04/29/Leaving-Amazon HTTP/1.1" 200 621 "https://www.tbray.org/ongoing/When/202x/2020/04/29/Leaving-Amazon" "Mozilla/5.0 (Windows NT 10.0; Win64; x64) AppleWebKit/537.36 (KHTML, like Gecko) Chrome/81.0.4044.129 Safari/537.36"
92.236.135.97 - - [04/May/2020:06:49:29 -0700] "GET /ongoing/in-feed.xml HTTP/1.1" 200 781 "https://www.tbray.org/ongoing/When/202x/2020/04/29/Leaving-Amazon" "Mozilla/5.0 (Windows NT 10.0; Win64; x64) AppleWebKit/537.36 (KHTML, like Gecko) Chrome/81.0.4044.129 Safari/537.36"
92.236.135.97 - - [04/May/2020:06:49:29 -0700] "GET /favicon.ico HTTP/1.1" 200 6958 "https://www.tbray.org/ongoing/When/202x/2020/04/29/Leaving-Amazon" "Mozilla/5.0 (Windows NT 10.0; Win64; x64) AppleWebKit/537.36 (KHTML, like Gecko) Chrome/81.0.4044.129 Safari/537.36"
200.229.146.221 - - [04/May/2020:06:49:29 -0700] "GET /ongoing/When/202x/2020/04/29/Leaving-Amazon HTTP/1.1" 200 10660 "-" "Mozilla/5.0 (Linux; Android 9; Redmi S2) AppleWebKit/537.36 (KHTML, like Gecko) Chrome/80.0.3987.162 Mobile Safari/537.36"
200.229.146.221 - - [04/May/2020:06:49:30 -0700] "GET /ongoing/serif.css HTTP/1.1" 200 2177 "https://www.tbray.org/ongoing/When/202x/2020/04/29/Leaving-Amazon" "Mozilla/5.0 (Linux; Android 9; Redmi S2) AppleWebKit/537.36 (KHTML, like Gecko) Chrome/80.0.3987.162 Mobile Safari/537.36"
45.186.6.5 - - [04/May/2020:06:49:30 -0700] "GET /ongoing/ongoing.js HTTP/1.1" 200 6411 "https://www.tbray.org/ongoing/When/202x/2020/04/29/Leaving-Amazon" "Mozilla/5.0 (Linux; Android 9; Redmi S2) AppleWebKit/537.36 (KHTML, like Gecko) Chrome/80.0.3987.162 Mobile Safari/537.36"
45.186.6.5 - - [04/May/2020:06:49:30 -0700] "GET /ongoing/Feed.png HTTP/1.1" 200 3848 "https://www.tbray.org/ongoing/When/202x/2020/04/29/Leaving-Amazon" "Mozilla/5.0 (Linux; Android 9; Redmi S2) AppleWebKit/537.36 (KHTML, like Gecko) Chrome/80.0.3987.162 Mobile Safari/537.36"
76.233.82.176 - - [04/May/2020:06:49:30 -0700] "GET /ongoing/When/202x/2020/04/29/Leaving-Amazon HTTP/1.1" 200 10465 "https://t.co/oShy4TQisN?amp=1" "Mozilla/5.0 (iPhone; CPU iPhone OS 13_3_1 like Mac OS X) AppleWebKit/605.1.15 (KHTML, like Gecko) Version/13.0.5 Mobile/15E148 Safari/604.1"
76.233.82.176 - - [04/May/2020:06:49:30 -0700] "GET /ongoing/serif.css HTTP/1.1" 200 2177 "https://www.tbray.org/ongoing/When/202x/2020/04/29/Leaving-Amazon" "Mozilla/5.0 (iPhone; CPU iPhone OS 13_3_1 like Mac OS X) AppleWebKit/605.1.15 (KHTML, like Gecko) Version/13.0.5 Mobile/15E148 Safari/604.1"
45.186.6.5 - - [04/May/2020:06:49:30 -0700] "GET /ongoing/darkwater60.jpg HTTP/1.1" 200 72594 "https://www.tbray.org/ongoing/serif.css" "Mozilla/5.0 (Linux; Android 9; Redmi S2) AppleWebKit/537.36 (KHTML, like Gecko) Chrome/80.0.3987.162 Mobile Safari/537.36"
188.243.89.98 - - [04/May/2020:06:49:31 -0700] "GET /ongoing/When/202x/2020/04/29/Leaving-Amazon HTTP/1.1" 200 10660 "https://news.ycombinator.com/" "Mozilla/5.0 (Macintosh; Intel Mac OS X 10_15_1) AppleWebKit/537.36 (KHTML, like Gecko) Chrome/81.0.4044.92 Safari/537.36"
76.233.82.176 - - [04/May/2020:06:49:31 -0700] "GET /ongoing/ongoing.js HTTP/1.1" 200 2477 "https://www.tbray.org/ongoing/When/202x/2020/04/29/Leaving-Amazon" "Mozilla/5.0 (iPhone; CPU iPhone OS 13_3_1 like Mac OS X) AppleWebKit/605.1.15 (KHTML, like Gecko) Version/13.0.5 Mobile/15E148 Safari/604.1"
188.243.89.98 - - [04/May/2020:06:49:31 -0700] "GET /ongoing/serif.css HTTP/1.1" 200 2177 "https://www.tbray.org/ongoing/When/202x/2020/04/29/Leaving-Amazon" "Mozilla/5.0 (Macintosh; Intel Mac OS X 10_15_1) AppleWebKit/537.36 (KHTML, like Gecko) Chrome/81.0.4044.92 Safari/537.36"
188.243.89.98 - - [04/May/2020:06:49:31 -0700] "GET /ongoing/ongoing.js HTTP/1.1" 200 6411 "https://www.tbray.org/ongoing/When/202x/2020/04/29/Leaving-Amazon" "Mozilla/5.0 (Macintosh; Intel Mac OS X 10_15_1) AppleWebKit/537.36 (KHTML, like Gecko) Chrome/81.0.4044.92 Safari/537.36"
76.233.82.176 - - [04/May/2020:06:49:31 -0700] "GET /ongoing/Feed.png HTTP/1.1" 200 7744 "https://www.tbray.org/ongoing/When/202x/2020/04/29/Leaving-Amazon" "Mozilla/5.0 (iPhone; CPU iPhone OS 13_3_1 like Mac OS X) AppleWebKit/605.1.15 (KHTML, like Gecko) Version/13.0.5 Mobile/15E148 Safari/604.1"
76.233.82.176 - - [04/May/2020:06:49:31 -0700] "GET /ongoing/darkwater60.jpg HTTP/1.1" 200 72594 "https://www.tbray.org/ongoing/When/202x/2020/04/29/Leaving-Amazon" "Mozilla/5.0 (iPhone; CPU iPhone OS 13_3_1 like Mac OS X) AppleWebKit/605.1.15 (KHTML, like Gecko) Version/13.0.5 Mobile/15E148 Safari/604.1"
188.243.89.98 - - [04/May/2020:06:49:31 -0700] "GET /ongoing/Feed.png HTTP/1.1" 200 3848 "https://www.tbray.org/ongoing/When/202x/2020/04/29/Leaving-Amazon" "Mozilla/5.0 (Macintosh; Intel Mac OS X 10_15_1) AppleWebKit/537.36 (KHTML, like Gecko) Chrome/81.0.4044.92 Safari/537.36"
188.243.89.98 - - [04/May/2020:06:49:31 -0700] "GET /ongoing/darkwater60.jpg HTTP/1.1" 200 72594 "https://www.tbray.org/ongoing/serif.css" "Mozilla/5.0 (Macintosh; Intel Mac OS X 10_15_1) AppleWebKit/537.36 (KHTML, like Gecko) Chrome/81.0.4044.92 Safari/537.36"
99.113.173.64 - - [04/May/2020:06:49:31 -0700] "GET /ongoing/When/202x/2020/04/29/Leaving-Amazon HTTP/1.1" 200 10660 "https://t.co/oShy4TQisN?amp=1" "Mozilla/5.0 (Windows NT 10.0; Win64; x64; rv:75.0) Gecko/20100101 Firefox/75.0"
99.113.173.64 - - [04/May/2020:06:49:31 -0700] "GET /ongoing/serif.css HTTP/1.1" 200 2177 "https://www.tbray.org/ongoing/When/202x/2020/04/29/Leaving-Amazon" "Mozilla/5.0 (Windows NT 10.0; Win64; x64; rv:75.0) Gecko/20100101 Firefox/75.0"
99.113.173.64 - - [04/May/2020:06:49:32 -0700] "GET /ongoing/ongoing.js HTTP/1.1" 200 2320 "https://www.tbray.org/ongoing/When/202x/2020/04/29/Leaving-Amazon" "Mozilla/5.0 (Windows NT 10.0; Win64; x64; rv:75.0) Gecko/20100101 Firefox/75.0"
188.243.89.98 - - [04/May/2020:06:49:32 -0700] "GET /ongoing/picInfo.xml?o=https://www.tbray.org/ongoing/When/202x/2020/04/29/Leaving-Amazon HTTP/1.1" 200 621 "https://www.tbray.org/ongoing/When/202x/2020/04/29/Leaving-Amazon" "Mozilla/5.0 (Macintosh; Intel Mac OS X 10_15_1) AppleWebKit/537.36 (KHTML, like Gecko) Chrome/81.0.4044.92 Safari/537.36"
188.243.89.98 - - [04/May/2020:06:49:32 -0700] "GET /ongoing/in-feed.xml HTTP/1.1" 200 781 "https://www.tbray.org/ongoing/When/202x/2020/04/29/Leaving-Amazon" "Mozilla/5.0 (Macintosh; Intel Mac OS X 10_15_1) AppleWebKit/537.36 (KHTML, like Gecko) Chrome/81.0.4044.92 Safari/537.36"
99.113.173.64 - - [04/May/2020:06:49:32 -0700] "GET /ongoing/Feed.png HTTP/1.1" 200 3848 "https://www.tbray.org/ongoing/When/202x/2020/04/29/Leaving-Amazon" "Mozilla/5.0 (Windows NT 10.0; Win64; x64; rv:75.0) Gecko/20100101 Firefox/75.0"
99.113.173.64 - - [04/May/2020:06:49:32 -0700] "GET /ongoing/darkwater60.jpg HTTP/1.1" 200 72751 "https://www.tbray.org/ongoing/serif.css" "Mozilla/5.0 (Windows NT 10.0; Win64; x64; rv:75.0) Gecko/20100101 Firefox/75.0"
76.233.82.176 - - [04/May/2020:06:49:32 -0700] "GET /ongoing/picInfo.xml?o=https://www.tbray.org/ongoing/When/202x/2020/04/29/Leaving-Amazon HTTP/1.1" 200 621 "https://www.tbray.org/ongoing/When/202x/2020/04/29/Leaving-Amazon" "Mozilla/5.0 (iPhone; CPU iPhone OS 13_3_1 like Mac OS X) AppleWebKit/605.1.15 (KHTML, like Gecko) Version/13.0.5 Mobile/15E148 Safari/604.1"
76.233.82.176 - - [04/May/2020:06:49:32 -0700] "GET /ongoing/in-feed.xml HTTP/1.1" 200 781 "https://www.tbray.org/ongoing/When/202x/2020/04/29/Leaving-Amazon" "Mozilla/5.0 (iPhone; CPU iPhone OS 13_3_1 like Mac OS X) AppleWebKit/605.1.15 (KHTML, like Gecko) Version/13.0.5 Mobile/15E148 Safari/604.1"
188.243.89.98 - - [04/May/2020:06:49:32 -0700] "GET /favicon.ico HTTP/1.1" 200 6958 "https://www.tbray.org/ongoing/When/202x/2020/04/29/Leaving-Amazon" "Mozilla/5.0 (Macintosh; Intel Mac OS X 10_15_1) AppleWebKit/537.36 (KHTML, like Gecko) Chrome/81.0.4044.92 Safari/537.36"
99.113.173.64 - - [04/May/2020:06:49:32 -0700] "GET /ongoing/picInfo.xml?o=https://www.tbray.org/ongoing/When/202x/2020/04/29/Leaving-Amazon HTTP/1.1" 200 621 "https://www.tbray.org/ongoing/When/202x/2020/04/29/Leaving-Amazon" "Mozilla/5.0 (Windows NT 10.0; Win64; x64; rv:75.0) Gecko/20100101 Firefox/75.0"
99.113.173.64 - - [04/May/2020:06:49:32 -0700] "GET /ongoing/in-feed.xml HTTP/1.1" 200 781 "https://www.tbray.org/ongoing/When/202x/2020/04/29/Leaving-Amazon" "Mozilla/5.0 (Windows NT 10.0; Win64; x64; rv:75.0) Gecko/20100101 Firefox/75.0"
99.113.173.64 - - [04/May/2020:06:49:32 -0700] "GET /favicon.ico HTTP/1.1" 200 6958 "-" "Mozilla/5.0 (Windows NT 10.0; Win64; x64; rv:75.0) Gecko/20100101 Firefox/75.0"
45.186.6.5 - - [04/May/2020:06:49:32 -0700] "GET /ongoing/picInfo.xml?o=https://www.tbray.org/ongoing/When/202x/2020/04/29/Leaving-Amazon HTTP/1.1" 200 621 "https://www.tbray.org/ongoing/When/202x/2020/04/29/Leaving-Amazon" "Mozilla/5.0 (Linux; Android 9; Redmi S2) AppleWebKit/537.36 (KHTML, like Gecko) Chrome/80.0.3987.162 Mobile Safari/537.36"
200.229.146.221 - - [04/May/2020:06:49:32 -0700] "GET /ongoing/in-feed.xml HTTP/1.1" 200 781 "https://www.tbray.org/ongoing/When/202x/2020/04/29/Leaving-Amazon" "Mozilla/5.0 (Linux; Android 9; Redmi S2) AppleWebKit/537.36 (KHTML, like Gecko) Chrome/80.0.3987.162 Mobile Safari/537.36"
188.243.89.98 - - [04/May/2020:06:49:32 -0700] "GET /favicon.ico HTTP/1.1" 200 6958 "https://workona.com/0/c4jng9/life" "Mozilla/5.0 (Macintosh; Intel Mac OS X 10_15_1) AppleWebKit/537.36 (KHTML, like Gecko) Chrome/81.0.4044.92 Safari/537.36"
45.186.6.5 - - [04/May/2020:06:49:32 -0700] "GET /favicon.ico HTTP/1.1" 200 6958 "https://www.tbray.org/ongoing/When/202x/2020/04/29/Leaving-Amazon" "Mozilla/5.0 (Linux; Android 9; Redmi S2) AppleWebKit/537.36 (KHTML, like Gecko) Chrome/80.0.3987.162 Mobile Safari/537.36"
132.154.32.135 - - [04/May/2020:06:49:33 -0700] "-" 408 4090 "-" "-"
132.154.32.135 - - [04/May/2020:06:49:33 -0700] "-" 408 4090 "-" "-"
172.103.184.74 - - [04/May/2020:06:49:34 -0700] "GET /ongoing/When/202x/2020/04/29/Leaving-Amazon HTTP/1.1" 200 10660 "https://t.co/wJMrAPtoMq?amp=1" "Mozilla/5.0 (Linux; Android 9; SM-A505W) AppleWebKit/537.36 (KHTML, like Gecko) Chrome/81.0.4044.117 Mobile Safari/537.36"
172.103.184.74 - - [04/May/2020:06:49:34 -0700] "GET /ongoing/serif.css HTTP/1.1" 200 2177 "https://www.tbray.org/ongoing/When/202x/2020/04/29/Leaving-Amazon" "Mozilla/5.0 (Linux; Android 9; SM-A505W) AppleWebKit/537.36 (KHTML, like Gecko) Chrome/81.0.4044.117 Mobile Safari/537.36"
172.103.184.74 - - [04/May/2020:06:49:34 -0700] "GET /ongoing/ongoing.js HTTP/1.1" 200 6411 "https://www.tbray.org/ongoing/When/202x/2020/04/29/Leaving-Amazon" "Mozilla/5.0 (Linux; Android 9; SM-A505W) AppleWebKit/537.36 (KHTML, like Gecko) Chrome/81.0.4044.117 Mobile Safari/537.36"
172.103.184.74 - - [04/May/2020:06:49:34 -0700] "GET /ongoing/Feed.png HTTP/1.1" 200 3848 "https://www.tbray.org/ongoing/When/202x/2020/04/29/Leaving-Amazon" "Mozilla/5.0 (Linux; Android 9; SM-A505W) AppleWebKit/537.36 (KHTML, like Gecko) Chrome/81.0.4044.117 Mobile Safari/537.36"
70.68.171.44 - - [04/May/2020:06:49:34 -0700] "GET /ongoing/When/202x/2020/04/29/Leaving-Amazon HTTP/1.1" 200 10465 "https://t.co/QTgYpueRxA?amp=1" "Mozilla/5.0 (iPhone; CPU iPhone OS 13_3 like Mac OS X) AppleWebKit/605.1.15 (KHTML, like Gecko) CriOS/81.0.4044.124 Mobile/15E148 Safari/604.1"
70.68.171.44 - - [04/May/2020:06:49:34 -0700] "GET /ongoing/serif.css HTTP/1.1" 200 2177 "https://www.tbray.org/ongoing/When/202x/2020/04/29/Leaving-Amazon" "Mozilla/5.0 (iPhone; CPU iPhone OS 13_3 like Mac OS X) AppleWebKit/605.1.15 (KHTML, like Gecko) CriOS/81.0.4044.124 Mobile/15E148 Safari/604.1"
70.68.171.44 - - [04/May/2020:06:49:34 -0700] "GET /ongoing/Feed.png HTTP/1.1" 200 4005 "https://www.tbray.org/ongoing/When/202x/2020/04/29/Leaving-Amazon" "Mozilla/5.0 (iPhone; CPU iPhone OS 13_3 like Mac OS X) AppleWebKit/605.1.15 (KHTML, like Gecko) CriOS/81.0.4044.124 Mobile/15E148 Safari/604.1"
72.142.103.182 - - [04/May/2020:06:49:34 -0700] "-" 408 156 "-" "-"
172.103.184.74 - - [04/May/2020:06:49:34 -0700] "GET /ongoing/darkwater60.jpg HTTP/1.1" 200 72594 "https://www.tbray.org/ongoing/serif.css" "Mozilla/5.0 (Linux; Android 9; SM-A505W) AppleWebKit/537.36 (KHTML, like Gecko) Chrome/81.0.4044.117 Mobile Safari/537.36"
70.68.171.44 - - [04/May/2020:06:49:34 -0700] "GET /ongoing/ongoing.js HTTP/1.1" 200 6216 "https://www.tbray.org/ongoing/When/202x/2020/04/29/Leaving-Amazon" "Mozilla/5.0 (iPhone; CPU iPhone OS 13_3 like Mac OS X) AppleWebKit/605.1.15 (KHTML, like Gecko) CriOS/81.0.4044.124 Mobile/15E148 Safari/604.1"
172.103.184.74 - - [04/May/2020:06:49:34 -0700] "GET /ongoing/picInfo.xml?o=https://www.tbray.org/ongoing/When/202x/2020/04/29/Leaving-Amazon HTTP/1.1" 200 621 "https://www.tbray.org/ongoing/When/202x/2020/04/29/Leaving-Amazon" "Mozilla/5.0 (Linux; Android 9; SM-A505W) AppleWebKit/537.36 (KHTML, like Gecko) Chrome/81.0.4044.117 Mobile Safari/537.36"
172.103.184.74 - - [04/May/2020:06:49:34 -0700] "GET /ongoing/in-feed.xml HTTP/1.1" 200 781 "https://www.tbray.org/ongoing/When/202x/2020/04/29/Leaving-Amazon" "Mozilla/5.0 (Linux; Android 9; SM-A505W) AppleWebKit/537.36 (KHTML, like Gecko) Chrome/81.0.4044.117 Mobile Safari/537.36"
172.103.184.74 - - [04/May/2020:06:49:35 -0700] "GET /favicon.ico HTTP/1.1" 200 6958 "https://www.tbray.org/ongoing/When/202x/2020/04/29/Leaving-Amazon" "Mozilla/5.0 (Linux; Android 9; SM-A505W) AppleWebKit/537.36 (KHTML, like Gecko) Chrome/81.0.4044.117 Mobile Safari/537.36"
72.142.103.182 - - [04/May/2020:06:49:35 -0700] "-" 408 156 "-" "-"
70.68.171.44 - - [04/May/2020:06:49:35 -0700] "GET /ongoing/darkwater60.jpg HTTP/1.1" 200 72594 "https://www.tbray.org/ongoing/When/202x/2020/04/29/Leaving-Amazon" "Mozilla/5.0 (iPhone; CPU iPhone OS 13_3 like Mac OS X) AppleWebKit/605.1.15 (KHTML, like Gecko) CriOS/81.0.4044.124 Mobile/15E148 Safari/604.1"
70.68.171.44 - - [04/May/2020:06:49:35 -0700] "GET /ongoing/picInfo.xml?o=https://www.tbray.org/ongoing/When/202x/2020/04/29/Leaving-Amazon HTTP/1.1" 200 621 "https://www.tbray.org/ongoing/When/202x/2020/04/29/Leaving-Amazon" "Mozilla/5.0 (iPhone; CPU iPhone OS 13_3 like Mac OS X) AppleWebKit/605.1.15 (KHTML, like Gecko) CriOS/81.0.4044.124 Mobile/15E148 Safari/604.1"
70.68.171.44 - - [04/May/2020:06:49:35 -0700] "GET /ongoing/in-feed.xml HTTP/1.1" 200 781 "https://www.tbray.org/ongoing/When/202x/2020/04/29/Leaving-Amazon" "Mozilla/5.0 (iPhone; CPU iPhone OS 13_3 like Mac OS X) AppleWebKit/605.1.15 (KHTML, like Gecko) CriOS/81.0.4044.124 Mobile/15E148 Safari/604.1"
107.178.232.171 - - [04/May/2020:06:49:36 -0700] "GET /favicon.ico HTTP/1.1" 200 6864 "-" "PostmanRuntime/7.19.0"
103.131.245.130 - - [04/May/2020:06:49:36 -0700] "GET /ongoing/When/202x/2020/04/29/Leaving-Amazon HTTP/1.1" 200 10660 "-" "Mozilla/5.0 (Linux; Android 9; Unspecified Device) AppleWebKit/537.36 (KHTML, like Gecko) Chrome/75.0.3764.0 Mobile Safari/537.36"
103.131.245.130 - - [04/May/2020:06:49:38 -0700] "GET /ongoing/serif.css HTTP/1.1" 200 2177 "https://www.tbray.org/ongoing/When/202x/2020/04/29/Leaving-Amazon" "Mozilla/5.0 (Linux; Android 9; Unspecified Device) AppleWebKit/537.36 (KHTML, like Gecko) Chrome/75.0.3764.0 Mobile Safari/537.36"
103.131.245.130 - - [04/May/2020:06:49:38 -0700] "GET /ongoing/ongoing.js HTTP/1.1" 200 6411 "https://www.tbray.org/ongoing/When/202x/2020/04/29/Leaving-Amazon" "Mozilla/5.0 (Linux; Android 9; Unspecified Device) AppleWebKit/537.36 (KHTML, like Gecko) Chrome/75.0.3764.0 Mobile Safari/537.36"
136.24.92.30 - - [04/May/2020:06:49:39 -0700] "GET /ongoing/When/202x/2020/04/29/Leaving-Amazon HTTP/1.1" 200 10465 "https://t.co/O5Ola7wXk8?amp=1" "Mozilla/5.0 (iPhone; CPU iPhone OS 13_3_1 like Mac OS X) AppleWebKit/605.1.15 (KHTML, like Gecko) Version/13.0.5 Mobile/15E148 Safari/604.1"
136.24.92.30 - - [04/May/2020:06:49:39 -0700] "GET /ongoing/serif.css HTTP/1.1" 200 2177 "https://www.tbray.org/ongoing/When/202x/2020/04/29/Leaving-Amazon" "Mozilla/5.0 (iPhone; CPU iPhone OS 13_3_1 like Mac OS X) AppleWebKit/605.1.15 (KHTML, like Gecko) Version/13.0.5 Mobile/15E148 Safari/604.1"
103.131.245.130 - - [04/May/2020:06:49:39 -0700] "GET /ongoing/Feed.png HTTP/1.1" 200 3848 "https://www.tbray.org/ongoing/When/202x/2020/04/29/Leaving-Amazon" "Mozilla/5.0 (Linux; Android 9; Unspecified Device) AppleWebKit/537.36 (KHTML, like Gecko) Chrome/75.0.3764.0 Mobile Safari/537.36"
136.24.92.30 - - [04/May/2020:06:49:39 -0700] "GET /ongoing/ongoing.js HTTP/1.1" 200 2477 "https://www.tbray.org/ongoing/When/202x/2020/04/29/Leaving-Amazon" "Mozilla/5.0 (iPhone; CPU iPhone OS 13_3_1 like Mac OS X) AppleWebKit/605.1.15 (KHTML, like Gecko) Version/13.0.5 Mobile/15E148 Safari/604.1"
136.24.92.30 - - [04/May/2020:06:49:39 -0700] "GET /ongoing/Feed.png HTTP/1.1" 200 7744 "https://www.tbray.org/ongoing/When/202x/2020/04/29/Leaving-Amazon" "Mozilla/5.0 (iPhone; CPU iPhone OS 13_3_1 like Mac OS X) AppleWebKit/605.1.15 (KHTML, like Gecko) Version/13.0.5 Mobile/15E148 Safari/604.1"
136.24.92.30 - - [04/May/2020:06:49:40 -0700] "GET /ongoing/darkwater60.jpg HTTP/1.1" 200 72594 "https://www.tbray.org/ongoing/When/202x/2020/04/29/Leaving-Amazon" "Mozilla/5.0 (iPhone; CPU iPhone OS 13_3_1 like Mac OS X) AppleWebKit/605.1.15 (KHTML, like Gecko) Version/13.0.5 Mobile/15E148 Safari/604.1"
38.101.20.2 - - [04/May/2020:06:49:40 -0700] "GET /ongoing/When/202x/2020/04/29/Leaving-Amazon HTTP/1.1" 200 9921 "https://news.ycombinator.com/" "Mozilla/5.0 (Windows NT 6.3; WOW64) AppleWebKit/537.36 (KHTML, like Gecko) Chrome/81.0.4044.129 Safari/537.36"
136.24.92.30 - - [04/May/2020:06:49:40 -0700] "GET /ongoing/in-feed.xml HTTP/1.1" 200 781 "https://www.tbray.org/ongoing/When/202x/2020/04/29/Leaving-Amazon" "Mozilla/5.0 (iPhone; CPU iPhone OS 13_3_1 like Mac OS X) AppleWebKit/605.1.15 (KHTML, like Gecko) Version/13.0.5 Mobile/15E148 Safari/604.1"
136.24.92.30 - - [04/May/2020:06:49:40 -0700] "GET /ongoing/picInfo.xml?o=https://www.tbray.org/ongoing/When/202x/2020/04/29/Leaving-Amazon HTTP/1.1" 200 621 "https://www.tbray.org/ongoing/When/202x/2020/04/29/Leaving-Amazon" "Mozilla/5.0 (iPhone; CPU iPhone OS 13_3_1 like Mac OS X) AppleWebKit/605.1.15 (KHTML, like Gecko) Version/13.0.5 Mobile/15E148 Safari/604.1"
38.101.20.2 - - [04/May/2020:06:49:40 -0700] "GET /ongoing/serif.css HTTP/1.1" 200 2177 "https://www.tbray.org/ongoing/When/202x/2020/04/29/Leaving-Amazon" "Mozilla/5.0 (Windows NT 6.3; WOW64) AppleWebKit/537.36 (KHTML, like Gecko) Chrome/81.0.4044.129 Safari/537.36"
38.101.20.2 - - [04/May/2020:06:49:40 -0700] "GET /ongoing/ongoing.js HTTP/1.1" 200 2320 "https://www.tbray.org/ongoing/When/202x/2020/04/29/Leaving-Amazon" "Mozilla/5.0 (Windows NT 6.3; WOW64) AppleWebKit/537.36 (KHTML, like Gecko) Chrome/81.0.4044.129 Safari/537.36"
38.101.20.2 - - [04/May/2020:06:49:40 -0700] "GET /ongoing/Feed.png HTTP/1.1" 200 3848 "https://www.tbray.org/ongoing/When/202x/2020/04/29/Leaving-Amazon" "Mozilla/5.0 (Windows NT 6.3; WOW64) AppleWebKit/537.36 (KHTML, like Gecko) Chrome/81.0.4044.129 Safari/537.36"
76.190.79.147 - - [04/May/2020:06:49:41 -0700] "-" 408 4090 "-" "-"
185.219.110.147 - - [04/May/2020:06:49:41 -0700] "GET /ongoing/When/202x/2020/04/29/Leaving-Amazon HTTP/1.1" 200 10465 "https://t.co/wJMrAPtoMq?amp=1" "Mozilla/5.0 (Macintosh; Intel Mac OS X 10_15_4) AppleWebKit/605.1.15 (KHTML, like Gecko) Version/13.1 Safari/605.1.15"
103.131.245.130 - - [04/May/2020:06:49:41 -0700] "GET /ongoing/darkwater60.jpg HTTP/1.1" 200 72594 "https://www.tbray.org/ongoing/serif.css" "Mozilla/5.0 (Linux; Android 9; Unspecified Device) AppleWebKit/537.36 (KHTML, like Gecko) Chrome/75.0.3764.0 Mobile Safari/537.36"
185.219.110.147 - - [04/May/2020:06:49:41 -0700] "GET /ongoing/serif.css HTTP/1.1" 200 2177 "https://www.tbray.org/ongoing/When/202x/2020/04/29/Leaving-Amazon" "Mozilla/5.0 (Macintosh; Intel Mac OS X 10_15_4) AppleWebKit/605.1.15 (KHTML, like Gecko) Version/13.1 Safari/605.1.15"
185.219.110.147 - - [04/May/2020:06:49:41 -0700] "GET /ongoing/ongoing.js HTTP/1.1" 200 2477 "https://www.tbray.org/ongoing/When/202x/2020/04/29/Leaving-Amazon" "Mozilla/5.0 (Macintosh; Intel Mac OS X 10_15_4) AppleWebKit/605.1.15 (KHTML, like Gecko) Version/13.1 Safari/605.1.15"
185.219.110.147 - - [04/May/2020:06:49:42 -0700] "GET /ongoing/Feed.png HTTP/1.1" 200 7744 "https://www.tbray.org/ongoing/When/202x/2020/04/29/Leaving-Amazon" "Mozilla/5.0 (Macintosh; Intel Mac OS X 10_15_4) AppleWebKit/605.1.15 (KHTML, like Gecko) Version/13.1 Safari/605.1.15"
185.219.110.147 - - [04/May/2020:06:49:42 -0700] "GET /ongoing/darkwater60.jpg HTTP/1.1" 200 72594 "https://www.tbray.org/ongoing/When/202x/2020/04/29/Leaving-Amazon" "Mozilla/5.0 (Macintosh; Intel Mac OS X 10_15_4) AppleWebKit/605.1.15 (KHTML, like Gecko) Version/13.1 Safari/605.1.15"
103.131.245.130 - - [04/May/2020:06:49:42 -0700] "GET /ongoing/picInfo.xml?o=https://www.tbray.org/ongoing/When/202x/2020/04/29/Leaving-Amazon HTTP/1.1" 200 621 "https://www.tbray.org/ongoing/When/202x/2020/04/29/Leaving-Amazon" "Mozilla/5.0 (Linux; Android 9; Unspecified Device) AppleWebKit/537.36 (KHTML, like Gecko) Chrome/75.0.3764.0 Mobile Safari/537.36"
103.131.245.130 - - [04/May/2020:06:49:42 -0700] "GET /ongoing/in-feed.xml HTTP/1.1" 200 781 "https://www.tbray.org/ongoing/When/202x/2020/04/29/Leaving-Amazon" "Mozilla/5.0 (Linux; Android 9; Unspecified Device) AppleWebKit/537.36 (KHTML, like Gecko) Chrome/75.0.3764.0 Mobile Safari/537.36"
185.219.110.147 - - [04/May/2020:06:49:42 -0700] "GET /ongoing/picInfo.xml?o=https://www.tbray.org/ongoing/When/202x/2020/04/29/Leaving-Amazon HTTP/1.1" 200 621 "https://www.tbray.org/ongoing/When/202x/2020/04/29/Leaving-Amazon" "Mozilla/5.0 (Macintosh; Intel Mac OS X 10_15_4) AppleWebKit/605.1.15 (KHTML, like Gecko) Version/13.1 Safari/605.1.15"
185.219.110.147 - - [04/May/2020:06:49:42 -0700] "GET /ongoing/in-feed.xml HTTP/1.1" 200 781 "https://www.tbray.org/ongoing/When/202x/2020/04/29/Leaving-Amazon" "Mozilla/5.0 (Macintosh; Intel Mac OS X 10_15_4) AppleWebKit/605.1.15 (KHTML, like Gecko) Version/13.1 Safari/605.1.15"
103.131.245.130 - - [04/May/2020:06:49:43 -0700] "GET /favicon.ico HTTP/1.1" 200 6958 "https://www.tbray.org/ongoing/When/202x/2020/04/29/Leaving-Amazon" "Mozilla/5.0 (Linux; Android 9; Unspecified Device) AppleWebKit/537.36 (KHTML, like Gecko) Chrome/75.0.3764.0 Mobile Safari/537.36"
47.9.163.40 - - [04/May/2020:06:49:43 -0700] "-" 408 4090 "-" "-"
91.64.86.9 - - [04/May/2020:06:49:45 -0700] "GET /ongoing/When/202x/2020/04/29/Leaving-Amazon HTTP/1.1" 200 10465 "https://t.co/wJMrAPtoMq?amp=1" "Mozilla/5.0 (iPhone; CPU iPhone OS 13_3_1 like Mac OS X) AppleWebKit/605.1.15 (KHTML, like Gecko) Version/13.0.5 Mobile/15E148 Safari/604.1"
91.64.86.9 - - [04/May/2020:06:49:45 -0700] "GET /ongoing/serif.css HTTP/1.1" 200 2177 "https://www.tbray.org/ongoing/When/202x/2020/04/29/Leaving-Amazon" "Mozilla/5.0 (iPhone; CPU iPhone OS 13_3_1 like Mac OS X) AppleWebKit/605.1.15 (KHTML, like Gecko) Version/13.0.5 Mobile/15E148 Safari/604.1"
91.64.86.9 - - [04/May/2020:06:49:45 -0700] "GET /ongoing/ongoing.js HTTP/1.1" 200 2477 "https://www.tbray.org/ongoing/When/202x/2020/04/29/Leaving-Amazon" "Mozilla/5.0 (iPhone; CPU iPhone OS 13_3_1 like Mac OS X) AppleWebKit/605.1.15 (KHTML, like Gecko) Version/13.0.5 Mobile/15E148 Safari/604.1"
91.64.86.9 - - [04/May/2020:06:49:45 -0700] "GET /ongoing/Feed.png HTTP/1.1" 200 7744 "https://www.tbray.org/ongoing/When/202x/2020/04/29/Leaving-Amazon" "Mozilla/5.0 (iPhone; CPU iPhone OS 13_3_1 like Mac OS X) AppleWebKit/605.1.15 (KHTML, like Gecko) Version/13.0.5 Mobile/15E148 Safari/604.1"
91.64.86.9 - - [04/May/2020:06:49:45 -0700] "GET /ongoing/darkwater60.jpg HTTP/1.1" 200 72594 "https://www.tbray.org/ongoing/When/202x/2020/04/29/Leaving-Amazon" "Mozilla/5.0 (iPhone; CPU iPhone OS 13_3_1 like Mac OS X) AppleWebKit/605.1.15 (KHTML, like Gecko) Version/13.0.5 Mobile/15E148 Safari/604.1"
91.64.86.9 - - [04/May/2020:06:49:46 -0700] "GET /ongoing/picInfo.xml?o=https://www.tbray.org/ongoing/When/202x/2020/04/29/Leaving-Amazon HTTP/1.1" 200 621 "https://www.tbray.org/ongoing/When/202x/2020/04/29/Leaving-Amazon" "Mozilla/5.0 (iPhone; CPU iPhone OS 13_3_1 like Mac OS X) AppleWebKit/605.1.15 (KHTML, like Gecko) Version/13.0.5 Mobile/15E148 Safari/604.1"
91.64.86.9 - - [04/May/2020:06:49:46 -0700] "GET /ongoing/in-feed.xml HTTP/1.1" 200 781 "https://www.tbray.org/ongoing/When/202x/2020/04/29/Leaving-Amazon" "Mozilla/5.0 (iPhone; CPU iPhone OS 13_3_1 like Mac OS X) AppleWebKit/605.1.15 (KHTML, like Gecko) Version/13.0.5 Mobile/15E148 Safari/604.1"
122.169.54.96 - - [04/May/2020:06:49:48 -0700] "GET /ongoing/ HTTP/1.1" 200 5765 "https://www.tbray.org/ongoing/When/202x/2020/04/29/Leaving-Amazon" "Mozilla/5.0 (Macintosh; Intel Mac OS X 10.14; rv:76.0) Gecko/20100101 Firefox/76.0"
122.169.54.96 - - [04/May/2020:06:49:49 -0700] "GET /ongoing/serif.css HTTP/1.1" 200 2334 "https://www.tbray.org/ongoing/" "Mozilla/5.0 (Macintosh; Intel Mac OS X 10.14; rv:76.0) Gecko/20100101 Firefox/76.0"
122.169.54.96 - - [04/May/2020:06:49:49 -0700] "GET /ongoing/potd.png HTTP/1.1" 200 124876 "https://www.tbray.org/ongoing/" "Mozilla/5.0 (Macintosh; Intel Mac OS X 10.14; rv:76.0) Gecko/20100101 Firefox/76.0"
90.195.16.242 - - [04/May/2020:06:49:49 -0700] "GET /ongoing/When/202x/2020/04/29/Leaving-Amazon HTTP/1.1" 200 10465 "https://t.co/oShy4TQisN?amp=1" "Mozilla/5.0 (iPhone; CPU iPhone OS 13_3_1 like Mac OS X) AppleWebKit/605.1.15 (KHTML, like Gecko) Version/13.0.5 Mobile/15E148 Safari/604.1"
46.239.109.93 - - [04/May/2020:06:49:49 -0700] "GET /ongoing/When/202x/2020/04/29/Leaving-Amazon HTTP/1.1" 200 10660 "https://hckrnews.com/" "Mozilla/5.0 (Linux; Android 9; SM-G950F) AppleWebKit/537.36 (KHTML, like Gecko) Chrome/81.0.4044.117 Mobile Safari/537.36"
90.195.16.242 - - [04/May/2020:06:49:50 -0700] "GET /ongoing/serif.css HTTP/1.1" 200 2177 "https://www.tbray.org/ongoing/When/202x/2020/04/29/Leaving-Amazon" "Mozilla/5.0 (iPhone; CPU iPhone OS 13_3_1 like Mac OS X) AppleWebKit/605.1.15 (KHTML, like Gecko) Version/13.0.5 Mobile/15E148 Safari/604.1"
46.239.109.93 - - [04/May/2020:06:49:50 -0700] "GET /ongoing/serif.css HTTP/1.1" 200 2177 "https://www.tbray.org/ongoing/When/202x/2020/04/29/Leaving-Amazon" "Mozilla/5.0 (Linux; Android 9; SM-G950F) AppleWebKit/537.36 (KHTML, like Gecko) Chrome/81.0.4044.117 Mobile Safari/537.36"
46.239.109.93 - - [04/May/2020:06:49:50 -0700] "GET /ongoing/ongoing.js HTTP/1.1" 200 6411 "https://www.tbray.org/ongoing/When/202x/2020/04/29/Leaving-Amazon" "Mozilla/5.0 (Linux; Android 9; SM-G950F) AppleWebKit/537.36 (KHTML, like Gecko) Chrome/81.0.4044.117 Mobile Safari/537.36"
90.195.16.242 - - [04/May/2020:06:49:50 -0700] "GET /ongoing/ongoing.js HTTP/1.1" 200 2477 "https://www.tbray.org/ongoing/When/202x/2020/04/29/Leaving-Amazon" "Mozilla/5.0 (iPhone; CPU iPhone OS 13_3_1 like Mac OS X) AppleWebKit/605.1.15 (KHTML, like Gecko) Version/13.0.5 Mobile/15E148 Safari/604.1"
46.239.109.93 - - [04/May/2020:06:49:50 -0700] "GET /ongoing/Feed.png HTTP/1.1" 200 3848 "https://www.tbray.org/ongoing/When/202x/2020/04/29/Leaving-Amazon" "Mozilla/5.0 (Linux; Android 9; SM-G950F) AppleWebKit/537.36 (KHTML, like Gecko) Chrome/81.0.4044.117 Mobile Safari/537.36"
122.169.54.96 - - [04/May/2020:06:49:50 -0700] "GET /ongoing/ongoing.js HTTP/1.1" 200 2477 "https://www.tbray.org/ongoing/" "Mozilla/5.0 (Macintosh; Intel Mac OS X 10.14; rv:76.0) Gecko/20100101 Firefox/76.0"
46.239.109.93 - - [04/May/2020:06:49:50 -0700] "GET /ongoing/darkwater60.jpg HTTP/1.1" 200 72594 "https://www.tbray.org/ongoing/serif.css" "Mozilla/5.0 (Linux; Android 9; SM-G950F) AppleWebKit/537.36 (KHTML, like Gecko) Chrome/81.0.4044.117 Mobile Safari/537.36"
90.195.16.242 - - [04/May/2020:06:49:50 -0700] "GET /ongoing/Feed.png HTTP/1.1" 200 7744 "https://www.tbray.org/ongoing/When/202x/2020/04/29/Leaving-Amazon" "Mozilla/5.0 (iPhone; CPU iPhone OS 13_3_1 like Mac OS X) AppleWebKit/605.1.15 (KHTML, like Gecko) Version/13.0.5 Mobile/15E148 Safari/604.1"
90.195.16.242 - - [04/May/2020:06:49:50 -0700] "GET /ongoing/darkwater60.jpg HTTP/1.1" 200 72594 "https://www.tbray.org/ongoing/When/202x/2020/04/29/Leaving-Amazon" "Mozilla/5.0 (iPhone; CPU iPhone OS 13_3_1 like Mac OS X) AppleWebKit/605.1.15 (KHTML, like Gecko) Version/13.0.5 Mobile/15E148 Safari/604.1"
71.227.232.164 - - [04/May/2020:06:49:50 -0700] "GET /ongoing/When/201x/2019/08/06/Jeanneau-795 HTTP/1.1" 200 11030 "-" "Mozilla/5.0 (Macintosh; Intel Mac OS X 10_15_4) AppleWebKit/605.1.15 (KHTML, like Gecko) Version/13.1.1 Safari/605.1.15"
90.195.16.242 - - [04/May/2020:06:49:51 -0700] "GET /ongoing/picInfo.xml?o=https://www.tbray.org/ongoing/When/202x/2020/04/29/Leaving-Amazon HTTP/1.1" 200 621 "https://www.tbray.org/ongoing/When/202x/2020/04/29/Leaving-Amazon" "Mozilla/5.0 (iPhone; CPU iPhone OS 13_3_1 like Mac OS X) AppleWebKit/605.1.15 (KHTML, like Gecko) Version/13.0.5 Mobile/15E148 Safari/604.1"
90.195.16.242 - - [04/May/2020:06:49:51 -0700] "GET /ongoing/in-feed.xml HTTP/1.1" 200 781 "https://www.tbray.org/ongoing/When/202x/2020/04/29/Leaving-Amazon" "Mozilla/5.0 (iPhone; CPU iPhone OS 13_3_1 like Mac OS X) AppleWebKit/605.1.15 (KHTML, like Gecko) Version/13.0.5 Mobile/15E148 Safari/604.1"
46.239.109.93 - - [04/May/2020:06:49:51 -0700] "GET /ongoing/picInfo.xml?o=https://www.tbray.org/ongoing/When/202x/2020/04/29/Leaving-Amazon HTTP/1.1" 200 621 "https://www.tbray.org/ongoing/When/202x/2020/04/29/Leaving-Amazon" "Mozilla/5.0 (Linux; Android 9; SM-G950F) AppleWebKit/537.36 (KHTML, like Gecko) Chrome/81.0.4044.117 Mobile Safari/537.36"
46.239.109.93 - - [04/May/2020:06:49:51 -0700] "GET /ongoing/in-feed.xml HTTP/1.1" 200 781 "https://www.tbray.org/ongoing/When/202x/2020/04/29/Leaving-Amazon" "Mozilla/5.0 (Linux; Android 9; SM-G950F) AppleWebKit/537.36 (KHTML, like Gecko) Chrome/81.0.4044.117 Mobile Safari/537.36"
46.239.109.93 - - [04/May/2020:06:49:51 -0700] "GET /favicon.ico HTTP/1.1" 200 11049 "https://www.tbray.org/ongoing/When/202x/2020/04/29/Leaving-Amazon" "Mozilla/5.0 (Linux; Android 9; SM-G950F) AppleWebKit/537.36 (KHTML, like Gecko) Chrome/81.0.4044.117 Mobile Safari/537.36"
71.227.232.164 - - [04/May/2020:06:49:51 -0700] "GET /ongoing/serif.css HTTP/1.1" 200 2177 "https://www.tbray.org/ongoing/When/201x/2019/08/06/Jeanneau-795" "Mozilla/5.0 (Macintosh; Intel Mac OS X 10_15_4) AppleWebKit/605.1.15 (KHTML, like Gecko) Version/13.1.1 Safari/605.1.15"
71.227.232.164 - - [04/May/2020:06:49:51 -0700] "GET /ongoing/When/201x/2019/08/06/IMG_20190811_154813.png HTTP/1.1" 200 117814 "https://www.tbray.org/ongoing/When/201x/2019/08/06/Jeanneau-795" "Mozilla/5.0 (Macintosh; Intel Mac OS X 10_15_4) AppleWebKit/605.1.15 (KHTML, like Gecko) Version/13.1.1 Safari/605.1.15"
71.227.232.164 - - [04/May/2020:06:49:51 -0700] "GET /ongoing/ongoing.js HTTP/1.1" 200 6216 "https://www.tbray.org/ongoing/When/201x/2019/08/06/Jeanneau-795" "Mozilla/5.0 (Macintosh; Intel Mac OS X 10_15_4) AppleWebKit/605.1.15 (KHTML, like Gecko) Version/13.1.1 Safari/605.1.15"
71.227.232.164 - - [04/May/2020:06:49:51 -0700] "GET /ongoing/When/201x/2019/08/06/IMG_20190731_221148.png HTTP/1.1" 200 123878 "https://www.tbray.org/ongoing/When/201x/2019/08/06/Jeanneau-795" "Mozilla/5.0 (Macintosh; Intel Mac OS X 10_15_4) AppleWebKit/605.1.15 (KHTML, like Gecko) Version/13.1.1 Safari/605.1.15"
71.227.232.164 - - [04/May/2020:06:49:51 -0700] "GET /ongoing/When/201x/2019/08/06/IMG_20190722_131917.png HTTP/1.1" 200 179749 "https://www.tbray.org/ongoing/When/201x/2019/08/06/Jeanneau-795" "Mozilla/5.0 (Macintosh; Intel Mac OS X 10_15_4) AppleWebKit/605.1.15 (KHTML, like Gecko) Version/13.1.1 Safari/605.1.15"
71.227.232.164 - - [04/May/2020:06:49:51 -0700] "GET /ongoing/When/201x/2019/08/06/XT300842.png HTTP/1.1" 200 198785 "https://www.tbray.org/ongoing/When/201x/2019/08/06/Jeanneau-795" "Mozilla/5.0 (Macintosh; Intel Mac OS X 10_15_4) AppleWebKit/605.1.15 (KHTML, like Gecko) Version/13.1.1 Safari/605.1.15"
71.227.232.164 - - [04/May/2020:06:49:51 -0700] "GET /ongoing/When/201x/2019/08/06/XT301274.png HTTP/1.1" 200 171557 "https://www.tbray.org/ongoing/When/201x/2019/08/06/Jeanneau-795" "Mozilla/5.0 (Macintosh; Intel Mac OS X 10_15_4) AppleWebKit/605.1.15 (KHTML, like Gecko) Version/13.1.1 Safari/605.1.15"
71.227.232.164 - - [04/May/2020:06:49:51 -0700] "GET /ongoing/picInfo.xml?o=https://www.tbray.org/ongoing/When/201x/2019/08/06/Jeanneau-795 HTTP/1.1" 200 621 "https://www.tbray.org/ongoing/When/201x/2019/08/06/Jeanneau-795" "Mozilla/5.0 (Macintosh; Intel Mac OS X 10_15_4) AppleWebKit/605.1.15 (KHTML, like Gecko) Version/13.1.1 Safari/605.1.15"
96.48.229.116 - - [04/May/2020:06:49:52 -0700] "GET /ongoing/When/202x/2020/04/29/Leaving-Amazon HTTP/1.1" 200 10660 "https://old.tbray.org/ongoing/" "Mozilla/5.0 (X11; Linux x86_64) AppleWebKit/537.36 (KHTML, like Gecko) Chrome/81.0.4044.113 Safari/537.36"
96.48.229.116 - - [04/May/2020:06:49:52 -0700] "GET /ongoing/serif.css HTTP/1.1" 200 2177 "https://old.tbray.org/ongoing/When/202x/2020/04/29/Leaving-Amazon" "Mozilla/5.0 (X11; Linux x86_64) AppleWebKit/537.36 (KHTML, like Gecko) Chrome/81.0.4044.113 Safari/537.36"
96.48.229.116 - - [04/May/2020:06:49:52 -0700] "GET /ongoing/ongoing.js HTTP/1.1" 200 2320 "https://old.tbray.org/ongoing/When/202x/2020/04/29/Leaving-Amazon" "Mozilla/5.0 (X11; Linux x86_64) AppleWebKit/537.36 (KHTML, like Gecko) Chrome/81.0.4044.113 Safari/537.36"
96.48.229.116 - - [04/May/2020:06:49:52 -0700] "GET /ongoing/darkwater60.jpg HTTP/1.1" 200 72594 "https://old.tbray.org/ongoing/serif.css" "Mozilla/5.0 (X11; Linux x86_64) AppleWebKit/537.36 (KHTML, like Gecko) Chrome/81.0.4044.113 Safari/537.36"
